Archive member included to satisfy reference by file (symbol)

c:/Users/kroko/AppData/Roaming/Code/User/globalStorage/bmd.stm32-for-vscode/@xpack-dev-tools/arm-none-eabi-gcc/13.3.1-1.1.1/.content/bin/../lib/gcc/arm-none-eabi/13.3.1/../../../../arm-none-eabi/lib/thumb/v7-m/nofp\libc_nano.a(libc_a-atexit.o)
                              c:/Users/kroko/AppData/Roaming/Code/User/globalStorage/bmd.stm32-for-vscode/@xpack-dev-tools/arm-none-eabi-gcc/13.3.1-1.1.1/.content/bin/../lib/gcc/arm-none-eabi/13.3.1/../../../../arm-none-eabi/lib/thumb/v7-m/nofp/crt0.o (atexit)
c:/Users/kroko/AppData/Roaming/Code/User/globalStorage/bmd.stm32-for-vscode/@xpack-dev-tools/arm-none-eabi-gcc/13.3.1-1.1.1/.content/bin/../lib/gcc/arm-none-eabi/13.3.1/../../../../arm-none-eabi/lib/thumb/v7-m/nofp\libc_nano.a(libc_a-exit.o)
                              c:/Users/kroko/AppData/Roaming/Code/User/globalStorage/bmd.stm32-for-vscode/@xpack-dev-tools/arm-none-eabi-gcc/13.3.1-1.1.1/.content/bin/../lib/gcc/arm-none-eabi/13.3.1/../../../../arm-none-eabi/lib/thumb/v7-m/nofp/crt0.o (exit)
c:/Users/kroko/AppData/Roaming/Code/User/globalStorage/bmd.stm32-for-vscode/@xpack-dev-tools/arm-none-eabi-gcc/13.3.1-1.1.1/.content/bin/../lib/gcc/arm-none-eabi/13.3.1/../../../../arm-none-eabi/lib/thumb/v7-m/nofp\libc_nano.a(libc_a-findfp.o)
                              c:/Users/kroko/AppData/Roaming/Code/User/globalStorage/bmd.stm32-for-vscode/@xpack-dev-tools/arm-none-eabi-gcc/13.3.1-1.1.1/.content/bin/../lib/gcc/arm-none-eabi/13.3.1/../../../../arm-none-eabi/lib/thumb/v7-m/nofp\libc_nano.a(libc_a-exit.o) (__stdio_exit_handler)
c:/Users/kroko/AppData/Roaming/Code/User/globalStorage/bmd.stm32-for-vscode/@xpack-dev-tools/arm-none-eabi-gcc/13.3.1-1.1.1/.content/bin/../lib/gcc/arm-none-eabi/13.3.1/../../../../arm-none-eabi/lib/thumb/v7-m/nofp\libc_nano.a(libc_a-fwalk.o)
                              c:/Users/kroko/AppData/Roaming/Code/User/globalStorage/bmd.stm32-for-vscode/@xpack-dev-tools/arm-none-eabi-gcc/13.3.1-1.1.1/.content/bin/../lib/gcc/arm-none-eabi/13.3.1/../../../../arm-none-eabi/lib/thumb/v7-m/nofp\libc_nano.a(libc_a-findfp.o) (_fwalk_sglue)
c:/Users/kroko/AppData/Roaming/Code/User/globalStorage/bmd.stm32-for-vscode/@xpack-dev-tools/arm-none-eabi-gcc/13.3.1-1.1.1/.content/bin/../lib/gcc/arm-none-eabi/13.3.1/../../../../arm-none-eabi/lib/thumb/v7-m/nofp\libc_nano.a(libc_a-sprintf.o)
                              build/debug/Core/Src/main.o (sprintf)
c:/Users/kroko/AppData/Roaming/Code/User/globalStorage/bmd.stm32-for-vscode/@xpack-dev-tools/arm-none-eabi-gcc/13.3.1-1.1.1/.content/bin/../lib/gcc/arm-none-eabi/13.3.1/../../../../arm-none-eabi/lib/thumb/v7-m/nofp\libc_nano.a(libc_a-stdio.o)
                              c:/Users/kroko/AppData/Roaming/Code/User/globalStorage/bmd.stm32-for-vscode/@xpack-dev-tools/arm-none-eabi-gcc/13.3.1-1.1.1/.content/bin/../lib/gcc/arm-none-eabi/13.3.1/../../../../arm-none-eabi/lib/thumb/v7-m/nofp\libc_nano.a(libc_a-findfp.o) (__sread)
c:/Users/kroko/AppData/Roaming/Code/User/globalStorage/bmd.stm32-for-vscode/@xpack-dev-tools/arm-none-eabi-gcc/13.3.1-1.1.1/.content/bin/../lib/gcc/arm-none-eabi/13.3.1/../../../../arm-none-eabi/lib/thumb/v7-m/nofp\libc_nano.a(libc_a-memset.o)
                              c:/Users/kroko/AppData/Roaming/Code/User/globalStorage/bmd.stm32-for-vscode/@xpack-dev-tools/arm-none-eabi-gcc/13.3.1-1.1.1/.content/bin/../lib/gcc/arm-none-eabi/13.3.1/../../../../arm-none-eabi/lib/thumb/v7-m/nofp/crt0.o (memset)
c:/Users/kroko/AppData/Roaming/Code/User/globalStorage/bmd.stm32-for-vscode/@xpack-dev-tools/arm-none-eabi-gcc/13.3.1-1.1.1/.content/bin/../lib/gcc/arm-none-eabi/13.3.1/../../../../arm-none-eabi/lib/thumb/v7-m/nofp\libc_nano.a(libc_a-closer.o)
                              c:/Users/kroko/AppData/Roaming/Code/User/globalStorage/bmd.stm32-for-vscode/@xpack-dev-tools/arm-none-eabi-gcc/13.3.1-1.1.1/.content/bin/../lib/gcc/arm-none-eabi/13.3.1/../../../../arm-none-eabi/lib/thumb/v7-m/nofp\libc_nano.a(libc_a-stdio.o) (_close_r)
c:/Users/kroko/AppData/Roaming/Code/User/globalStorage/bmd.stm32-for-vscode/@xpack-dev-tools/arm-none-eabi-gcc/13.3.1-1.1.1/.content/bin/../lib/gcc/arm-none-eabi/13.3.1/../../../../arm-none-eabi/lib/thumb/v7-m/nofp\libc_nano.a(libc_a-reent.o)
                              c:/Users/kroko/AppData/Roaming/Code/User/globalStorage/bmd.stm32-for-vscode/@xpack-dev-tools/arm-none-eabi-gcc/13.3.1-1.1.1/.content/bin/../lib/gcc/arm-none-eabi/13.3.1/../../../../arm-none-eabi/lib/thumb/v7-m/nofp\libc_nano.a(libc_a-closer.o) (errno)
c:/Users/kroko/AppData/Roaming/Code/User/globalStorage/bmd.stm32-for-vscode/@xpack-dev-tools/arm-none-eabi-gcc/13.3.1-1.1.1/.content/bin/../lib/gcc/arm-none-eabi/13.3.1/../../../../arm-none-eabi/lib/thumb/v7-m/nofp\libc_nano.a(libc_a-impure.o)
[...]
Memory Configuration

Name             Origin             Length             Attributes
RAM              0x20000000         0x00005000         xrw
FLASH            0x08000000         0x00020000         xr
*default*        0x00000000         0xffffffff

Linker script and memory map

LOAD c:/Users/kroko/AppData/Roaming/Code/User/globalStorage/bmd.stm32-for-vscode/@xpack-dev-tools/arm-none-eabi-gcc/13.3.1-1.1.1/.content/bin/../lib/gcc/arm-none-eabi/13.3.1/thumb/v7-m/nofp/crti.o
LOAD c:/Users/kroko/AppData/Roaming/Code/User/globalStorage/bmd.stm32-for-vscode/@xpack-dev-tools/arm-none-eabi-gcc/13.3.1-1.1.1/.content/bin/../lib/gcc/arm-none-eabi/13.3.1/thumb/v7-m/nofp/crtbegin.o
LOAD c:/Users/kroko/AppData/Roaming/Code/User/globalStorage/bmd.stm32-for-vscode/@xpack-dev-tools/arm-none-eabi-gcc/13.3.1-1.1.1/.content/bin/../lib/gcc/arm-none-eabi/13.3.1/../../../../arm-none-eabi/lib/thumb/v7-m/nofp/crt0.o
LOAD build/debug/Core/Src/fonts.o
LOAD build/debug/Core/Src/main.o
LOAD build/debug/Core/Src/ssd1306.o
LOAD build/debug/Core/Src/stm32f1xx_hal_msp.o
LOAD build/debug/Core/Src/stm32f1xx_it.o
LOAD build/debug/Core/Src/syscalls.o
LOAD build/debug/Core/Src/sysmem.o
LOAD build/debug/Core/Src/system_stm32f1xx.o
LOAD build/debug/Drivers/STM32F1xx_HAL_Driver/Src/stm32f1xx_hal.o
LOAD build/debug/Drivers/STM32F1xx_HAL_Driver/Src/stm32f1xx_hal_adc.o
LOAD build/debug/Drivers/STM32F1xx_HAL_Driver/Src/stm32f1xx_hal_adc_ex.o
LOAD build/debug/Drivers/STM32F1xx_HAL_Driver/Src/stm32f1xx_hal_cortex.o
LOAD build/debug/Drivers/STM32F1xx_HAL_Driver/Src/stm32f1xx_hal_dma.o
LOAD build/debug/Drivers/STM32F1xx_HAL_Driver/Src/stm32f1xx_hal_exti.o
LOAD build/debug/Drivers/STM32F1xx_HAL_Driver/Src/stm32f1xx_hal_flash.o
LOAD build/debug/Drivers/STM32F1xx_HAL_Driver/Src/stm32f1xx_hal_flash_ex.o
LOAD build/debug/Drivers/STM32F1xx_HAL_Driver/Src/stm32f1xx_hal_gpio.o
LOAD build/debug/Drivers/STM32F1xx_HAL_Driver/Src/stm32f1xx_hal_gpio_ex.o
LOAD build/debug/Drivers/STM32F1xx_HAL_Driver/Src/stm32f1xx_hal_i2c.o
LOAD build/debug/Drivers/STM32F1xx_HAL_Driver/Src/stm32f1xx_hal_pwr.o
LOAD build/debug/Drivers/STM32F1xx_HAL_Driver/Src/stm32f1xx_hal_rcc.o
LOAD build/debug/Drivers/STM32F1xx_HAL_Driver/Src/stm32f1xx_hal_rcc_ex.o
LOAD build/debug/Drivers/STM32F1xx_HAL_Driver/Src/stm32f1xx_hal_tim.o
LOAD build/debug/Drivers/STM32F1xx_HAL_Driver/Src/stm32f1xx_hal_tim_ex.o
LOAD build/debug/startup_stm32f103xb.o
LOAD c:/Users/kroko/AppData/Roaming/Code/User/globalStorage/bmd.stm32-for-vscode/@xpack-dev-tools/arm-none-eabi-gcc/13.3.1-1.1.1/.content/bin/../lib/gcc/arm-none-eabi/13.3.1/../../../../arm-none-eabi/lib/thumb/v7-m/nofp\libc_nano.a
LOAD c:/Users/kroko/AppData/Roaming/Code/User/globalStorage/bmd.stm32-for-vscode/@xpack-dev-tools/arm-none-eabi-gcc/13.3.1-1.1.1/.content/bin/../lib/gcc/arm-none-eabi/13.3.1/../../../../arm-none-eabi/lib/thumb/v7-m/nofp\libm.a
LOAD c:/Users/kroko/AppData/Roaming/Code/User/globalStorage/bmd.stm32-for-vscode/@xpack-dev-tools/arm-none-eabi-gcc/13.3.1-1.1.1/.content/bin/../lib/gcc/arm-none-eabi/13.3.1/../../../../arm-none-eabi/lib/thumb/v7-m/nofp\libnosys.a
START GROUP
LOAD c:/Users/kroko/AppData/Roaming/Code/User/globalStorage/bmd.stm32-for-vscode/@xpack-dev-tools/arm-none-eabi-gcc/13.3.1-1.1.1/.content/bin/../lib/gcc/arm-none-eabi/13.3.1/thumb/v7-m/nofp\libgcc.a
LOAD c:/Users/kroko/AppData/Roaming/Code/User/globalStorage/bmd.stm32-for-vscode/@xpack-dev-tools/arm-none-eabi-gcc/13.3.1-1.1.1/.content/bin/../lib/gcc/arm-none-eabi/13.3.1/../../../../arm-none-eabi/lib/thumb/v7-m/nofp\libc_nano.a
END GROUP
START GROUP
LOAD c:/Users/kroko/AppData/Roaming/Code/User/globalStorage/bmd.stm32-for-vscode/@xpack-dev-tools/arm-none-eabi-gcc/13.3.1-1.1.1/.content/bin/../lib/gcc/arm-none-eabi/13.3.1/thumb/v7-m/nofp\libgcc.a
LOAD c:/Users/kroko/AppData/Roaming/Code/User/globalStorage/bmd.stm32-for-vscode/@xpack-dev-tools/arm-none-eabi-gcc/13.3.1-1.1.1/.content/bin/../lib/gcc/arm-none-eabi/13.3.1/../../../../arm-none-eabi/lib/thumb/v7-m/nofp\libc_nano.a
END GROUP
LOAD c:/Users/kroko/AppData/Roaming/Code/User/globalStorage/bmd.stm32-for-vscode/@xpack-dev-tools/arm-none-eabi-gcc/13.3.1-1.1.1/.content/bin/../lib/gcc/arm-none-eabi/13.3.1/thumb/v7-m/nofp/crtend.o
LOAD c:/Users/kroko/AppData/Roaming/Code/User/globalStorage/bmd.stm32-for-vscode/@xpack-dev-tools/arm-none-eabi-gcc/13.3.1-1.1.1/.content/bin/../lib/gcc/arm-none-eabi/13.3.1/thumb/v7-m/nofp/crtn.o
                0x20005000                        _estack = (ORIGIN (RAM) + LENGTH (RAM))
                0x00000200                        _Min_Heap_Size = 0x200
                0x00000400                        _Min_Stack_Size = 0x400

.isr_vector     0x08000000      0x10c
                0x08000000                        . = ALIGN (0x4)
 *(.isr_vector)
 .isr_vector    0x08000000      0x10c build/debug/startup_stm32f103xb.o
                0x08000000                g_pfnVectors
                0x0800010c                        . = ALIGN (0x4)

.text           0x0800010c     0x37e0
                0x0800010c                        . = ALIGN (0x4)
 *(.text)
 *(.text*)
 .text.__do_global_dtors_aux
                0x0800010c       0x24 c:/Users/kroko/AppData/Roaming/Code/User/globalStorage/bmd.stm32-for-vscode/@xpack-dev-tools/arm-none-eabi-gcc/13.3.1-1.1.1/.content/bin/../lib/gcc/arm-none-eabi/13.3.1/thumb/v7-m/nofp/crtbegin.o
 .text.frame_dummy
                0x08000130       0x1c c:/Users/kroko/AppData/Roaming/Code/User/globalStorage/bmd.stm32-for-vscode/@xpack-dev-tools/arm-none-eabi-gcc/13.3.1-1.1.1/.content/bin/../lib/gcc/arm-none-eabi/13.3.1/thumb/v7-m/nofp/crtbegin.o
 .text.MX_GPIO_Init
                0x0800014c       0xcc build/debug/Core/Src/main.o
 .text.MX_DMA_Init
                0x08000218       0x34 build/debug/Core/Src/main.o
 .text.setPhases
                0x0800024c       0xa8 build/debug/Core/Src/main.o
                0x0800024c                setPhases
 .text.HAL_GPIO_EXTI_Callback
                0x080002f4       0x54 build/debug/Core/Src/main.o
                0x080002f4                HAL_GPIO_EXTI_Callback
 .text.Error_Handler
                0x08000348        0x4 build/debug/Core/Src/main.o
                0x08000348                Error_Handler
 .text.MX_ADC1_Init
                0x0800034c       0x58 build/debug/Core/Src/main.o
 .text.MX_TIM1_Init
                0x080003a4       0xfc build/debug/Core/Src/main.o
 .text.MX_I2C1_Init
                0x080004a0       0x38 build/debug/Core/Src/main.o
 .text.SystemClock_Config
                0x080004d8       0x84 build/debug/Core/Src/main.o
                0x080004d8                SystemClock_Config
 .text.main     0x0800055c      0x258 build/debug/Core/Src/main.o
                0x0800055c                main
 .text.SSD1306_Fill
                0x080007b4       0x1c build/debug/Core/Src/ssd1306.o
                0x080007b4                SSD1306_Fill
 .text.SSD1306_DrawPixel
                0x080007d0       0x58 build/debug/Core/Src/ssd1306.o
                0x080007d0                SSD1306_DrawPixel
 .text.SSD1306_GotoXY
                0x08000828        0xc build/debug/Core/Src/ssd1306.o
                0x08000828                SSD1306_GotoXY
 .text.SSD1306_Putc
                0x08000834       0x9c build/debug/Core/Src/ssd1306.o
                0x08000834                SSD1306_Putc
 .text.SSD1306_Puts
                0x080008d0       0x22 build/debug/Core/Src/ssd1306.o
                0x080008d0                SSD1306_Puts
 *fill*         0x080008f2        0x2 
 .text.ssd1306_I2C_WriteMulti
                0x080008f4       0x44 build/debug/Core/Src/ssd1306.o
                0x080008f4                ssd1306_I2C_WriteMulti
 .text.ssd1306_I2C_Write
                0x08000938       0x28 build/debug/Core/Src/ssd1306.o
                0x08000938                ssd1306_I2C_Write
 .text.SSD1306_UpdateScreen
                0x08000960       0x48 build/debug/Core/Src/ssd1306.o
                0x08000960                SSD1306_UpdateScreen
 .text.SSD1306_Init
                0x080009a8      0x168 build/debug/Core/Src/ssd1306.o
                0x080009a8                SSD1306_Init
 .text.HAL_MspInit
                0x08000b10       0x44 build/debug/Core/Src/stm32f1xx_hal_msp.o
                0x08000b10                HAL_MspInit
 .text.HAL_ADC_MspInit
                0x08000b54       0x9c build/debug/Core/Src/stm32f1xx_hal_msp.o
                0x08000b54                HAL_ADC_MspInit
 .text.HAL_I2C_MspInit
                0x08000bf0       0x64 build/debug/Core/Src/stm32f1xx_hal_msp.o
                0x08000bf0                HAL_I2C_MspInit
 .text.HAL_TIM_Base_MspInit
                0x08000c54       0x2c build/debug/Core/Src/stm32f1xx_hal_msp.o
                0x08000c54                HAL_TIM_Base_MspInit
 .text.HAL_TIM_MspPostInit
                0x08000c80       0x50 build/debug/Core/Src/stm32f1xx_hal_msp.o
                0x08000c80                HAL_TIM_MspPostInit
 .text.NMI_Handler
                0x08000cd0        0x2 build/debug/Core/Src/stm32f1xx_it.o
                0x08000cd0                NMI_Handler
 .text.HardFault_Handler
                0x08000cd2        0x2 build/debug/Core/Src/stm32f1xx_it.o
                0x08000cd2                HardFault_Handler
 .text.MemManage_Handler
                0x08000cd4        0x2 build/debug/Core/Src/stm32f1xx_it.o
                0x08000cd4                MemManage_Handler
 .text.BusFault_Handler
                0x08000cd6        0x2 build/debug/Core/Src/stm32f1xx_it.o
                0x08000cd6                BusFault_Handler
 .text.UsageFault_Handler
                0x08000cd8        0x2 build/debug/Core/Src/stm32f1xx_it.o
                0x08000cd8                UsageFault_Handler
 .text.SVC_Handler
                0x08000cda        0x2 build/debug/Core/Src/stm32f1xx_it.o
                0x08000cda                SVC_Handler
 .text.DebugMon_Handler
                0x08000cdc        0x2 build/debug/Core/Src/stm32f1xx_it.o
                0x08000cdc                DebugMon_Handler
 .text.PendSV_Handler
                0x08000cde        0x2 build/debug/Core/Src/stm32f1xx_it.o
                0x08000cde                PendSV_Handler
 .text.SysTick_Handler
                0x08000ce0        0x8 build/debug/Core/Src/stm32f1xx_it.o
                0x08000ce0                SysTick_Handler
 .text.DMA1_Channel1_IRQHandler
                0x08000ce8       0x10 build/debug/Core/Src/stm32f1xx_it.o
                0x08000ce8                DMA1_Channel1_IRQHandler
 .text.EXTI9_5_IRQHandler
                0x08000cf8        0xa build/debug/Core/Src/stm32f1xx_it.o
                0x08000cf8                EXTI9_5_IRQHandler
 *fill*         0x08000d02        0x2 
 .text._sbrk    0x08000d04       0x48 build/debug/Core/Src/sysmem.o
                0x08000d04                _sbrk
 .text.SystemInit
                0x08000d4c        0x2 build/debug/Core/Src/system_stm32f1xx.o
                0x08000d4c                SystemInit
 *fill*         0x08000d4e        0x2 
 .text.HAL_InitTick
                0x08000d50       0x4c build/debug/Drivers/STM32F1xx_HAL_Driver/Src/stm32f1xx_hal.o
                0x08000d50                HAL_InitTick
 .text.HAL_Init
                0x08000d9c       0x24 build/debug/Drivers/STM32F1xx_HAL_Driver/Src/stm32f1xx_hal.o
                0x08000d9c                HAL_Init
 .text.HAL_IncTick
                0x08000dc0       0x18 build/debug/Drivers/STM32F1xx_HAL_Driver/Src/stm32f1xx_hal.o
                0x08000dc0                HAL_IncTick
 .text.HAL_GetTick
                0x08000dd8        0xc build/debug/Drivers/STM32F1xx_HAL_Driver/Src/stm32f1xx_hal.o
                0x08000dd8                HAL_GetTick
 .text.HAL_Delay
                0x08000de4       0x28 build/debug/Drivers/STM32F1xx_HAL_Driver/Src/stm32f1xx_hal.o
                0x08000de4                HAL_Delay
 .text.HAL_ADC_ConvCpltCallback
                0x08000e0c        0x2 build/debug/Drivers/STM32F1xx_HAL_Driver/Src/stm32f1xx_hal_adc.o
                0x08000e0c                HAL_ADC_ConvCpltCallback
 .text.ADC_DMAConvCplt
                0x08000e0e       0x52 build/debug/Drivers/STM32F1xx_HAL_Driver/Src/stm32f1xx_hal_adc.o
                0x08000e0e                ADC_DMAConvCplt
 .text.HAL_ADC_ConvHalfCpltCallback
                0x08000e60        0x2 build/debug/Drivers/STM32F1xx_HAL_Driver/Src/stm32f1xx_hal_adc.o
                0x08000e60                HAL_ADC_ConvHalfCpltCallback
 .text.ADC_DMAHalfConvCplt
                0x08000e62        0xa build/debug/Drivers/STM32F1xx_HAL_Driver/Src/stm32f1xx_hal_adc.o
                0x08000e62                ADC_DMAHalfConvCplt
 .text.HAL_ADC_ErrorCallback
                0x08000e6c        0x2 build/debug/Drivers/STM32F1xx_HAL_Driver/Src/stm32f1xx_hal_adc.o
                0x08000e6c                HAL_ADC_ErrorCallback
 .text.ADC_DMAError
                0x08000e6e       0x1a build/debug/Drivers/STM32F1xx_HAL_Driver/Src/stm32f1xx_hal_adc.o
                0x08000e6e                ADC_DMAError
 .text.HAL_ADC_ConfigChannel
                0x08000e88      0x140 build/debug/Drivers/STM32F1xx_HAL_Driver/Src/stm32f1xx_hal_adc.o
                0x08000e88                HAL_ADC_ConfigChannel
 .text.ADC_Enable
                0x08000fc8       0x88 build/debug/Drivers/STM32F1xx_HAL_Driver/Src/stm32f1xx_hal_adc.o
                0x08000fc8                ADC_Enable
 .text.HAL_ADC_Start
                0x08001050       0xe8 build/debug/Drivers/STM32F1xx_HAL_Driver/Src/stm32f1xx_hal_adc.o
                0x08001050                HAL_ADC_Start
 .text.HAL_ADC_Start_DMA
                0x08001138      0x130 build/debug/Drivers/STM32F1xx_HAL_Driver/Src/stm32f1xx_hal_adc.o
                0x08001138                HAL_ADC_Start_DMA
 .text.ADC_ConversionStop_Disable
                0x08001268       0x56 build/debug/Drivers/STM32F1xx_HAL_Driver/Src/stm32f1xx_hal_adc.o
                0x08001268                ADC_ConversionStop_Disable
 *fill*         0x080012be        0x2 
 .text.HAL_ADC_Init
                0x080012c0      0x108 build/debug/Drivers/STM32F1xx_HAL_Driver/Src/stm32f1xx_hal_adc.o
                0x080012c0                HAL_ADC_Init
 .text.__NVIC_SetPriority
                0x080013c8       0x28 build/debug/Drivers/STM32F1xx_HAL_Driver/Src/stm32f1xx_hal_cortex.o
 .text.NVIC_EncodePriority
                0x080013f0       0x3e build/debug/Drivers/STM32F1xx_HAL_Driver/Src/stm32f1xx_hal_cortex.o
 *fill*         0x0800142e        0x2 
 .text.HAL_NVIC_SetPriorityGrouping
                0x08001430       0x24 build/debug/Drivers/STM32F1xx_HAL_Driver/Src/stm32f1xx_hal_cortex.o
                0x08001430                HAL_NVIC_SetPriorityGrouping
 .text.HAL_NVIC_SetPriority
                0x08001454       0x20 build/debug/Drivers/STM32F1xx_HAL_Driver/Src/stm32f1xx_hal_cortex.o
                0x08001454                HAL_NVIC_SetPriority
 .text.HAL_NVIC_EnableIRQ
                0x08001474       0x1c build/debug/Drivers/STM32F1xx_HAL_Driver/Src/stm32f1xx_hal_cortex.o
                0x08001474                HAL_NVIC_EnableIRQ
 .text.HAL_SYSTICK_Config
                0x08001490       0x28 build/debug/Drivers/STM32F1xx_HAL_Driver/Src/stm32f1xx_hal_cortex.o
                0x08001490                HAL_SYSTICK_Config
 .text.DMA_SetConfig
                0x080014b8       0x2c build/debug/Drivers/STM32F1xx_HAL_Driver/Src/stm32f1xx_hal_dma.o
 .text.HAL_DMA_Init
                0x080014e4       0x68 build/debug/Drivers/STM32F1xx_HAL_Driver/Src/stm32f1xx_hal_dma.o
                0x080014e4                HAL_DMA_Init
 .text.HAL_DMA_Start_IT
                0x0800154c       0x76 build/debug/Drivers/STM32F1xx_HAL_Driver/Src/stm32f1xx_hal_dma.o
                0x0800154c                HAL_DMA_Start_IT
 *fill*         0x080015c2        0x2 
 .text.HAL_DMA_IRQHandler
                0x080015c4      0x144 build/debug/Drivers/STM32F1xx_HAL_Driver/Src/stm32f1xx_hal_dma.o
                0x080015c4                HAL_DMA_IRQHandler
 .text.HAL_GPIO_Init
                0x08001708      0x21c build/debug/Drivers/STM32F1xx_HAL_Driver/Src/stm32f1xx_hal_gpio.o
                0x08001708                HAL_GPIO_Init
 .text.HAL_GPIO_ReadPin
                0x08001924        0xe build/debug/Drivers/STM32F1xx_HAL_Driver/Src/stm32f1xx_hal_gpio.o
                0x08001924                HAL_GPIO_ReadPin
 .text.HAL_GPIO_WritePin
                0x08001932        0xc build/debug/Drivers/STM32F1xx_HAL_Driver/Src/stm32f1xx_hal_gpio.o
                0x08001932                HAL_GPIO_WritePin
 .text.HAL_GPIO_TogglePin
                0x0800193e       0x12 build/debug/Drivers/STM32F1xx_HAL_Driver/Src/stm32f1xx_hal_gpio.o
                0x0800193e                HAL_GPIO_TogglePin
 .text.HAL_GPIO_EXTI_IRQHandler
                0x08001950       0x1c build/debug/Drivers/STM32F1xx_HAL_Driver/Src/stm32f1xx_hal_gpio.o
                0x08001950                HAL_GPIO_EXTI_IRQHandler
 .text.I2C_IsAcknowledgeFailed
                0x0800196c       0x32 build/debug/Drivers/STM32F1xx_HAL_Driver/Src/stm32f1xx_hal_i2c.o
 .text.I2C_WaitOnFlagUntilTimeout
                0x0800199e       0xaa build/debug/Drivers/STM32F1xx_HAL_Driver/Src/stm32f1xx_hal_i2c.o
 .text.I2C_WaitOnMasterAddressFlagUntilTimeout
                0x08001a48       0xd6 build/debug/Drivers/STM32F1xx_HAL_Driver/Src/stm32f1xx_hal_i2c.o
 *fill*         0x08001b1e        0x2 
 .text.I2C_MasterRequestWrite
                0x08001b20       0xb4 build/debug/Drivers/STM32F1xx_HAL_Driver/Src/stm32f1xx_hal_i2c.o
 .text.I2C_WaitOnTXEFlagUntilTimeout
                0x08001bd4       0x5e build/debug/Drivers/STM32F1xx_HAL_Driver/Src/stm32f1xx_hal_i2c.o
 .text.I2C_WaitOnBTFFlagUntilTimeout
                0x08001c32       0x5e build/debug/Drivers/STM32F1xx_HAL_Driver/Src/stm32f1xx_hal_i2c.o
 .text.HAL_I2C_Init
                0x08001c90      0x1bc build/debug/Drivers/STM32F1xx_HAL_Driver/Src/stm32f1xx_hal_i2c.o
                0x08001c90                HAL_I2C_Init
 .text.HAL_I2C_Master_Transmit
                0x08001e4c      0x178 build/debug/Drivers/STM32F1xx_HAL_Driver/Src/stm32f1xx_hal_i2c.o
                0x08001e4c                HAL_I2C_Master_Transmit
 .text.HAL_I2C_IsDeviceReady
                0x08001fc4      0x194 build/debug/Drivers/STM32F1xx_HAL_Driver/Src/stm32f1xx_hal_i2c.o
                0x08001fc4                HAL_I2C_IsDeviceReady
 .text.RCC_Delay
                0x08002158       0x2c build/debug/Drivers/STM32F1xx_HAL_Driver/Src/stm32f1xx_hal_rcc.o
 .text.HAL_RCC_OscConfig
                0x08002184      0x410 build/debug/Drivers/STM32F1xx_HAL_Driver/Src/stm32f1xx_hal_rcc.o
                0x08002184                HAL_RCC_OscConfig
 .text.HAL_RCC_GetSysClockFreq
                0x08002594       0x54 build/debug/Drivers/STM32F1xx_HAL_Driver/Src/stm32f1xx_hal_rcc.o
                0x08002594                HAL_RCC_GetSysClockFreq
 .text.HAL_RCC_ClockConfig
                0x080025e8      0x16c build/debug/Drivers/STM32F1xx_HAL_Driver/Src/stm32f1xx_hal_rcc.o
                0x080025e8                HAL_RCC_ClockConfig
 .text.HAL_RCC_GetHCLKFreq
                0x08002754        0xc build/debug/Drivers/STM32F1xx_HAL_Driver/Src/stm32f1xx_hal_rcc.o
                0x08002754                HAL_RCC_GetHCLKFreq
 .text.HAL_RCC_GetPCLK1Freq
                0x08002760       0x20 build/debug/Drivers/STM32F1xx_HAL_Driver/Src/stm32f1xx_hal_rcc.o
                0x08002760                HAL_RCC_GetPCLK1Freq
 .text.HAL_RCCEx_PeriphCLKConfig
                0x08002780      0x118 build/debug/Drivers/STM32F1xx_HAL_Driver/Src/stm32f1xx_hal_rcc_ex.o
                0x08002780                HAL_RCCEx_PeriphCLKConfig
 .text.TIM_OC1_SetConfig
                0x08002898       0x54 build/debug/Drivers/STM32F1xx_HAL_Driver/Src/stm32f1xx_hal_tim.o
 .text.TIM_OC3_SetConfig
                0x080028ec       0x5c build/debug/Drivers/STM32F1xx_HAL_Driver/Src/stm32f1xx_hal_tim.o
 .text.TIM_OC4_SetConfig
                0x08002948       0x48 build/debug/Drivers/STM32F1xx_HAL_Driver/Src/stm32f1xx_hal_tim.o
 .text.TIM_TI1_ConfigInputStage
                0x08002990       0x24 build/debug/Drivers/STM32F1xx_HAL_Driver/Src/stm32f1xx_hal_tim.o
 .text.TIM_TI2_ConfigInputStage
                0x080029b4       0x26 build/debug/Drivers/STM32F1xx_HAL_Driver/Src/stm32f1xx_hal_tim.o
 .text.TIM_ITRx_SetConfig
                0x080029da       0x10 build/debug/Drivers/STM32F1xx_HAL_Driver/Src/stm32f1xx_hal_tim.o
 .text.HAL_TIM_PWM_MspInit
                0x080029ea        0x2 build/debug/Drivers/STM32F1xx_HAL_Driver/Src/stm32f1xx_hal_tim.o
                0x080029ea                HAL_TIM_PWM_MspInit
 .text.TIM_Base_SetConfig
                0x080029ec       0x84 build/debug/Drivers/STM32F1xx_HAL_Driver/Src/stm32f1xx_hal_tim.o
                0x080029ec                TIM_Base_SetConfig
 .text.HAL_TIM_Base_Init
                0x08002a70       0x58 build/debug/Drivers/STM32F1xx_HAL_Driver/Src/stm32f1xx_hal_tim.o
                0x08002a70                HAL_TIM_Base_Init
 .text.HAL_TIM_PWM_Init
                0x08002ac8       0x58 build/debug/Drivers/STM32F1xx_HAL_Driver/Src/stm32f1xx_hal_tim.o
                0x08002ac8                HAL_TIM_PWM_Init
 .text.TIM_OC2_SetConfig
                0x08002b20       0x5c build/debug/Drivers/STM32F1xx_HAL_Driver/Src/stm32f1xx_hal_tim.o
                0x08002b20                TIM_OC2_SetConfig
 .text.HAL_TIM_PWM_ConfigChannel
                0x08002b7c       0xdc build/debug/Drivers/STM32F1xx_HAL_Driver/Src/stm32f1xx_hal_tim.o
                0x08002b7c                HAL_TIM_PWM_ConfigChannel
 .text.TIM_ETR_SetConfig
                0x08002c58       0x18 build/debug/Drivers/STM32F1xx_HAL_Driver/Src/stm32f1xx_hal_tim.o
                0x08002c58                TIM_ETR_SetConfig
 .text.HAL_TIM_ConfigClockSource
                0x08002c70       0xfe build/debug/Drivers/STM32F1xx_HAL_Driver/Src/stm32f1xx_hal_tim.o
                0x08002c70                HAL_TIM_ConfigClockSource
 .text.TIM_CCxChannelCmd
                0x08002d6e       0x1e build/debug/Drivers/STM32F1xx_HAL_Driver/Src/stm32f1xx_hal_tim.o
                0x08002d6e                TIM_CCxChannelCmd
 .text.HAL_TIM_PWM_Start
                0x08002d8c       0xdc build/debug/Drivers/STM32F1xx_HAL_Driver/Src/stm32f1xx_hal_tim.o
                0x08002d8c                HAL_TIM_PWM_Start
 .text.HAL_TIMEx_MasterConfigSynchronization
                0x08002e68       0x6c build/debug/Drivers/STM32F1xx_HAL_Driver/Src/stm32f1xx_hal_tim_ex.o
                0x08002e68                HAL_TIMEx_MasterConfigSynchronization
 .text.HAL_TIMEx_ConfigBreakDeadTime
                0x08002ed4       0x52 build/debug/Drivers/STM32F1xx_HAL_Driver/Src/stm32f1xx_hal_tim_ex.o
                0x08002ed4                HAL_TIMEx_ConfigBreakDeadTime
 *fill*         0x08002f26        0x2 
 .text.Reset_Handler
                0x08002f28       0x48 build/debug/startup_stm32f103xb.o
                0x08002f28                Reset_Handler
 .text.Default_Handler
                0x08002f70        0x2 build/debug/startup_stm32f103xb.o
                0x08002f70                RTC_Alarm_IRQHandler
                0x08002f70                EXTI2_IRQHandler
                0x08002f70                TIM1_CC_IRQHandler
                0x08002f70                PVD_IRQHandler
                0x08002f70                EXTI3_IRQHandler
                0x08002f70                EXTI0_IRQHandler
                0x08002f70                I2C2_EV_IRQHandler
                0x08002f70                ADC1_2_IRQHandler
                0x08002f70                SPI1_IRQHandler
                0x08002f70                TAMPER_IRQHandler
                0x08002f70                DMA1_Channel4_IRQHandler
                0x08002f70                USART3_IRQHandler
                0x08002f70                RTC_IRQHandler
                0x08002f70                DMA1_Channel7_IRQHandler
                0x08002f70                CAN1_RX1_IRQHandler
                0x08002f70                TIM4_IRQHandler
                0x08002f70                I2C1_EV_IRQHandler
                0x08002f70                DMA1_Channel6_IRQHandler
                0x08002f70                TIM3_IRQHandler
                0x08002f70                RCC_IRQHandler
                0x08002f70                TIM1_TRG_COM_IRQHandler
                0x08002f70                Default_Handler
                0x08002f70                EXTI15_10_IRQHandler
                0x08002f70                SPI2_IRQHandler
                0x08002f70                DMA1_Channel5_IRQHandler
                0x08002f70                EXTI4_IRQHandler
                0x08002f70                USB_LP_CAN1_RX0_IRQHandler
                0x08002f70                USB_HP_CAN1_TX_IRQHandler
                0x08002f70                DMA1_Channel3_IRQHandler
                0x08002f70                TIM1_UP_IRQHandler
                0x08002f70                WWDG_IRQHandler
                0x08002f70                TIM2_IRQHandler
                0x08002f70                TIM1_BRK_IRQHandler
                0x08002f70                EXTI1_IRQHandler
                0x08002f70                USART2_IRQHandler
                0x08002f70                I2C2_ER_IRQHandler
                0x08002f70                DMA1_Channel2_IRQHandler
                0x08002f70                CAN1_SCE_IRQHandler
                0x08002f70                FLASH_IRQHandler
                0x08002f70                USART1_IRQHandler
                0x08002f70                I2C1_ER_IRQHandler
                0x08002f70                USBWakeUp_IRQHandler
 *fill*         0x08002f72        0x2 
 .text.sprintf  0x08002f74       0x44 c:/Users/kroko/AppData/Roaming/Code/User/globalStorage/bmd.stm32-for-vscode/@xpack-dev-tools/arm-none-eabi-gcc/13.3.1-1.1.1/.content/bin/../lib/gcc/arm-none-eabi/13.3.1/../../../../arm-none-eabi/lib/thumb/v7-m/nofp\libc_nano.a(libc_a-sprintf.o)
                0x08002f74                siprintf
                0x08002f74                sprintf
 .text.memset   0x08002fb8       0x10 c:/Users/kroko/AppData/Roaming/Code/User/globalStorage/bmd.stm32-for-vscode/@xpack-dev-tools/arm-none-eabi-gcc/13.3.1-1.1.1/.content/bin/../lib/gcc/arm-none-eabi/13.3.1/../../../../arm-none-eabi/lib/thumb/v7-m/nofp\libc_nano.a(libc_a-memset.o)
                0x08002fb8                memset
 .text.__errno  0x08002fc8        0xc c:/Users/kroko/AppData/Roaming/Code/User/globalStorage/bmd.stm32-for-vscode/@xpack-dev-tools/arm-none-eabi-gcc/13.3.1-1.1.1/.content/bin/../lib/gcc/arm-none-eabi/13.3.1/../../../../arm-none-eabi/lib/thumb/v7-m/nofp\libc_nano.a(libc_a-errno.o)
                0x08002fc8                __errno
 .text.__libc_init_array
                0x08002fd4       0x48 c:/Users/kroko/AppData/Roaming/Code/User/globalStorage/bmd.stm32-for-vscode/@xpack-dev-tools/arm-none-eabi-gcc/13.3.1-1.1.1/.content/bin/../lib/gcc/arm-none-eabi/13.3.1/../../../../arm-none-eabi/lib/thumb/v7-m/nofp\libc_nano.a(libc_a-init.o)
                0x08002fd4                __libc_init_array
 .text.__retarget_lock_acquire_recursive
                0x0800301c        0x2 c:/Users/kroko/AppData/Roaming/Code/User/globalStorage/bmd.stm32-for-vscode/@xpack-dev-tools/arm-none-eabi-gcc/13.3.1-1.1.1/.content/bin/../lib/gcc/arm-none-eabi/13.3.1/../../../../arm-none-eabi/lib/thumb/v7-m/nofp\libc_nano.a(libc_a-lock.o)
                0x0800301c                __retarget_lock_acquire_recursive
 .text.__retarget_lock_release_recursive
                0x0800301e        0x2 c:/Users/kroko/AppData/Roaming/Code/User/globalStorage/bmd.stm32-for-vscode/@xpack-dev-tools/arm-none-eabi-gcc/13.3.1-1.1.1/.content/bin/../lib/gcc/arm-none-eabi/13.3.1/../../../../arm-none-eabi/lib/thumb/v7-m/nofp\libc_nano.a(libc_a-lock.o)
                0x0800301e                __retarget_lock_release_recursive
 .text._free_r  0x08003020       0x90 c:/Users/kroko/AppData/Roaming/Code/User/globalStorage/bmd.stm32-for-vscode/@xpack-dev-tools/arm-none-eabi-gcc/13.3.1-1.1.1/.content/bin/../lib/gcc/arm-none-eabi/13.3.1/../../../../arm-none-eabi/lib/thumb/v7-m/nofp\libc_nano.a(libc_a-freer.o)
                0x08003020                _free_r
 .text.sbrk_aligned
                0x080030b0       0x44 c:/Users/kroko/AppData/Roaming/Code/User/globalStorage/bmd.stm32-for-vscode/@xpack-dev-tools/arm-none-eabi-gcc/13.3.1-1.1.1/.content/bin/../lib/gcc/arm-none-eabi/13.3.1/../../../../arm-none-eabi/lib/thumb/v7-m/nofp\libc_nano.a(libc_a-mallocr.o)
 .text._malloc_r
                0x080030f4      0x100 c:/Users/kroko/AppData/Roaming/Code/User/globalStorage/bmd.stm32-for-vscode/@xpack-dev-tools/arm-none-eabi-gcc/13.3.1-1.1.1/.content/bin/../lib/gcc/arm-none-eabi/13.3.1/../../../../arm-none-eabi/lib/thumb/v7-m/nofp\libc_nano.a(libc_a-mallocr.o)
                0x080030f4                _malloc_r
 .text.__malloc_lock
                0x080031f4        0xc c:/Users/kroko/AppData/Roaming/Code/User/globalStorage/bmd.stm32-for-vscode/@xpack-dev-tools/arm-none-eabi-gcc/13.3.1-1.1.1/.content/bin/../lib/gcc/arm-none-eabi/13.3.1/../../../../arm-none-eabi/lib/thumb/v7-m/nofp\libc_nano.a(libc_a-mlock.o)
                0x080031f4                __malloc_lock
 .text.__malloc_unlock
                0x08003200        0xc c:/Users/kroko/AppData/Roaming/Code/User/globalStorage/bmd.stm32-for-vscode/@xpack-dev-tools/arm-none-eabi-gcc/13.3.1-1.1.1/.content/bin/../lib/gcc/arm-none-eabi/13.3.1/../../../../arm-none-eabi/lib/thumb/v7-m/nofp\libc_nano.a(libc_a-mlock.o)
                0x08003200                __malloc_unlock
 .text.__ssputs_r
                0x0800320c       0xb6 c:/Users/kroko/AppData/Roaming/Code/User/globalStorage/bmd.stm32-for-vscode/@xpack-dev-tools/arm-none-eabi-gcc/13.3.1-1.1.1/.content/bin/../lib/gcc/arm-none-eabi/13.3.1/../../../../arm-none-eabi/lib/thumb/v7-m/nofp\libc_nano.a(libc_a-nano-svfprintf.o)
                0x0800320c                __ssputs_r
 *fill*         0x080032c2        0x2 
 .text._svfprintf_r
                0x080032c4      0x1f8 c:/Users/kroko/AppData/Roaming/Code/User/globalStorage/bmd.stm32-for-vscode/@xpack-dev-tools/arm-none-eabi-gcc/13.3.1-1.1.1/.content/bin/../lib/gcc/arm-none-eabi/13.3.1/../../../../arm-none-eabi/lib/thumb/v7-m/nofp\libc_nano.a(libc_a-nano-svfprintf.o)
                0x080032c4                _svfiprintf_r
                0x080032c4                _svfprintf_r
 .text._printf_common
                0x080034bc       0xe4 c:/Users/kroko/AppData/Roaming/Code/User/globalStorage/bmd.stm32-for-vscode/@xpack-dev-tools/arm-none-eabi-gcc/13.3.1-1.1.1/.content/bin/../lib/gcc/arm-none-eabi/13.3.1/../../../../arm-none-eabi/lib/thumb/v7-m/nofp\libc_nano.a(libc_a-nano-vfprintf_i.o)
                0x080034bc                _printf_common
 .text._printf_i
                0x080035a0      0x23c c:/Users/kroko/AppData/Roaming/Code/User/globalStorage/bmd.stm32-for-vscode/@xpack-dev-tools/arm-none-eabi-gcc/13.3.1-1.1.1/.content/bin/../lib/gcc/arm-none-eabi/13.3.1/../../../../arm-none-eabi/lib/thumb/v7-m/nofp\libc_nano.a(libc_a-nano-vfprintf_i.o)
                0x080035a0                _printf_i
 .text.memmove  0x080037dc       0x34 c:/Users/kroko/AppData/Roaming/Code/User/globalStorage/bmd.stm32-for-vscode/@xpack-dev-tools/arm-none-eabi-gcc/13.3.1-1.1.1/.content/bin/../lib/gcc/arm-none-eabi/13.3.1/../../../../arm-none-eabi/lib/thumb/v7-m/nofp\libc_nano.a(libc_a-memmove.o)
                0x080037dc                memmove
 .text._sbrk_r  0x08003810       0x20 c:/Users/kroko/AppData/Roaming/Code/User/globalStorage/bmd.stm32-for-vscode/@xpack-dev-tools/arm-none-eabi-gcc/13.3.1-1.1.1/.content/bin/../lib/gcc/arm-none-eabi/13.3.1/../../../../arm-none-eabi/lib/thumb/v7-m/nofp\libc_nano.a(libc_a-sbrkr.o)
                0x08003810                _sbrk_r
 .text.memchr   0x08003830       0x1c c:/Users/kroko/AppData/Roaming/Code/User/globalStorage/bmd.stm32-for-vscode/@xpack-dev-tools/arm-none-eabi-gcc/13.3.1-1.1.1/.content/bin/../lib/gcc/arm-none-eabi/13.3.1/../../../../arm-none-eabi/lib/thumb/v7-m/nofp\libc_nano.a(libc_a-memchr-stub.o)
                0x08003830                memchr
 .text.memcpy   0x0800384c       0x1c c:/Users/kroko/AppData/Roaming/Code/User/globalStorage/bmd.stm32-for-vscode/@xpack-dev-tools/arm-none-eabi-gcc/13.3.1-1.1.1/.content/bin/../lib/gcc/arm-none-eabi/13.3.1/../../../../arm-none-eabi/lib/thumb/v7-m/nofp\libc_nano.a(libc_a-memcpy-stub.o)
                0x0800384c                memcpy
 .text._realloc_r
                0x08003868       0x5c c:/Users/kroko/AppData/Roaming/Code/User/globalStorage/bmd.stm32-for-vscode/@xpack-dev-tools/arm-none-eabi-gcc/13.3.1-1.1.1/.content/bin/../lib/gcc/arm-none-eabi/13.3.1/../../../../arm-none-eabi/lib/thumb/v7-m/nofp\libc_nano.a(libc_a-reallocr.o)
                0x08003868                _realloc_r
 .text._malloc_usable_size_r
                0x080038c4       0x10 c:/Users/kroko/AppData/Roaming/Code/User/globalStorage/bmd.stm32-for-vscode/@xpack-dev-tools/arm-none-eabi-gcc/13.3.1-1.1.1/.content/bin/../lib/gcc/arm-none-eabi/13.3.1/../../../../arm-none-eabi/lib/thumb/v7-m/nofp\libc_nano.a(libc_a-msizer.o)
                0x080038c4                _malloc_usable_size_r
 *(.glue_7)
 .glue_7        0x080038d4        0x0 linker stubs
 *(.glue_7t)
 .glue_7t       0x080038d4        0x0 linker stubs
 *(.eh_frame)
 .eh_frame      0x080038d4        0x0 c:/Users/kroko/AppData/Roaming/Code/User/globalStorage/bmd.stm32-for-vscode/@xpack-dev-tools/arm-none-eabi-gcc/13.3.1-1.1.1/.content/bin/../lib/gcc/arm-none-eabi/13.3.1/thumb/v7-m/nofp/crtbegin.o
 *(.init)
 .init          0x080038d4        0x4 c:/Users/kroko/AppData/Roaming/Code/User/globalStorage/bmd.stm32-for-vscode/@xpack-dev-tools/arm-none-eabi-gcc/13.3.1-1.1.1/.content/bin/../lib/gcc/arm-none-eabi/13.3.1/thumb/v7-m/nofp/crti.o
                0x080038d4                _init
 .init          0x080038d8        0x8 c:/Users/kroko/AppData/Roaming/Code/User/globalStorage/bmd.stm32-for-vscode/@xpack-dev-tools/arm-none-eabi-gcc/13.3.1-1.1.1/.content/bin/../lib/gcc/arm-none-eabi/13.3.1/thumb/v7-m/nofp/crtn.o
 *(.fini)
 .fini          0x080038e0        0x4 c:/Users/kroko/AppData/Roaming/Code/User/globalStorage/bmd.stm32-for-vscode/@xpack-dev-tools/arm-none-eabi-gcc/13.3.1-1.1.1/.content/bin/../lib/gcc/arm-none-eabi/13.3.1/thumb/v7-m/nofp/crti.o
                0x080038e0                _fini
 .fini          0x080038e4        0x8 c:/Users/kroko/AppData/Roaming/Code/User/globalStorage/bmd.stm32-for-vscode/@xpack-dev-tools/arm-none-eabi-gcc/13.3.1-1.1.1/.content/bin/../lib/gcc/arm-none-eabi/13.3.1/thumb/v7-m/nofp/crtn.o
                0x080038ec                        . = ALIGN (0x4)
                0x080038ec                        _etext = .

.vfp11_veneer   0x080038ec        0x0
 .vfp11_veneer  0x080038ec        0x0 linker stubs

.v4_bx          0x080038ec        0x0
 .v4_bx         0x080038ec        0x0 linker stubs

.iplt           0x080038ec        0x0
 .iplt          0x080038ec        0x0 c:/Users/kroko/AppData/Roaming/Code/User/globalStorage/bmd.stm32-for-vscode/@xpack-dev-tools/arm-none-eabi-gcc/13.3.1-1.1.1/.content/bin/../lib/gcc/arm-none-eabi/13.3.1/thumb/v7-m/nofp/crtbegin.o

.rodata         0x080038ec      0xdc4
                0x080038ec                        . = ALIGN (0x4)
 *(.rodata)
 *(.rodata*)
 .rodata.Font11x18
                0x080038ec      0xd5c build/debug/Core/Src/fonts.o
                0x080038ec                Font11x18
 .rodata.main.str1.4
                0x08004648        0x6 build/debug/Core/Src/main.o
 *fill*         0x0800464e        0x2 
 .rodata.APBPrescTable
                0x08004650        0x8 build/debug/Core/Src/system_stm32f1xx.o
                0x08004650                APBPrescTable
 .rodata.AHBPrescTable
                0x08004658       0x10 build/debug/Core/Src/system_stm32f1xx.o
                0x08004658                AHBPrescTable
 .rodata.aPredivFactorTable.0
                0x08004668        0x2 build/debug/Drivers/STM32F1xx_HAL_Driver/Src/stm32f1xx_hal_rcc.o
 *fill*         0x0800466a        0x2 
 .rodata.aPLLMULFactorTable.1
                0x0800466c       0x10 build/debug/Drivers/STM32F1xx_HAL_Driver/Src/stm32f1xx_hal_rcc.o
 .rodata._svfprintf_r.str1.1
                0x0800467c       0x33 c:/Users/kroko/AppData/Roaming/Code/User/globalStorage/bmd.stm32-for-vscode/@xpack-dev-tools/arm-none-eabi-gcc/13.3.1-1.1.1/.content/bin/../lib/gcc/arm-none-eabi/13.3.1/../../../../arm-none-eabi/lib/thumb/v7-m/nofp\libc_nano.a(libc_a-nano-svfprintf.o)
                                 0x11 (size before relaxing)
 .rodata._printf_i.str1.1
                0x080046af       0x22 c:/Users/kroko/AppData/Roaming/Code/User/globalStorage/bmd.stm32-for-vscode/@xpack-dev-tools/arm-none-eabi-gcc/13.3.1-1.1.1/.content/bin/../lib/gcc/arm-none-eabi/13.3.1/../../../../arm-none-eabi/lib/thumb/v7-m/nofp\libc_nano.a(libc_a-nano-vfprintf_i.o)
                0x080046d4                        . = ALIGN (0x4)
 *fill*         0x080046af        0x1 

.rel.dyn        0x080046b0        0x0
 .rel.iplt      0x080046b0        0x0 c:/Users/kroko/AppData/Roaming/Code/User/globalStorage/bmd.stm32-for-vscode/@xpack-dev-tools/arm-none-eabi-gcc/13.3.1-1.1.1/.content/bin/../lib/gcc/arm-none-eabi/13.3.1/thumb/v7-m/nofp/crtbegin.o

.ARM.extab
 *(.ARM.extab* .gnu.linkonce.armextab.*)

.ARM            0x080046b0        0x0
                0x080046b0                        __exidx_start = .
 *(.ARM.exidx*)
                0x080046b0                        __exidx_end = .

.preinit_array  0x080046b0        0x0
                0x080046b0                        PROVIDE (__preinit_array_start = .)
 *(.preinit_array*)
                0x080046b0                        PROVIDE (__preinit_array_end = .)

.init_array     0x080046b0        0x4
                0x080046b0                        PROVIDE (__init_array_start = .)
 *(SORT_BY_NAME(.init_array.*))
 *(.init_array*)
 .init_array    0x080046b0        0x4 c:/Users/kroko/AppData/Roaming/Code/User/globalStorage/bmd.stm32-for-vscode/@xpack-dev-tools/arm-none-eabi-gcc/13.3.1-1.1.1/.content/bin/../lib/gcc/arm-none-eabi/13.3.1/thumb/v7-m/nofp/crtbegin.o
                0x080046b4                        PROVIDE (__init_array_end = .)

.fini_array     0x080046b4        0x4
                0x080046b4                        PROVIDE (__fini_array_start = .)
 *(SORT_BY_NAME(.fini_array.*))
 *(.fini_array*)
 .fini_array    0x080046b4        0x4 c:/Users/kroko/AppData/Roaming/Code/User/globalStorage/bmd.stm32-for-vscode/@xpack-dev-tools/arm-none-eabi-gcc/13.3.1-1.1.1/.content/bin/../lib/gcc/arm-none-eabi/13.3.1/thumb/v7-m/nofp/crtbegin.o
                0x080046b8                        PROVIDE (__fini_array_end = .)
                0x080046b8                        _sidata = LOADADDR (.data)

.data           0x20000000       0x64 load address 0x080046b8
                0x20000000                        . = ALIGN (0x4)
                0x20000000                        _sdata = .
 *(.data)
 *(.data*)
 .data.Font_11x18
                0x20000000        0x8 build/debug/Core/Src/fonts.o
                0x20000000                Font_11x18
 .data.SystemCoreClock
                0x20000008        0x4 build/debug/Core/Src/system_stm32f1xx.o
                0x20000008                SystemCoreClock
 .data.uwTickFreq
                0x2000000c        0x1 build/debug/Drivers/STM32F1xx_HAL_Driver/Src/stm32f1xx_hal.o
                0x2000000c                uwTickFreq
 *fill*         0x2000000d        0x3 
 .data.uwTickPrio
                0x20000010        0x4 build/debug/Drivers/STM32F1xx_HAL_Driver/Src/stm32f1xx_hal.o
                0x20000010                uwTickPrio
 .data._impure_ptr
                0x20000014        0x4 c:/Users/kroko/AppData/Roaming/Code/User/globalStorage/bmd.stm32-for-vscode/@xpack-dev-tools/arm-none-eabi-gcc/13.3.1-1.1.1/.content/bin/../lib/gcc/arm-none-eabi/13.3.1/../../../../arm-none-eabi/lib/thumb/v7-m/nofp\libc_nano.a(libc_a-impure.o)
                0x20000014                _impure_ptr
 .data._impure_data
                0x20000018       0x4c c:/Users/kroko/AppData/Roaming/Code/User/globalStorage/bmd.stm32-for-vscode/@xpack-dev-tools/arm-none-eabi-gcc/13.3.1-1.1.1/.content/bin/../lib/gcc/arm-none-eabi/13.3.1/../../../../arm-none-eabi/lib/thumb/v7-m/nofp\libc_nano.a(libc_a-impure.o)
                0x20000018                _impure_data
                0x20000064                        . = ALIGN (0x4)
                0x20000064                        _edata = .

.igot.plt       0x20000064        0x0 load address 0x0800471c
 .igot.plt      0x20000064        0x0 c:/Users/kroko/AppData/Roaming/Code/User/globalStorage/bmd.stm32-for-vscode/@xpack-dev-tools/arm-none-eabi-gcc/13.3.1-1.1.1/.content/bin/../lib/gcc/arm-none-eabi/13.3.1/thumb/v7-m/nofp/crtbegin.o
                0x20000064                        . = ALIGN (0x4)

.bss            0x20000064      0x764 load address 0x0800471c
                0x20000064                        _sbss = .
                0x20000064                        __bss_start__ = _sbss
 *(.bss)
 *(.bss*)
 .bss.completed.1
                0x20000064        0x1 c:/Users/kroko/AppData/Roaming/Code/User/globalStorage/bmd.stm32-for-vscode/@xpack-dev-tools/arm-none-eabi-gcc/13.3.1-1.1.1/.content/bin/../lib/gcc/arm-none-eabi/13.3.1/thumb/v7-m/nofp/crtbegin.o
 *fill*         0x20000065        0x3 
 .bss.object.0  0x20000068       0x18 c:/Users/kroko/AppData/Roaming/Code/User/globalStorage/bmd.stm32-for-vscode/@xpack-dev-tools/arm-none-eabi-gcc/13.3.1-1.1.1/.content/bin/../lib/gcc/arm-none-eabi/13.3.1/thumb/v7-m/nofp/crtbegin.o
 .bss.disp_tmr  0x20000080        0x4 build/debug/Core/Src/main.o
                0x20000080                disp_tmr
 .bss.intereval_ptr
                0x20000084        0x1 build/debug/Core/Src/main.o
                0x20000084                intereval_ptr
 *fill*         0x20000085        0x3 
 .bss.last_intervals
                0x20000088       0xc8 build/debug/Core/Src/main.o
                0x20000088                last_intervals
 .bss.last_pulse_time
                0x20000150        0x4 build/debug/Core/Src/main.o
                0x20000150                last_pulse_time
 .bss.halls     0x20000154        0x3 build/debug/Core/Src/main.o
                0x20000154                halls
 *fill*         0x20000157        0x1 
 .bss.value_adc
                0x20000158        0x4 build/debug/Core/Src/main.o
                0x20000158                value_adc
 .bss.duty      0x2000015c        0x1 build/debug/Core/Src/main.o
                0x2000015c                duty
 *fill*         0x2000015d        0x3 
 .bss.htim1     0x20000160       0x48 build/debug/Core/Src/main.o
                0x20000160                htim1
 .bss.hi2c1     0x200001a8       0x54 build/debug/Core/Src/main.o
                0x200001a8                hi2c1
 .bss.hdma_adc1
                0x200001fc       0x44 build/debug/Core/Src/main.o
                0x200001fc                hdma_adc1
 .bss.hadc1     0x20000240       0x30 build/debug/Core/Src/main.o
                0x20000240                hadc1
 .bss.SSD1306   0x20000270        0x6 build/debug/Core/Src/ssd1306.o
 *fill*         0x20000276        0x2 
 .bss.SSD1306_Buffer
                0x20000278      0x400 build/debug/Core/Src/ssd1306.o
 .bss.__sbrk_heap_end
                0x20000678        0x4 build/debug/Core/Src/sysmem.o
 .bss.uwTick    0x2000067c        0x4 build/debug/Drivers/STM32F1xx_HAL_Driver/Src/stm32f1xx_hal.o
                0x2000067c                uwTick
 .bss.__sf      0x20000680      0x138 c:/Users/kroko/AppData/Roaming/Code/User/globalStorage/bmd.stm32-for-vscode/@xpack-dev-tools/arm-none-eabi-gcc/13.3.1-1.1.1/.content/bin/../lib/gcc/arm-none-eabi/13.3.1/../../../../arm-none-eabi/lib/thumb/v7-m/nofp\libc_nano.a(libc_a-findfp.o)
                0x20000680                __sf
 .bss.errno     0x200007b8        0x4 c:/Users/kroko/AppData/Roaming/Code/User/globalStorage/bmd.stm32-for-vscode/@xpack-dev-tools/arm-none-eabi-gcc/13.3.1-1.1.1/.content/bin/../lib/gcc/arm-none-eabi/13.3.1/../../../../arm-none-eabi/lib/thumb/v7-m/nofp\libc_nano.a(libc_a-reent.o)
                0x200007b8                errno
 .bss.__lock___malloc_recursive_mutex
                0x200007bc        0x1 c:/Users/kroko/AppData/Roaming/Code/User/globalStorage/bmd.stm32-for-vscode/@xpack-dev-tools/arm-none-eabi-gcc/13.3.1-1.1.1/.content/bin/../lib/gcc/arm-none-eabi/13.3.1/../../../../arm-none-eabi/lib/thumb/v7-m/nofp\libc_nano.a(libc_a-lock.o)
                0x200007bc                __lock___malloc_recursive_mutex
 *fill*         0x200007bd        0x3 
 .bss.__malloc_sbrk_start
                0x200007c0        0x4 c:/Users/kroko/AppData/Roaming/Code/User/globalStorage/bmd.stm32-for-vscode/@xpack-dev-tools/arm-none-eabi-gcc/13.3.1-1.1.1/.content/bin/../lib/gcc/arm-none-eabi/13.3.1/../../../../arm-none-eabi/lib/thumb/v7-m/nofp\libc_nano.a(libc_a-mallocr.o)
                0x200007c0                __malloc_sbrk_start
 .bss.__malloc_free_list
                0x200007c4        0x4 c:/Users/kroko/AppData/Roaming/Code/User/globalStorage/bmd.stm32-for-vscode/@xpack-dev-tools/arm-none-eabi-gcc/13.3.1-1.1.1/.content/bin/../lib/gcc/arm-none-eabi/13.3.1/../../../../arm-none-eabi/lib/thumb/v7-m/nofp\libc_nano.a(libc_a-mallocr.o)
                0x200007c4                __malloc_free_list
 *(COMMON)
                0x200007c8                        . = ALIGN (0x4)
                0x200007c8                        _ebss = .
                0x200007c8                        __bss_end__ = _ebss

._user_heap_stack
                0x200007c8      0x600 load address 0x0800471c
                0x200007c8                        . = ALIGN (0x8)
                [!provide]                        PROVIDE (end = .)
                0x200007c8                        PROVIDE (_end = .)
                0x200009c8                        . = (. + _Min_Heap_Size)
 *fill*         0x200007c8      0x200 
                0x20000dc8                        . = (. + _Min_Stack_Size)
 *fill*         0x200009c8      0x400 
                0x20000dc8                        . = ALIGN (0x8)

/DISCARD/
 libc.a(*)
 libm.a(*)
 libgcc.a(*)
OUTPUT(build/motorControl.elf elf32-littlearm)
LOAD linker stubs
LOAD c:/Users/kroko/AppData/Roaming/Code/User/globalStorage/bmd.stm32-for-vscode/@xpack-dev-tools/arm-none-eabi-gcc/13.3.1-1.1.1/.content/bin/../lib/gcc/arm-none-eabi/13.3.1/../../../../arm-none-eabi/lib/thumb/v7-m/nofp\libc.a
LOAD c:/Users/kroko/AppData/Roaming/Code/User/globalStorage/bmd.stm32-for-vscode/@xpack-dev-tools/arm-none-eabi-gcc/13.3.1-1.1.1/.content/bin/../lib/gcc/arm-none-eabi/13.3.1/../../../../arm-none-eabi/lib/thumb/v7-m/nofp\libm.a
LOAD c:/Users/kroko/AppData/Roaming/Code/User/globalStorage/bmd.stm32-for-vscode/@xpack-dev-tools/arm-none-eabi-gcc/13.3.1-1.1.1/.content/bin/../lib/gcc/arm-none-eabi/13.3.1/thumb/v7-m/nofp\libgcc.a

.ARM.attributes
                0x00000000       0x29
 .ARM.attributes
                0x00000000       0x1d c:/Users/kroko/AppData/Roaming/Code/User/globalStorage/bmd.stm32-for-vscode/@xpack-dev-tools/arm-none-eabi-gcc/13.3.1-1.1.1/.content/bin/../lib/gcc/arm-none-eabi/13.3.1/thumb/v7-m/nofp/crti.o
 .ARM.attributes
                0x0000001d       0x2d c:/Users/kroko/AppData/Roaming/Code/User/globalStorage/bmd.stm32-for-vscode/@xpack-dev-tools/arm-none-eabi-gcc/13.3.1-1.1.1/.content/bin/../lib/gcc/arm-none-eabi/13.3.1/thumb/v7-m/nofp/crtbegin.o
 .ARM.attributes
                0x0000004a       0x2d build/debug/Core/Src/fonts.o
 .ARM.attributes
                0x00000077       0x2d build/debug/Core/Src/main.o
 .ARM.attributes
                0x000000a4       0x2d build/debug/Core/Src/ssd1306.o
 .ARM.attributes
                0x000000d1       0x2d build/debug/Core/Src/stm32f1xx_hal_msp.o
 .ARM.attributes
                0x000000fe       0x2d build/debug/Core/Src/stm32f1xx_it.o
 .ARM.attributes
                0x0000012b       0x2d build/debug/Core/Src/sysmem.o
 .ARM.attributes
                0x00000158       0x2d build/debug/Core/Src/system_stm32f1xx.o
 .ARM.attributes
                0x00000185       0x2d build/debug/Drivers/STM32F1xx_HAL_Driver/Src/stm32f1xx_hal.o
 .ARM.attributes
                0x000001b2       0x2d build/debug/Drivers/STM32F1xx_HAL_Driver/Src/stm32f1xx_hal_adc.o
 .ARM.attributes
                0x000001df       0x2d build/debug/Drivers/STM32F1xx_HAL_Driver/Src/stm32f1xx_hal_cortex.o
 .ARM.attributes
                0x0000020c       0x2d build/debug/Drivers/STM32F1xx_HAL_Driver/Src/stm32f1xx_hal_dma.o
 .ARM.attributes
                0x00000239       0x2d build/debug/Drivers/STM32F1xx_HAL_Driver/Src/stm32f1xx_hal_gpio.o
 .ARM.attributes
                0x00000266       0x2d build/debug/Drivers/STM32F1xx_HAL_Driver/Src/stm32f1xx_hal_i2c.o
 .ARM.attributes
                0x00000293       0x2d build/debug/Drivers/STM32F1xx_HAL_Driver/Src/stm32f1xx_hal_rcc.o
 .ARM.attributes
                0x000002c0       0x2d build/debug/Drivers/STM32F1xx_HAL_Driver/Src/stm32f1xx_hal_rcc_ex.o
 .ARM.attributes
                0x000002ed       0x2d build/debug/Drivers/STM32F1xx_HAL_Driver/Src/stm32f1xx_hal_tim.o
 .ARM.attributes
                0x0000031a       0x2d build/debug/Drivers/STM32F1xx_HAL_Driver/Src/stm32f1xx_hal_tim_ex.o
 .ARM.attributes
                0x00000347       0x21 build/debug/startup_stm32f103xb.o
 .ARM.attributes
                0x00000368       0x2d c:/Users/kroko/AppData/Roaming/Code/User/globalStorage/bmd.stm32-for-vscode/@xpack-dev-tools/arm-none-eabi-gcc/13.3.1-1.1.1/.content/bin/../lib/gcc/arm-none-eabi/13.3.1/../../../../arm-none-eabi/lib/thumb/v7-m/nofp\libc_nano.a(libc_a-findfp.o)
 .ARM.attributes
                0x00000395       0x2d c:/Users/kroko/AppData/Roaming/Code/User/globalStorage/bmd.stm32-for-vscode/@xpack-dev-tools/arm-none-eabi-gcc/13.3.1-1.1.1/.content/bin/../lib/gcc/arm-none-eabi/13.3.1/../../../../arm-none-eabi/lib/thumb/v7-m/nofp\libc_nano.a(libc_a-sprintf.o)
 .ARM.attributes
                0x000003c2       0x2d c:/Users/kroko/AppData/Roaming/Code/User/globalStorage/bmd.stm32-for-vscode/@xpack-dev-tools/arm-none-eabi-gcc/13.3.1-1.1.1/.content/bin/../lib/gcc/arm-none-eabi/13.3.1/../../../../arm-none-eabi/lib/thumb/v7-m/nofp\libc_nano.a(libc_a-memset.o)
 .ARM.attributes
                0x000003ef       0x2d c:/Users/kroko/AppData/Roaming/Code/User/globalStorage/bmd.stm32-for-vscode/@xpack-dev-tools/arm-none-eabi-gcc/13.3.1-1.1.1/.content/bin/../lib/gcc/arm-none-eabi/13.3.1/../../../../arm-none-eabi/lib/thumb/v7-m/nofp\libc_nano.a(libc_a-reent.o)
 .ARM.attributes
                0x0000041c       0x2d c:/Users/kroko/AppData/Roaming/Code/User/globalStorage/bmd.stm32-for-vscode/@xpack-dev-tools/arm-none-eabi-gcc/13.3.1-1.1.1/.content/bin/../lib/gcc/arm-none-eabi/13.3.1/../../../../arm-none-eabi/lib/thumb/v7-m/nofp\libc_nano.a(libc_a-impure.o)
 .ARM.attributes
                0x00000449       0x2d c:/Users/kroko/AppData/Roaming/Code/User/globalStorage/bmd.stm32-for-vscode/@xpack-dev-tools/arm-none-eabi-gcc/13.3.1-1.1.1/.content/bin/../lib/gcc/arm-none-eabi/13.3.1/../../../../arm-none-eabi/lib/thumb/v7-m/nofp\libc_nano.a(libc_a-errno.o)
 .ARM.attributes
                0x00000476       0x2d c:/Users/kroko/AppData/Roaming/Code/User/globalStorage/bmd.stm32-for-vscode/@xpack-dev-tools/arm-none-eabi-gcc/13.3.1-1.1.1/.content/bin/../lib/gcc/arm-none-eabi/13.3.1/../../../../arm-none-eabi/lib/thumb/v7-m/nofp\libc_nano.a(libc_a-init.o)
 .ARM.attributes
                0x000004a3       0x2d c:/Users/kroko/AppData/Roaming/Code/User/globalStorage/bmd.stm32-for-vscode/@xpack-dev-tools/arm-none-eabi-gcc/13.3.1-1.1.1/.content/bin/../lib/gcc/arm-none-eabi/13.3.1/../../../../arm-none-eabi/lib/thumb/v7-m/nofp\libc_nano.a(libc_a-lock.o)
 .ARM.attributes
                0x000004d0       0x2d c:/Users/kroko/AppData/Roaming/Code/User/globalStorage/bmd.stm32-for-vscode/@xpack-dev-tools/arm-none-eabi-gcc/13.3.1-1.1.1/.content/bin/../lib/gcc/arm-none-eabi/13.3.1/../../../../arm-none-eabi/lib/thumb/v7-m/nofp\libc_nano.a(libc_a-freer.o)
 .ARM.attributes
                0x000004fd       0x2d c:/Users/kroko/AppData/Roaming/Code/User/globalStorage/bmd.stm32-for-vscode/@xpack-dev-tools/arm-none-eabi-gcc/13.3.1-1.1.1/.content/bin/../lib/gcc/arm-none-eabi/13.3.1/../../../../arm-none-eabi/lib/thumb/v7-m/nofp\libc_nano.a(libc_a-mallocr.o)
 .ARM.attributes
                0x0000052a       0x2d c:/Users/kroko/AppData/Roaming/Code/User/globalStorage/bmd.stm32-for-vscode/@xpack-dev-tools/arm-none-eabi-gcc/13.3.1-1.1.1/.content/bin/../lib/gcc/arm-none-eabi/13.3.1/../../../../arm-none-eabi/lib/thumb/v7-m/nofp\libc_nano.a(libc_a-mlock.o)
 .ARM.attributes
                0x00000557       0x2d c:/Users/kroko/AppData/Roaming/Code/User/globalStorage/bmd.stm32-for-vscode/@xpack-dev-tools/arm-none-eabi-gcc/13.3.1-1.1.1/.content/bin/../lib/gcc/arm-none-eabi/13.3.1/../../../../arm-none-eabi/lib/thumb/v7-m/nofp\libc_nano.a(libc_a-nano-svfprintf.o)
 .ARM.attributes
                0x00000584       0x2d c:/Users/kroko/AppData/Roaming/Code/User/globalStorage/bmd.stm32-for-vscode/@xpack-dev-tools/arm-none-eabi-gcc/13.3.1-1.1.1/.content/bin/../lib/gcc/arm-none-eabi/13.3.1/../../../../arm-none-eabi/lib/thumb/v7-m/nofp\libc_nano.a(libc_a-nano-vfprintf_i.o)
 .ARM.attributes
                0x000005b1       0x2d c:/Users/kroko/AppData/Roaming/Code/User/globalStorage/bmd.stm32-for-vscode/@xpack-dev-tools/arm-none-eabi-gcc/13.3.1-1.1.1/.content/bin/../lib/gcc/arm-none-eabi/13.3.1/../../../../arm-none-eabi/lib/thumb/v7-m/nofp\libc_nano.a(libc_a-memmove.o)
 .ARM.attributes
                0x000005de       0x2d c:/Users/kroko/AppData/Roaming/Code/User/globalStorage/bmd.stm32-for-vscode/@xpack-dev-tools/arm-none-eabi-gcc/13.3.1-1.1.1/.content/bin/../lib/gcc/arm-none-eabi/13.3.1/../../../../arm-none-eabi/lib/thumb/v7-m/nofp\libc_nano.a(libc_a-sbrkr.o)
 .ARM.attributes
                0x0000060b       0x2d c:/Users/kroko/AppData/Roaming/Code/User/globalStorage/bmd.stm32-for-vscode/@xpack-dev-tools/arm-none-eabi-gcc/13.3.1-1.1.1/.content/bin/../lib/gcc/arm-none-eabi/13.3.1/../../../../arm-none-eabi/lib/thumb/v7-m/nofp\libc_nano.a(libc_a-memchr-stub.o)
 .ARM.attributes
                0x00000638       0x2d c:/Users/kroko/AppData/Roaming/Code/User/globalStorage/bmd.stm32-for-vscode/@xpack-dev-tools/arm-none-eabi-gcc/13.3.1-1.1.1/.content/bin/../lib/gcc/arm-none-eabi/13.3.1/../../../../arm-none-eabi/lib/thumb/v7-m/nofp\libc_nano.a(libc_a-memcpy-stub.o)
 .ARM.attributes
                0x00000665       0x2d c:/Users/kroko/AppData/Roaming/Code/User/globalStorage/bmd.stm32-for-vscode/@xpack-dev-tools/arm-none-eabi-gcc/13.3.1-1.1.1/.content/bin/../lib/gcc/arm-none-eabi/13.3.1/../../../../arm-none-eabi/lib/thumb/v7-m/nofp\libc_nano.a(libc_a-reallocr.o)
 .ARM.attributes
                0x00000692       0x2d c:/Users/kroko/AppData/Roaming/Code/User/globalStorage/bmd.stm32-for-vscode/@xpack-dev-tools/arm-none-eabi-gcc/13.3.1-1.1.1/.content/bin/../lib/gcc/arm-none-eabi/13.3.1/../../../../arm-none-eabi/lib/thumb/v7-m/nofp\libc_nano.a(libc_a-msizer.o)
 .ARM.attributes
                0x000006bf       0x1d c:/Users/kroko/AppData/Roaming/Code/User/globalStorage/bmd.stm32-for-vscode/@xpack-dev-tools/arm-none-eabi-gcc/13.3.1-1.1.1/.content/bin/../lib/gcc/arm-none-eabi/13.3.1/thumb/v7-m/nofp/crtn.o

.comment        0x00000000       0x39
 .comment       0x00000000       0x39 c:/Users/kroko/AppData/Roaming/Code/User/globalStorage/bmd.stm32-for-vscode/@xpack-dev-tools/arm-none-eabi-gcc/13.3.1-1.1.1/.content/bin/../lib/gcc/arm-none-eabi/13.3.1/thumb/v7-m/nofp/crtbegin.o
                                 0x3a (size before relaxing)
 .comment       0x00000039       0x3a build/debug/Core/Src/fonts.o
 .comment       0x00000039       0x3a build/debug/Core/Src/main.o
 .comment       0x00000039       0x3a build/debug/Core/Src/ssd1306.o
 .comment       0x00000039       0x3a build/debug/Core/Src/stm32f1xx_hal_msp.o
 .comment       0x00000039       0x3a build/debug/Core/Src/stm32f1xx_it.o
 .comment       0x00000039       0x3a build/debug/Core/Src/sysmem.o
 .comment       0x00000039       0x3a build/debug/Core/Src/system_stm32f1xx.o
 .comment       0x00000039       0x3a build/debug/Drivers/STM32F1xx_HAL_Driver/Src/stm32f1xx_hal.o
 .comment       0x00000039       0x3a build/debug/Drivers/STM32F1xx_HAL_Driver/Src/stm32f1xx_hal_adc.o
 .comment       0x00000039       0x3a build/debug/Drivers/STM32F1xx_HAL_Driver/Src/stm32f1xx_hal_cortex.o
 .comment       0x00000039       0x3a build/debug/Drivers/STM32F1xx_HAL_Driver/Src/stm32f1xx_hal_dma.o
 .comment       0x00000039       0x3a build/debug/Drivers/STM32F1xx_HAL_Driver/Src/stm32f1xx_hal_gpio.o
 .comment       0x00000039       0x3a build/debug/Drivers/STM32F1xx_HAL_Driver/Src/stm32f1xx_hal_i2c.o
 .comment       0x00000039       0x3a build/debug/Drivers/STM32F1xx_HAL_Driver/Src/stm32f1xx_hal_rcc.o
 .comment       0x00000039       0x3a build/debug/Drivers/STM32F1xx_HAL_Driver/Src/stm32f1xx_hal_rcc_ex.o
 .comment       0x00000039       0x3a build/debug/Drivers/STM32F1xx_HAL_Driver/Src/stm32f1xx_hal_tim.o
 .comment       0x00000039       0x3a build/debug/Drivers/STM32F1xx_HAL_Driver/Src/stm32f1xx_hal_tim_ex.o
 .comment       0x00000039       0x3a c:/Users/kroko/AppData/Roaming/Code/User/globalStorage/bmd.stm32-for-vscode/@xpack-dev-tools/arm-none-eabi-gcc/13.3.1-1.1.1/.content/bin/../lib/gcc/arm-none-eabi/13.3.1/../../../../arm-none-eabi/lib/thumb/v7-m/nofp\libc_nano.a(libc_a-findfp.o)
 .comment       0x00000039       0x3a c:/Users/kroko/AppData/Roaming/Code/User/globalStorage/bmd.stm32-for-vscode/@xpack-dev-tools/arm-none-eabi-gcc/13.3.1-1.1.1/.content/bin/../lib/gcc/arm-none-eabi/13.3.1/../../../../arm-none-eabi/lib/thumb/v7-m/nofp\libc_nano.a(libc_a-sprintf.o)
 .comment       0x00000039       0x3a c:/Users/kroko/AppData/Roaming/Code/User/globalStorage/bmd.stm32-for-vscode/@xpack-dev-tools/arm-none-eabi-gcc/13.3.1-1.1.1/.content/bin/../lib/gcc/arm-none-eabi/13.3.1/../../../../arm-none-eabi/lib/thumb/v7-m/nofp\libc_nano.a(libc_a-memset.o)
 .comment       0x00000039       0x3a c:/Users/kroko/AppData/Roaming/Code/User/globalStorage/bmd.stm32-for-vscode/@xpack-dev-tools/arm-none-eabi-gcc/13.3.1-1.1.1/.content/bin/../lib/gcc/arm-none-eabi/13.3.1/../../../../arm-none-eabi/lib/thumb/v7-m/nofp\libc_nano.a(libc_a-reent.o)
 .comment       0x00000039       0x3a c:/Users/kroko/AppData/Roaming/Code/User/globalStorage/bmd.stm32-for-vscode/@xpack-dev-tools/arm-none-eabi-gcc/13.3.1-1.1.1/.content/bin/../lib/gcc/arm-none-eabi/13.3.1/../../../../arm-none-eabi/lib/thumb/v7-m/nofp\libc_nano.a(libc_a-impure.o)
 .comment       0x00000039       0x3a c:/Users/kroko/AppData/Roaming/Code/User/globalStorage/bmd.stm32-for-vscode/@xpack-dev-tools/arm-none-eabi-gcc/13.3.1-1.1.1/.content/bin/../lib/gcc/arm-none-eabi/13.3.1/../../../../arm-none-eabi/lib/thumb/v7-m/nofp\libc_nano.a(libc_a-errno.o)
 .comment       0x00000039       0x3a c:/Users/kroko/AppData/Roaming/Code/User/globalStorage/bmd.stm32-for-vscode/@xpack-dev-tools/arm-none-eabi-gcc/13.3.1-1.1.1/.content/bin/../lib/gcc/arm-none-eabi/13.3.1/../../../../arm-none-eabi/lib/thumb/v7-m/nofp\libc_nano.a(libc_a-init.o)
 .comment       0x00000039       0x3a c:/Users/kroko/AppData/Roaming/Code/User/globalStorage/bmd.stm32-for-vscode/@xpack-dev-tools/arm-none-eabi-gcc/13.3.1-1.1.1/.content/bin/../lib/gcc/arm-none-eabi/13.3.1/../../../../arm-none-eabi/lib/thumb/v7-m/nofp\libc_nano.a(libc_a-lock.o)
 .comment       0x00000039       0x3a c:/Users/kroko/AppData/Roaming/Code/User/globalStorage/bmd.stm32-for-vscode/@xpack-dev-tools/arm-none-eabi-gcc/13.3.1-1.1.1/.content/bin/../lib/gcc/arm-none-eabi/13.3.1/../../../../arm-none-eabi/lib/thumb/v7-m/nofp\libc_nano.a(libc_a-freer.o)
 .comment       0x00000039       0x3a c:/Users/kroko/AppData/Roaming/Code/User/globalStorage/bmd.stm32-for-vscode/@xpack-dev-tools/arm-none-eabi-gcc/13.3.1-1.1.1/.content/bin/../lib/gcc/arm-none-eabi/13.3.1/../../../../arm-none-eabi/lib/thumb/v7-m/nofp\libc_nano.a(libc_a-mallocr.o)
 .comment       0x00000039       0x3a c:/Users/kroko/AppData/Roaming/Code/User/globalStorage/bmd.stm32-for-vscode/@xpack-dev-tools/arm-none-eabi-gcc/13.3.1-1.1.1/.content/bin/../lib/gcc/arm-none-eabi/13.3.1/../../../../arm-none-eabi/lib/thumb/v7-m/nofp\libc_nano.a(libc_a-mlock.o)
 .comment       0x00000039       0x3a c:/Users/kroko/AppData/Roaming/Code/User/globalStorage/bmd.stm32-for-vscode/@xpack-dev-tools/arm-none-eabi-gcc/13.3.1-1.1.1/.content/bin/../lib/gcc/arm-none-eabi/13.3.1/../../../../arm-none-eabi/lib/thumb/v7-m/nofp\libc_nano.a(libc_a-nano-svfprintf.o)
 .comment       0x00000039       0x3a c:/Users/kroko/AppData/Roaming/Code/User/globalStorage/bmd.stm32-for-vscode/@xpack-dev-tools/arm-none-eabi-gcc/13.3.1-1.1.1/.content/bin/../lib/gcc/arm-none-eabi/13.3.1/../../../../arm-none-eabi/lib/thumb/v7-m/nofp\libc_nano.a(libc_a-nano-vfprintf_i.o)
 .comment       0x00000039       0x3a c:/Users/kroko/AppData/Roaming/Code/User/globalStorage/bmd.stm32-for-vscode/@xpack-dev-tools/arm-none-eabi-gcc/13.3.1-1.1.1/.content/bin/../lib/gcc/arm-none-eabi/13.3.1/../../../../arm-none-eabi/lib/thumb/v7-m/nofp\libc_nano.a(libc_a-memmove.o)
 .comment       0x00000039       0x3a c:/Users/kroko/AppData/Roaming/Code/User/globalStorage/bmd.stm32-for-vscode/@xpack-dev-tools/arm-none-eabi-gcc/13.3.1-1.1.1/.content/bin/../lib/gcc/arm-none-eabi/13.3.1/../../../../arm-none-eabi/lib/thumb/v7-m/nofp\libc_nano.a(libc_a-sbrkr.o)
 .comment       0x00000039       0x3a c:/Users/kroko/AppData/Roaming/Code/User/globalStorage/bmd.stm32-for-vscode/@xpack-dev-tools/arm-none-eabi-gcc/13.3.1-1.1.1/.content/bin/../lib/gcc/arm-none-eabi/13.3.1/../../../../arm-none-eabi/lib/thumb/v7-m/nofp\libc_nano.a(libc_a-memchr-stub.o)
 .comment       0x00000039       0x3a c:/Users/kroko/AppData/Roaming/Code/User/globalStorage/bmd.stm32-for-vscode/@xpack-dev-tools/arm-none-eabi-gcc/13.3.1-1.1.1/.content/bin/../lib/gcc/arm-none-eabi/13.3.1/../../../../arm-none-eabi/lib/thumb/v7-m/nofp\libc_nano.a(libc_a-memcpy-stub.o)
 .comment       0x00000039       0x3a c:/Users/kroko/AppData/Roaming/Code/User/globalStorage/bmd.stm32-for-vscode/@xpack-dev-tools/arm-none-eabi-gcc/13.3.1-1.1.1/.content/bin/../lib/gcc/arm-none-eabi/13.3.1/../../../../arm-none-eabi/lib/thumb/v7-m/nofp\libc_nano.a(libc_a-reallocr.o)
 .comment       0x00000039       0x3a c:/Users/kroko/AppData/Roaming/Code/User/globalStorage/bmd.stm32-for-vscode/@xpack-dev-tools/arm-none-eabi-gcc/13.3.1-1.1.1/.content/bin/../lib/gcc/arm-none-eabi/13.3.1/../../../../arm-none-eabi/lib/thumb/v7-m/nofp\libc_nano.a(libc_a-msizer.o)

.debug_info     0x00000000    0x129de
 .debug_info    0x00000000      0x270 build/debug/Core/Src/fonts.o
 .debug_info    0x00000270     0x1f56 build/debug/Core/Src/main.o
 .debug_info    0x000021c6     0x2165 build/debug/Core/Src/ssd1306.o
 .debug_info    0x0000432b     0x1029 build/debug/Core/Src/stm32f1xx_hal_msp.o
 .debug_info    0x00005354      0x3c5 build/debug/Core/Src/stm32f1xx_it.o
 .debug_info    0x00005719      0x171 build/debug/Core/Src/sysmem.o
 .debug_info    0x0000588a      0x22d build/debug/Core/Src/system_stm32f1xx.o
 .debug_info    0x00005ab7      0x7a2 build/debug/Drivers/STM32F1xx_HAL_Driver/Src/stm32f1xx_hal.o
 .debug_info    0x00006259      0xed9 build/debug/Drivers/STM32F1xx_HAL_Driver/Src/stm32f1xx_hal_adc.o
 .debug_info    0x00007132      0xcd9 build/debug/Drivers/STM32F1xx_HAL_Driver/Src/stm32f1xx_hal_cortex.o
 .debug_info    0x00007e0b      0x7f2 build/debug/Drivers/STM32F1xx_HAL_Driver/Src/stm32f1xx_hal_dma.o
 .debug_info    0x000085fd      0x604 build/debug/Drivers/STM32F1xx_HAL_Driver/Src/stm32f1xx_hal_gpio.o
 .debug_info    0x00008c01     0x390b build/debug/Drivers/STM32F1xx_HAL_Driver/Src/stm32f1xx_hal_i2c.o
 .debug_info    0x0000c50c      0x9c7 build/debug/Drivers/STM32F1xx_HAL_Driver/Src/stm32f1xx_hal_rcc.o
 .debug_info    0x0000ced3      0x420 build/debug/Drivers/STM32F1xx_HAL_Driver/Src/stm32f1xx_hal_rcc_ex.o
 .debug_info    0x0000d2f3     0x3c0f build/debug/Drivers/STM32F1xx_HAL_Driver/Src/stm32f1xx_hal_tim.o
 .debug_info    0x00010f02     0x1aac build/debug/Drivers/STM32F1xx_HAL_Driver/Src/stm32f1xx_hal_tim_ex.o
 .debug_info    0x000129ae       0x30 build/debug/startup_stm32f103xb.o

.debug_abbrev   0x00000000     0x2682
 .debug_abbrev  0x00000000      0x132 build/debug/Core/Src/fonts.o
 .debug_abbrev  0x00000132      0x37c build/debug/Core/Src/main.o
 .debug_abbrev  0x000004ae      0x314 build/debug/Core/Src/ssd1306.o
 .debug_abbrev  0x000007c2      0x296 build/debug/Core/Src/stm32f1xx_hal_msp.o
 .debug_abbrev  0x00000a58      0x19e build/debug/Core/Src/stm32f1xx_it.o
 .debug_abbrev  0x00000bf6       0xea build/debug/Core/Src/sysmem.o
 .debug_abbrev  0x00000ce0      0x143 build/debug/Core/Src/system_stm32f1xx.o
 .debug_abbrev  0x00000e23      0x22d build/debug/Drivers/STM32F1xx_HAL_Driver/Src/stm32f1xx_hal.o
 .debug_abbrev  0x00001050      0x252 build/debug/Drivers/STM32F1xx_HAL_Driver/Src/stm32f1xx_hal_adc.o
 .debug_abbrev  0x000012a2      0x36d build/debug/Drivers/STM32F1xx_HAL_Driver/Src/stm32f1xx_hal_cortex.o
 .debug_abbrev  0x0000160f      0x244 build/debug/Drivers/STM32F1xx_HAL_Driver/Src/stm32f1xx_hal_dma.o
 .debug_abbrev  0x00001853      0x1f7 build/debug/Drivers/STM32F1xx_HAL_Driver/Src/stm32f1xx_hal_gpio.o
 .debug_abbrev  0x00001a4a      0x2be build/debug/Drivers/STM32F1xx_HAL_Driver/Src/stm32f1xx_hal_i2c.o
 .debug_abbrev  0x00001d08      0x2a0 build/debug/Drivers/STM32F1xx_HAL_Driver/Src/stm32f1xx_hal_rcc.o
 .debug_abbrev  0x00001fa8      0x1d8 build/debug/Drivers/STM32F1xx_HAL_Driver/Src/stm32f1xx_hal_rcc_ex.o
 .debug_abbrev  0x00002180      0x270 build/debug/Drivers/STM32F1xx_HAL_Driver/Src/stm32f1xx_hal_tim.o
 .debug_abbrev  0x000023f0      0x26e build/debug/Drivers/STM32F1xx_HAL_Driver/Src/stm32f1xx_hal_tim_ex.o
 .debug_abbrev  0x0000265e       0x24 build/debug/startup_stm32f103xb.o

.debug_loclists
                0x00000000     0xac07
 .debug_loclists
                0x00000000       0x51 build/debug/Core/Src/fonts.o
 .debug_loclists
                0x00000051      0x11b build/debug/Core/Src/main.o
 .debug_loclists
                0x0000016c      0xe00 build/debug/Core/Src/ssd1306.o
 .debug_loclists
                0x00000f6c       0xec build/debug/Core/Src/stm32f1xx_hal_msp.o
 .debug_loclists
                0x00001058       0x52 build/debug/Core/Src/sysmem.o
 .debug_loclists
                0x000010aa       0xb7 build/debug/Core/Src/system_stm32f1xx.o
 .debug_loclists
                0x00001161       0xe1 build/debug/Drivers/STM32F1xx_HAL_Driver/Src/stm32f1xx_hal.o
 .debug_loclists
                0x00001242      0x7c5 build/debug/Drivers/STM32F1xx_HAL_Driver/Src/stm32f1xx_hal_adc.o
 .debug_loclists
                0x00001a07      0x530 build/debug/Drivers/STM32F1xx_HAL_Driver/Src/stm32f1xx_hal_cortex.o
 .debug_loclists
                0x00001f37      0x562 build/debug/Drivers/STM32F1xx_HAL_Driver/Src/stm32f1xx_hal_dma.o
 .debug_loclists
                0x00002499      0x318 build/debug/Drivers/STM32F1xx_HAL_Driver/Src/stm32f1xx_hal_gpio.o
 .debug_loclists
                0x000027b1     0x31ca build/debug/Drivers/STM32F1xx_HAL_Driver/Src/stm32f1xx_hal_i2c.o
 .debug_loclists
                0x0000597b      0x42e build/debug/Drivers/STM32F1xx_HAL_Driver/Src/stm32f1xx_hal_rcc.o
 .debug_loclists
                0x00005da9      0x2eb build/debug/Drivers/STM32F1xx_HAL_Driver/Src/stm32f1xx_hal_rcc_ex.o
 .debug_loclists
                0x00006094     0x37db build/debug/Drivers/STM32F1xx_HAL_Driver/Src/stm32f1xx_hal_tim.o
 .debug_loclists
                0x0000986f     0x1398 build/debug/Drivers/STM32F1xx_HAL_Driver/Src/stm32f1xx_hal_tim_ex.o

.debug_aranges  0x00000000      0xec0
 .debug_aranges
                0x00000000       0x20 build/debug/Core/Src/fonts.o
 .debug_aranges
                0x00000020       0x68 build/debug/Core/Src/main.o
 .debug_aranges
                0x00000088       0xf8 build/debug/Core/Src/ssd1306.o
 .debug_aranges
                0x00000180       0x58 build/debug/Core/Src/stm32f1xx_hal_msp.o
 .debug_aranges
                0x000001d8       0x70 build/debug/Core/Src/stm32f1xx_it.o
 .debug_aranges
                0x00000248       0x20 build/debug/Core/Src/sysmem.o
 .debug_aranges
                0x00000268       0x28 build/debug/Core/Src/system_stm32f1xx.o
 .debug_aranges
                0x00000290       0xe0 build/debug/Drivers/STM32F1xx_HAL_Driver/Src/stm32f1xx_hal.o
 .debug_aranges
                0x00000370       0xf0 build/debug/Drivers/STM32F1xx_HAL_Driver/Src/stm32f1xx_hal_adc.o
 .debug_aranges
                0x00000460       0xc0 build/debug/Drivers/STM32F1xx_HAL_Driver/Src/stm32f1xx_hal_cortex.o
 .debug_aranges
                0x00000520       0x80 build/debug/Drivers/STM32F1xx_HAL_Driver/Src/stm32f1xx_hal_dma.o
 .debug_aranges
                0x000005a0       0x58 build/debug/Drivers/STM32F1xx_HAL_Driver/Src/stm32f1xx_hal_gpio.o
 .debug_aranges
                0x000005f8      0x2a8 build/debug/Drivers/STM32F1xx_HAL_Driver/Src/stm32f1xx_hal_i2c.o
 .debug_aranges
                0x000008a0       0x90 build/debug/Drivers/STM32F1xx_HAL_Driver/Src/stm32f1xx_hal_rcc.o
 .debug_aranges
                0x00000930       0x30 build/debug/Drivers/STM32F1xx_HAL_Driver/Src/stm32f1xx_hal_rcc_ex.o
 .debug_aranges
                0x00000960      0x3d0 build/debug/Drivers/STM32F1xx_HAL_Driver/Src/stm32f1xx_hal_tim.o
 .debug_aranges
                0x00000d30      0x168 build/debug/Drivers/STM32F1xx_HAL_Driver/Src/stm32f1xx_hal_tim_ex.o
 .debug_aranges
                0x00000e98       0x28 build/debug/startup_stm32f103xb.o

.debug_rnglists
                0x00000000      0xb89
 .debug_rnglists
                0x00000000       0x13 build/debug/Core/Src/fonts.o
 .debug_rnglists
                0x00000013       0x4e build/debug/Core/Src/main.o
 .debug_rnglists
                0x00000061       0xd7 build/debug/Core/Src/ssd1306.o
 .debug_rnglists
                0x00000138       0x3e build/debug/Core/Src/stm32f1xx_hal_msp.o
 .debug_rnglists
                0x00000176       0x4f build/debug/Core/Src/stm32f1xx_it.o
 .debug_rnglists
                0x000001c5       0x13 build/debug/Core/Src/sysmem.o
 .debug_rnglists
                0x000001d8       0x1a build/debug/Core/Src/system_stm32f1xx.o
 .debug_rnglists
                0x000001f2       0xa3 build/debug/Drivers/STM32F1xx_HAL_Driver/Src/stm32f1xx_hal.o
 .debug_rnglists
                0x00000295       0xb8 build/debug/Drivers/STM32F1xx_HAL_Driver/Src/stm32f1xx_hal_adc.o
 .debug_rnglists
                0x0000034d       0x8b build/debug/Drivers/STM32F1xx_HAL_Driver/Src/stm32f1xx_hal_cortex.o
 .debug_rnglists
                0x000003d8       0x5e build/debug/Drivers/STM32F1xx_HAL_Driver/Src/stm32f1xx_hal_dma.o
 .debug_rnglists
                0x00000436       0x3f build/debug/Drivers/STM32F1xx_HAL_Driver/Src/stm32f1xx_hal_gpio.o
 .debug_rnglists
                0x00000475      0x236 build/debug/Drivers/STM32F1xx_HAL_Driver/Src/stm32f1xx_hal_i2c.o
 .debug_rnglists
                0x000006ab       0x7d build/debug/Drivers/STM32F1xx_HAL_Driver/Src/stm32f1xx_hal_rcc.o
 .debug_rnglists
                0x00000728       0x2f build/debug/Drivers/STM32F1xx_HAL_Driver/Src/stm32f1xx_hal_rcc_ex.o
 .debug_rnglists
                0x00000757      0x2ff build/debug/Drivers/STM32F1xx_HAL_Driver/Src/stm32f1xx_hal_tim.o
 .debug_rnglists
                0x00000a56      0x11a build/debug/Drivers/STM32F1xx_HAL_Driver/Src/stm32f1xx_hal_tim_ex.o
 .debug_rnglists
                0x00000b70       0x19 build/debug/startup_stm32f103xb.o

.debug_line     0x00000000    0x1220f
 .debug_line    0x00000000      0x33d build/debug/Core/Src/fonts.o
 .debug_line    0x0000033d      0xac7 build/debug/Core/Src/main.o
 .debug_line    0x00000e04      0xdec build/debug/Core/Src/ssd1306.o
 .debug_line    0x00001bf0      0x4f0 build/debug/Core/Src/stm32f1xx_hal_msp.o
 .debug_line    0x000020e0      0x353 build/debug/Core/Src/stm32f1xx_it.o
 .debug_line    0x00002433      0x2bc build/debug/Core/Src/sysmem.o
 .debug_line    0x000026ef      0x2cd build/debug/Core/Src/system_stm32f1xx.o
 .debug_line    0x000029bc      0x5b6 build/debug/Drivers/STM32F1xx_HAL_Driver/Src/stm32f1xx_hal.o
 .debug_line    0x00002f72      0xf0c build/debug/Drivers/STM32F1xx_HAL_Driver/Src/stm32f1xx_hal_adc.o
 .debug_line    0x00003e7e      0x72f build/debug/Drivers/STM32F1xx_HAL_Driver/Src/stm32f1xx_hal_cortex.o
 .debug_line    0x000045ad      0xb77 build/debug/Drivers/STM32F1xx_HAL_Driver/Src/stm32f1xx_hal_dma.o
 .debug_line    0x00005124      0x658 build/debug/Drivers/STM32F1xx_HAL_Driver/Src/stm32f1xx_hal_gpio.o
 .debug_line    0x0000577c     0x56d0 build/debug/Drivers/STM32F1xx_HAL_Driver/Src/stm32f1xx_hal_i2c.o
 .debug_line    0x0000ae4c      0xd32 build/debug/Drivers/STM32F1xx_HAL_Driver/Src/stm32f1xx_hal_rcc.o
 .debug_line    0x0000bb7e      0x532 build/debug/Drivers/STM32F1xx_HAL_Driver/Src/stm32f1xx_hal_rcc_ex.o
 .debug_line    0x0000c0b0     0x4677 build/debug/Drivers/STM32F1xx_HAL_Driver/Src/stm32f1xx_hal_tim.o
 .debug_line    0x00010727     0x1a74 build/debug/Drivers/STM32F1xx_HAL_Driver/Src/stm32f1xx_hal_tim_ex.o
 .debug_line    0x0001219b       0x74 build/debug/startup_stm32f103xb.o

.debug_str      0x00000000     0x43a7
 .debug_str     0x00000000     0x43a7 build/debug/Core/Src/fonts.o
                                0x229 (size before relaxing)
 .debug_str     0x000043a7     0x14df build/debug/Core/Src/main.o
 .debug_str     0x000043a7      0x9b3 build/debug/Core/Src/ssd1306.o
 .debug_str     0x000043a7      0xbe0 build/debug/Core/Src/stm32f1xx_hal_msp.o
 .debug_str     0x000043a7      0x454 build/debug/Core/Src/stm32f1xx_it.o
 .debug_str     0x000043a7      0x1e9 build/debug/Core/Src/sysmem.o
 .debug_str     0x000043a7      0x225 build/debug/Core/Src/system_stm32f1xx.o
 .debug_str     0x000043a7      0x7ff build/debug/Drivers/STM32F1xx_HAL_Driver/Src/stm32f1xx_hal.o
 .debug_str     0x000043a7      0x8ab build/debug/Drivers/STM32F1xx_HAL_Driver/Src/stm32f1xx_hal_adc.o
 .debug_str     0x000043a7      0x8a4 build/debug/Drivers/STM32F1xx_HAL_Driver/Src/stm32f1xx_hal_cortex.o
 .debug_str     0x000043a7      0x5ce build/debug/Drivers/STM32F1xx_HAL_Driver/Src/stm32f1xx_hal_dma.o
 .debug_str     0x000043a7      0x3d1 build/debug/Drivers/STM32F1xx_HAL_Driver/Src/stm32f1xx_hal_gpio.o
 .debug_str     0x000043a7      0xf96 build/debug/Drivers/STM32F1xx_HAL_Driver/Src/stm32f1xx_hal_i2c.o
 .debug_str     0x000043a7      0x5fc build/debug/Drivers/STM32F1xx_HAL_Driver/Src/stm32f1xx_hal_rcc.o
 .debug_str     0x000043a7      0x3a4 build/debug/Drivers/STM32F1xx_HAL_Driver/Src/stm32f1xx_hal_rcc_ex.o
 .debug_str     0x000043a7     0x1656 build/debug/Drivers/STM32F1xx_HAL_Driver/Src/stm32f1xx_hal_tim.o
 .debug_str     0x000043a7      0xe62 build/debug/Drivers/STM32F1xx_HAL_Driver/Src/stm32f1xx_hal_tim_ex.o
 .debug_str     0x000043a7       0x58 build/debug/startup_stm32f103xb.o

.debug_frame    0x00000000     0x29c4
 .debug_frame   0x00000000       0x2c build/debug/Core/Src/fonts.o
 .debug_frame   0x0000002c      0x134 build/debug/Core/Src/main.o
 .debug_frame   0x00000160      0x364 build/debug/Core/Src/ssd1306.o
 .debug_frame   0x000004c4       0xe0 build/debug/Core/Src/stm32f1xx_hal_msp.o
 .debug_frame   0x000005a4       0xd8 build/debug/Core/Src/stm32f1xx_it.o
 .debug_frame   0x0000067c       0x28 build/debug/Core/Src/sysmem.o
 .debug_frame   0x000006a4       0x30 build/debug/Core/Src/system_stm32f1xx.o
 .debug_frame   0x000006d4      0x1cc build/debug/Drivers/STM32F1xx_HAL_Driver/Src/stm32f1xx_hal.o
 .debug_frame   0x000008a0      0x2c8 build/debug/Drivers/STM32F1xx_HAL_Driver/Src/stm32f1xx_hal_adc.o
 .debug_frame   0x00000b68      0x19c build/debug/Drivers/STM32F1xx_HAL_Driver/Src/stm32f1xx_hal_cortex.o
 .debug_frame   0x00000d04      0x144 build/debug/Drivers/STM32F1xx_HAL_Driver/Src/stm32f1xx_hal_dma.o
 .debug_frame   0x00000e48       0xe4 build/debug/Drivers/STM32F1xx_HAL_Driver/Src/stm32f1xx_hal_gpio.o
 .debug_frame   0x00000f2c      0x988 build/debug/Drivers/STM32F1xx_HAL_Driver/Src/stm32f1xx_hal_i2c.o
 .debug_frame   0x000018b4      0x184 build/debug/Drivers/STM32F1xx_HAL_Driver/Src/stm32f1xx_hal_rcc.o
 .debug_frame   0x00001a38       0x5c build/debug/Drivers/STM32F1xx_HAL_Driver/Src/stm32f1xx_hal_rcc_ex.o
 .debug_frame   0x00001a94      0xb18 build/debug/Drivers/STM32F1xx_HAL_Driver/Src/stm32f1xx_hal_tim.o
 .debug_frame   0x000025ac      0x418 build/debug/Drivers/STM32F1xx_HAL_Driver/Src/stm32f1xx_hal_tim_ex.o

.debug_line_str
                0x00000000       0x3c
 .debug_line_str
                0x00000000       0x3c build/debug/startup_stm32f103xb.o

Cross Reference Table

Symbol                                            File
ADC1_2_IRQHandler                                 build/debug/startup_stm32f103xb.o
ADC_ConversionStop_Disable                        build/debug/Drivers/STM32F1xx_HAL_Driver/Src/stm32f1xx_hal_adc.o
                                                  build/debug/Drivers/STM32F1xx_HAL_Driver/Src/stm32f1xx_hal_adc_ex.o
ADC_DMAConvCplt                                   build/debug/Drivers/STM32F1xx_HAL_Driver/Src/stm32f1xx_hal_adc.o
                                                  build/debug/Drivers/STM32F1xx_HAL_Driver/Src/stm32f1xx_hal_adc_ex.o
ADC_DMAError                                      build/debug/Drivers/STM32F1xx_HAL_Driver/Src/stm32f1xx_hal_adc.o
                                                  build/debug/Drivers/STM32F1xx_HAL_Driver/Src/stm32f1xx_hal_adc_ex.o
ADC_DMAHalfConvCplt                               build/debug/Drivers/STM32F1xx_HAL_Driver/Src/stm32f1xx_hal_adc.o
                                                  build/debug/Drivers/STM32F1xx_HAL_Driver/Src/stm32f1xx_hal_adc_ex.o
ADC_Enable                                        build/debug/Drivers/STM32F1xx_HAL_Driver/Src/stm32f1xx_hal_adc.o
                                                  build/debug/Drivers/STM32F1xx_HAL_Driver/Src/stm32f1xx_hal_adc_ex.o
AHBPrescTable                                     build/debug/Core/Src/system_stm32f1xx.o
                                                  build/debug/Drivers/STM32F1xx_HAL_Driver/Src/stm32f1xx_hal_rcc.o
APBPrescTable                                     build/debug/Core/Src/system_stm32f1xx.o
                                                  build/debug/Drivers/STM32F1xx_HAL_Driver/Src/stm32f1xx_hal_rcc.o
BusFault_Handler                                  build/debug/Core/Src/stm32f1xx_it.o
CAN1_RX1_IRQHandler                               build/debug/startup_stm32f103xb.o
CAN1_SCE_IRQHandler                               build/debug/startup_stm32f103xb.o
DMA1_Channel1_IRQHandler                          build/debug/Core/Src/stm32f1xx_it.o
DMA1_Channel2_IRQHandler                          build/debug/startup_stm32f103xb.o
DMA1_Channel3_IRQHandler                          build/debug/startup_stm32f103xb.o
DMA1_Channel4_IRQHandler                          build/debug/startup_stm32f103xb.o
DMA1_Channel5_IRQHandler                          build/debug/startup_stm32f103xb.o
DMA1_Channel6_IRQHandler                          build/debug/startup_stm32f103xb.o
DMA1_Channel7_IRQHandler                          build/debug/startup_stm32f103xb.o
DebugMon_Handler                                  build/debug/Core/Src/stm32f1xx_it.o
Default_Handler                                   build/debug/startup_stm32f103xb.o
EXTI0_IRQHandler                                  build/debug/startup_stm32f103xb.o
EXTI15_10_IRQHandler                              build/debug/startup_stm32f103xb.o
EXTI1_IRQHandler                                  build/debug/startup_stm32f103xb.o
EXTI2_IRQHandler                                  build/debug/startup_stm32f103xb.o
EXTI3_IRQHandler                                  build/debug/startup_stm32f103xb.o
EXTI4_IRQHandler                                  build/debug/startup_stm32f103xb.o
EXTI9_5_IRQHandler                                build/debug/Core/Src/stm32f1xx_it.o
Error_Handler                                     build/debug/Core/Src/main.o
                                                  build/debug/Core/Src/stm32f1xx_hal_msp.o
FLASH_IRQHandler                                  build/debug/startup_stm32f103xb.o
FLASH_PageErase                                   build/debug/Drivers/STM32F1xx_HAL_Driver/Src/stm32f1xx_hal_flash_ex.o
                                                  build/debug/Drivers/STM32F1xx_HAL_Driver/Src/stm32f1xx_hal_flash.o
FLASH_WaitForLastOperation                        build/debug/Drivers/STM32F1xx_HAL_Driver/Src/stm32f1xx_hal_flash.o
                                                  build/debug/Drivers/STM32F1xx_HAL_Driver/Src/stm32f1xx_hal_flash_ex.o
FONTS_GetStringSize                               build/debug/Core/Src/fonts.o
Font11x18                                         build/debug/Core/Src/fonts.o
Font16x26                                         build/debug/Core/Src/fonts.o
Font7x10                                          build/debug/Core/Src/fonts.o
Font_11x18                                        build/debug/Core/Src/fonts.o
                                                  build/debug/Core/Src/main.o
Font_16x26                                        build/debug/Core/Src/fonts.o
Font_7x10                                         build/debug/Core/Src/fonts.o
HAL_ADCEx_Calibration_Start                       build/debug/Drivers/STM32F1xx_HAL_Driver/Src/stm32f1xx_hal_adc_ex.o
HAL_ADCEx_InjectedConfigChannel                   build/debug/Drivers/STM32F1xx_HAL_Driver/Src/stm32f1xx_hal_adc_ex.o
HAL_ADCEx_InjectedConvCpltCallback                build/debug/Drivers/STM32F1xx_HAL_Driver/Src/stm32f1xx_hal_adc_ex.o
                                                  build/debug/Drivers/STM32F1xx_HAL_Driver/Src/stm32f1xx_hal_adc.o
HAL_ADCEx_InjectedGetValue                        build/debug/Drivers/STM32F1xx_HAL_Driver/Src/stm32f1xx_hal_adc_ex.o
HAL_ADCEx_InjectedPollForConversion               build/debug/Drivers/STM32F1xx_HAL_Driver/Src/stm32f1xx_hal_adc_ex.o
HAL_ADCEx_InjectedStart                           build/debug/Drivers/STM32F1xx_HAL_Driver/Src/stm32f1xx_hal_adc_ex.o
HAL_ADCEx_InjectedStart_IT                        build/debug/Drivers/STM32F1xx_HAL_Driver/Src/stm32f1xx_hal_adc_ex.o
HAL_ADCEx_InjectedStop                            build/debug/Drivers/STM32F1xx_HAL_Driver/Src/stm32f1xx_hal_adc_ex.o
HAL_ADCEx_InjectedStop_IT                         build/debug/Drivers/STM32F1xx_HAL_Driver/Src/stm32f1xx_hal_adc_ex.o
HAL_ADCEx_MultiModeConfigChannel                  build/debug/Drivers/STM32F1xx_HAL_Driver/Src/stm32f1xx_hal_adc_ex.o
HAL_ADCEx_MultiModeGetValue                       build/debug/Drivers/STM32F1xx_HAL_Driver/Src/stm32f1xx_hal_adc_ex.o
HAL_ADCEx_MultiModeStart_DMA                      build/debug/Drivers/STM32F1xx_HAL_Driver/Src/stm32f1xx_hal_adc_ex.o
HAL_ADCEx_MultiModeStop_DMA                       build/debug/Drivers/STM32F1xx_HAL_Driver/Src/stm32f1xx_hal_adc_ex.o
HAL_ADC_AnalogWDGConfig                           build/debug/Drivers/STM32F1xx_HAL_Driver/Src/stm32f1xx_hal_adc.o
HAL_ADC_ConfigChannel                             build/debug/Drivers/STM32F1xx_HAL_Driver/Src/stm32f1xx_hal_adc.o
                                                  build/debug/Core/Src/main.o
HAL_ADC_ConvCpltCallback                          build/debug/Drivers/STM32F1xx_HAL_Driver/Src/stm32f1xx_hal_adc.o
HAL_ADC_ConvHalfCpltCallback                      build/debug/Drivers/STM32F1xx_HAL_Driver/Src/stm32f1xx_hal_adc.o
HAL_ADC_DeInit                                    build/debug/Drivers/STM32F1xx_HAL_Driver/Src/stm32f1xx_hal_adc.o
HAL_ADC_ErrorCallback                             build/debug/Drivers/STM32F1xx_HAL_Driver/Src/stm32f1xx_hal_adc.o
HAL_ADC_GetError                                  build/debug/Drivers/STM32F1xx_HAL_Driver/Src/stm32f1xx_hal_adc.o
HAL_ADC_GetState                                  build/debug/Drivers/STM32F1xx_HAL_Driver/Src/stm32f1xx_hal_adc.o
HAL_ADC_GetValue                                  build/debug/Drivers/STM32F1xx_HAL_Driver/Src/stm32f1xx_hal_adc.o
HAL_ADC_IRQHandler                                build/debug/Drivers/STM32F1xx_HAL_Driver/Src/stm32f1xx_hal_adc.o
HAL_ADC_Init                                      build/debug/Drivers/STM32F1xx_HAL_Driver/Src/stm32f1xx_hal_adc.o
                                                  build/debug/Core/Src/main.o
HAL_ADC_LevelOutOfWindowCallback                  build/debug/Drivers/STM32F1xx_HAL_Driver/Src/stm32f1xx_hal_adc.o
HAL_ADC_MspDeInit                                 build/debug/Core/Src/stm32f1xx_hal_msp.o
HAL_ADC_MspInit                                   build/debug/Core/Src/stm32f1xx_hal_msp.o
HAL_ADC_PollForConversion                         build/debug/Drivers/STM32F1xx_HAL_Driver/Src/stm32f1xx_hal_adc.o
HAL_ADC_PollForEvent                              build/debug/Drivers/STM32F1xx_HAL_Driver/Src/stm32f1xx_hal_adc.o
HAL_ADC_Start                                     build/debug/Drivers/STM32F1xx_HAL_Driver/Src/stm32f1xx_hal_adc.o
                                                  build/debug/Core/Src/main.o
HAL_ADC_Start_DMA                                 build/debug/Drivers/STM32F1xx_HAL_Driver/Src/stm32f1xx_hal_adc.o
                                                  build/debug/Core/Src/main.o
HAL_ADC_Start_IT                                  build/debug/Drivers/STM32F1xx_HAL_Driver/Src/stm32f1xx_hal_adc.o
HAL_ADC_Stop                                      build/debug/Drivers/STM32F1xx_HAL_Driver/Src/stm32f1xx_hal_adc.o
HAL_ADC_Stop_DMA                                  build/debug/Drivers/STM32F1xx_HAL_Driver/Src/stm32f1xx_hal_adc.o
HAL_ADC_Stop_IT                                   build/debug/Drivers/STM32F1xx_HAL_Driver/Src/stm32f1xx_hal_adc.o
HAL_DBGMCU_DisableDBGSleepMode                    build/debug/Drivers/STM32F1xx_HAL_Driver/Src/stm32f1xx_hal.o
HAL_DBGMCU_DisableDBGStandbyMode                  build/debug/Drivers/STM32F1xx_HAL_Driver/Src/stm32f1xx_hal.o
HAL_DBGMCU_DisableDBGStopMode                     build/debug/Drivers/STM32F1xx_HAL_Driver/Src/stm32f1xx_hal.o
HAL_DBGMCU_EnableDBGSleepMode                     build/debug/Drivers/STM32F1xx_HAL_Driver/Src/stm32f1xx_hal.o
HAL_DBGMCU_EnableDBGStandbyMode                   build/debug/Drivers/STM32F1xx_HAL_Driver/Src/stm32f1xx_hal.o
HAL_DBGMCU_EnableDBGStopMode                      build/debug/Drivers/STM32F1xx_HAL_Driver/Src/stm32f1xx_hal.o
HAL_DMA_Abort                                     build/debug/Drivers/STM32F1xx_HAL_Driver/Src/stm32f1xx_hal_dma.o
                                                  build/debug/Drivers/STM32F1xx_HAL_Driver/Src/stm32f1xx_hal_adc_ex.o
                                                  build/debug/Drivers/STM32F1xx_HAL_Driver/Src/stm32f1xx_hal_adc.o
HAL_DMA_Abort_IT                                  build/debug/Drivers/STM32F1xx_HAL_Driver/Src/stm32f1xx_hal_dma.o
                                                  build/debug/Drivers/STM32F1xx_HAL_Driver/Src/stm32f1xx_hal_tim_ex.o
                                                  build/debug/Drivers/STM32F1xx_HAL_Driver/Src/stm32f1xx_hal_tim.o
                                                  build/debug/Drivers/STM32F1xx_HAL_Driver/Src/stm32f1xx_hal_i2c.o
HAL_DMA_DeInit                                    build/debug/Drivers/STM32F1xx_HAL_Driver/Src/stm32f1xx_hal_dma.o
                                                  build/debug/Core/Src/stm32f1xx_hal_msp.o
HAL_DMA_GetError                                  build/debug/Drivers/STM32F1xx_HAL_Driver/Src/stm32f1xx_hal_dma.o
HAL_DMA_GetState                                  build/debug/Drivers/STM32F1xx_HAL_Driver/Src/stm32f1xx_hal_dma.o
                                                  build/debug/Drivers/STM32F1xx_HAL_Driver/Src/stm32f1xx_hal_i2c.o
HAL_DMA_IRQHandler                                build/debug/Drivers/STM32F1xx_HAL_Driver/Src/stm32f1xx_hal_dma.o
                                                  build/debug/Core/Src/stm32f1xx_it.o
HAL_DMA_Init                                      build/debug/Drivers/STM32F1xx_HAL_Driver/Src/stm32f1xx_hal_dma.o
                                                  build/debug/Core/Src/stm32f1xx_hal_msp.o
HAL_DMA_PollForTransfer                           build/debug/Drivers/STM32F1xx_HAL_Driver/Src/stm32f1xx_hal_dma.o
HAL_DMA_RegisterCallback                          build/debug/Drivers/STM32F1xx_HAL_Driver/Src/stm32f1xx_hal_dma.o
HAL_DMA_Start                                     build/debug/Drivers/STM32F1xx_HAL_Driver/Src/stm32f1xx_hal_dma.o
HAL_DMA_Start_IT                                  build/debug/Drivers/STM32F1xx_HAL_Driver/Src/stm32f1xx_hal_dma.o
                                                  build/debug/Drivers/STM32F1xx_HAL_Driver/Src/stm32f1xx_hal_tim_ex.o
                                                  build/debug/Drivers/STM32F1xx_HAL_Driver/Src/stm32f1xx_hal_tim.o
                                                  build/debug/Drivers/STM32F1xx_HAL_Driver/Src/stm32f1xx_hal_i2c.o
                                                  build/debug/Drivers/STM32F1xx_HAL_Driver/Src/stm32f1xx_hal_adc_ex.o
                                                  build/debug/Drivers/STM32F1xx_HAL_Driver/Src/stm32f1xx_hal_adc.o
HAL_DMA_UnRegisterCallback                        build/debug/Drivers/STM32F1xx_HAL_Driver/Src/stm32f1xx_hal_dma.o
HAL_DeInit                                        build/debug/Drivers/STM32F1xx_HAL_Driver/Src/stm32f1xx_hal.o
HAL_Delay                                         build/debug/Drivers/STM32F1xx_HAL_Driver/Src/stm32f1xx_hal.o
                                                  build/debug/Core/Src/main.o
HAL_EXTI_ClearConfigLine                          build/debug/Drivers/STM32F1xx_HAL_Driver/Src/stm32f1xx_hal_exti.o
HAL_EXTI_ClearPending                             build/debug/Drivers/STM32F1xx_HAL_Driver/Src/stm32f1xx_hal_exti.o
HAL_EXTI_GenerateSWI                              build/debug/Drivers/STM32F1xx_HAL_Driver/Src/stm32f1xx_hal_exti.o
HAL_EXTI_GetConfigLine                            build/debug/Drivers/STM32F1xx_HAL_Driver/Src/stm32f1xx_hal_exti.o
HAL_EXTI_GetHandle                                build/debug/Drivers/STM32F1xx_HAL_Driver/Src/stm32f1xx_hal_exti.o
HAL_EXTI_GetPending                               build/debug/Drivers/STM32F1xx_HAL_Driver/Src/stm32f1xx_hal_exti.o
HAL_EXTI_IRQHandler                               build/debug/Drivers/STM32F1xx_HAL_Driver/Src/stm32f1xx_hal_exti.o
HAL_EXTI_RegisterCallback                         build/debug/Drivers/STM32F1xx_HAL_Driver/Src/stm32f1xx_hal_exti.o
HAL_EXTI_SetConfigLine                            build/debug/Drivers/STM32F1xx_HAL_Driver/Src/stm32f1xx_hal_exti.o
HAL_FLASHEx_Erase                                 build/debug/Drivers/STM32F1xx_HAL_Driver/Src/stm32f1xx_hal_flash_ex.o
HAL_FLASHEx_Erase_IT                              build/debug/Drivers/STM32F1xx_HAL_Driver/Src/stm32f1xx_hal_flash_ex.o
HAL_FLASHEx_OBErase                               build/debug/Drivers/STM32F1xx_HAL_Driver/Src/stm32f1xx_hal_flash_ex.o
HAL_FLASHEx_OBGetConfig                           build/debug/Drivers/STM32F1xx_HAL_Driver/Src/stm32f1xx_hal_flash_ex.o
HAL_FLASHEx_OBGetUserData                         build/debug/Drivers/STM32F1xx_HAL_Driver/Src/stm32f1xx_hal_flash_ex.o
HAL_FLASHEx_OBProgram                             build/debug/Drivers/STM32F1xx_HAL_Driver/Src/stm32f1xx_hal_flash_ex.o
HAL_FLASH_EndOfOperationCallback                  build/debug/Drivers/STM32F1xx_HAL_Driver/Src/stm32f1xx_hal_flash.o
HAL_FLASH_GetError                                build/debug/Drivers/STM32F1xx_HAL_Driver/Src/stm32f1xx_hal_flash.o
HAL_FLASH_IRQHandler                              build/debug/Drivers/STM32F1xx_HAL_Driver/Src/stm32f1xx_hal_flash.o
HAL_FLASH_Lock                                    build/debug/Drivers/STM32F1xx_HAL_Driver/Src/stm32f1xx_hal_flash.o
HAL_FLASH_OB_Launch                               build/debug/Drivers/STM32F1xx_HAL_Driver/Src/stm32f1xx_hal_flash.o
HAL_FLASH_OB_Lock                                 build/debug/Drivers/STM32F1xx_HAL_Driver/Src/stm32f1xx_hal_flash.o
HAL_FLASH_OB_Unlock                               build/debug/Drivers/STM32F1xx_HAL_Driver/Src/stm32f1xx_hal_flash.o
HAL_FLASH_OperationErrorCallback                  build/debug/Drivers/STM32F1xx_HAL_Driver/Src/stm32f1xx_hal_flash.o
HAL_FLASH_Program                                 build/debug/Drivers/STM32F1xx_HAL_Driver/Src/stm32f1xx_hal_flash.o
HAL_FLASH_Program_IT                              build/debug/Drivers/STM32F1xx_HAL_Driver/Src/stm32f1xx_hal_flash.o
HAL_FLASH_Unlock                                  build/debug/Drivers/STM32F1xx_HAL_Driver/Src/stm32f1xx_hal_flash.o
HAL_GPIOEx_ConfigEventout                         build/debug/Drivers/STM32F1xx_HAL_Driver/Src/stm32f1xx_hal_gpio_ex.o
HAL_GPIOEx_DisableEventout                        build/debug/Drivers/STM32F1xx_HAL_Driver/Src/stm32f1xx_hal_gpio_ex.o
HAL_GPIOEx_EnableEventout                         build/debug/Drivers/STM32F1xx_HAL_Driver/Src/stm32f1xx_hal_gpio_ex.o
HAL_GPIO_DeInit                                   build/debug/Drivers/STM32F1xx_HAL_Driver/Src/stm32f1xx_hal_gpio.o
                                                  build/debug/Core/Src/stm32f1xx_hal_msp.o
HAL_GPIO_EXTI_Callback                            build/debug/Core/Src/main.o
HAL_GPIO_EXTI_IRQHandler                          build/debug/Drivers/STM32F1xx_HAL_Driver/Src/stm32f1xx_hal_gpio.o
                                                  build/debug/Core/Src/stm32f1xx_it.o
HAL_GPIO_Init                                     build/debug/Drivers/STM32F1xx_HAL_Driver/Src/stm32f1xx_hal_gpio.o
                                                  build/debug/Drivers/STM32F1xx_HAL_Driver/Src/stm32f1xx_hal_rcc.o
                                                  build/debug/Core/Src/stm32f1xx_hal_msp.o
                                                  build/debug/Core/Src/main.o
HAL_GPIO_LockPin                                  build/debug/Drivers/STM32F1xx_HAL_Driver/Src/stm32f1xx_hal_gpio.o
HAL_GPIO_ReadPin                                  build/debug/Drivers/STM32F1xx_HAL_Driver/Src/stm32f1xx_hal_gpio.o
                                                  build/debug/Core/Src/main.o
HAL_GPIO_TogglePin                                build/debug/Drivers/STM32F1xx_HAL_Driver/Src/stm32f1xx_hal_gpio.o
                                                  build/debug/Core/Src/main.o
HAL_GPIO_WritePin                                 build/debug/Drivers/STM32F1xx_HAL_Driver/Src/stm32f1xx_hal_gpio.o
                                                  build/debug/Core/Src/main.o
HAL_GetDEVID                                      build/debug/Drivers/STM32F1xx_HAL_Driver/Src/stm32f1xx_hal.o
HAL_GetHalVersion                                 build/debug/Drivers/STM32F1xx_HAL_Driver/Src/stm32f1xx_hal.o