Archive member included to satisfy reference by file (symbol)

c:/Users/kroko/AppData/Roaming/Code/User/globalStorage/bmd.stm32-for-vscode/@xpack-dev-tools/arm-none-eabi-gcc/13.3.1-1.1.1/.content/bin/../lib/gcc/arm-none-eabi/13.3.1/../../../../arm-none-eabi/lib/thumb/v7-m/nofp\libc_nano.a(libc_a-atexit.o)
                              c:/Users/kroko/AppData/Roaming/Code/User/globalStorage/bmd.stm32-for-vscode/@xpack-dev-tools/arm-none-eabi-gcc/13.3.1-1.1.1/.content/bin/../lib/gcc/arm-none-eabi/13.3.1/../../../../arm-none-eabi/lib/thumb/v7-m/nofp/crt0.o (atexit)
c:/Users/kroko/AppData/Roaming/Code/User/globalStorage/bmd.stm32-for-vscode/@xpack-dev-tools/arm-none-eabi-gcc/13.3.1-1.1.1/.content/bin/../lib/gcc/arm-none-eabi/13.3.1/../../../../arm-none-eabi/lib/thumb/v7-m/nofp\libc_nano.a(libc_a-exit.o)
                              c:/Users/kroko/AppData/Roaming/Code/User/globalStorage/bmd.stm32-for-vscode/@xpack-dev-tools/arm-none-eabi-gcc/13.3.1-1.1.1/.content/bin/../lib/gcc/arm-none-eabi/13.3.1/../../../../arm-none-eabi/lib/thumb/v7-m/nofp/crt0.o (exit)
c:/Users/kroko/AppData/Roaming/Code/User/globalStorage/bmd.stm32-for-vscode/@xpack-dev-tools/arm-none-eabi-gcc/13.3.1-1.1.1/.content/bin/../lib/gcc/arm-none-eabi/13.3.1/../../../../arm-none-eabi/lib/thumb/v7-m/nofp\libc_nano.a(libc_a-findfp.o)
                              c:/Users/kroko/AppData/Roaming/Code/User/globalStorage/bmd.stm32-for-vscode/@xpack-dev-tools/arm-none-eabi-gcc/13.3.1-1.1.1/.content/bin/../lib/gcc/arm-none-eabi/13.3.1/../../../../arm-none-eabi/lib/thumb/v7-m/nofp\libc_nano.a(libc_a-exit.o) (__stdio_exit_handler)
c:/Users/kroko/AppData/Roaming/Code/User/globalStorage/bmd.stm32-for-vscode/@xpack-dev-tools/arm-none-eabi-gcc/13.3.1-1.1.1/.content/bin/../lib/gcc/arm-none-eabi/13.3.1/../../../../arm-none-eabi/lib/thumb/v7-m/nofp\libc_nano.a(libc_a-fwalk.o)
                              c:/Users/kroko/AppData/Roaming/Code/User/globalStorage/bmd.stm32-for-vscode/@xpack-dev-tools/arm-none-eabi-gcc/13.3.1-1.1.1/.content/bin/../lib/gcc/arm-none-eabi/13.3.1/../../../../arm-none-eabi/lib/thumb/v7-m/nofp\libc_nano.a(libc_a-findfp.o) (_fwalk_sglue)
c:/Users/kroko/AppData/Roaming/Code/User/globalStorage/bmd.stm32-for-vscode/@xpack-dev-tools/arm-none-eabi-gcc/13.3.1-1.1.1/.content/bin/../lib/gcc/arm-none-eabi/13.3.1/../../../../arm-none-eabi/lib/thumb/v7-m/nofp\libc_nano.a(libc_a-sprintf.o)
                              build/debug/main.o (sprintf)
c:/Users/kroko/AppData/Roaming/Code/User/globalStorage/bmd.stm32-for-vscode/@xpack-dev-tools/arm-none-eabi-gcc/13.3.1-1.1.1/.content/bin/../lib/gcc/arm-none-eabi/13.3.1/../../../../arm-none-eabi/lib/thumb/v7-m/nofp\libc_nano.a(libc_a-stdio.o)
                              c:/Users/kroko/AppData/Roaming/Code/User/globalStorage/bmd.stm32-for-vscode/@xpack-dev-tools/arm-none-eabi-gcc/13.3.1-1.1.1/.content/bin/../lib/gcc/arm-none-eabi/13.3.1/../../../../arm-none-eabi/lib/thumb/v7-m/nofp\libc_nano.a(libc_a-findfp.o) (__sread)
c:/Users/kroko/AppData/Roaming/Code/User/globalStorage/bmd.stm32-for-vscode/@xpack-dev-tools/arm-none-eabi-gcc/13.3.1-1.1.1/.content/bin/../lib/gcc/arm-none-eabi/13.3.1/../../../../arm-none-eabi/lib/thumb/v7-m/nofp\libc_nano.a(libc_a-memset.o)
                              c:/Users/kroko/AppData/Roaming/Code/User/globalStorage/bmd.stm32-for-vscode/@xpack-dev-tools/arm-none-eabi-gcc/13.3.1-1.1.1/.content/bin/../lib/gcc/arm-none-eabi/13.3.1/../../../../arm-none-eabi/lib/thumb/v7-m/nofp/crt0.o (memset)
c:/Users/kroko/AppData/Roaming/Code/User/globalStorage/bmd.stm32-for-vscode/@xpack-dev-tools/arm-none-eabi-gcc/13.3.1-1.1.1/.content/bin/../lib/gcc/arm-none-eabi/13.3.1/../../../../arm-none-eabi/lib/thumb/v7-m/nofp\libc_nano.a(libc_a-closer.o)
                              c:/Users/kroko/AppData/Roaming/Code/User/globalStorage/bmd.stm32-for-vscode/@xpack-dev-tools/arm-none-eabi-gcc/13.3.1-1.1.1/.content/bin/../lib/gcc/arm-none-eabi/13.3.1/../../../../arm-none-eabi/lib/thumb/v7-m/nofp\libc_nano.a(libc_a-stdio.o) (_close_r)
c:/Users/kroko/AppData/Roaming/Code/User/globalStorage/bmd.stm32-for-vscode/@xpack-dev-tools/arm-none-eabi-gcc/13.3.1-1.1.1/.content/bin/../lib/gcc/arm-none-eabi/13.3.1/../../../../arm-none-eabi/lib/thumb/v7-m/nofp\libc_nano.a(libc_a-reent.o)
                              c:/Users/kroko/AppData/Roaming/Code/User/globalStorage/bmd.stm32-for-vscode/@xpack-dev-tools/arm-none-eabi-gcc/13.3.1-1.1.1/.content/bin/../lib/gcc/arm-none-eabi/13.3.1/../../../../arm-none-eabi/lib/thumb/v7-m/nofp\libc_nano.a(libc_a-closer.o) (errno)
c:/Users/kroko/AppData/Roaming/Code/User/globalStorage/bmd.stm32-for-vscode/@xpack-dev-tools/arm-none-eabi-gcc/13.3.1-1.1.1/.content/bin/../lib/gcc/arm-none-eabi/13.3.1/../../../../arm-none-eabi/lib/thumb/v7-m/nofp\libc_nano.a(libc_a-impure.o)
[...]
Memory Configuration

Name             Origin             Length             Attributes
RAM              0x20000000         0x00005000         xrw
FLASH            0x08000000         0x00020000         xr
*default*        0x00000000         0xffffffff

Linker script and memory map

LOAD c:/Users/kroko/AppData/Roaming/Code/User/globalStorage/bmd.stm32-for-vscode/@xpack-dev-tools/arm-none-eabi-gcc/13.3.1-1.1.1/.content/bin/../lib/gcc/arm-none-eabi/13.3.1/thumb/v7-m/nofp/crti.o
LOAD c:/Users/kroko/AppData/Roaming/Code/User/globalStorage/bmd.stm32-for-vscode/@xpack-dev-tools/arm-none-eabi-gcc/13.3.1-1.1.1/.content/bin/../lib/gcc/arm-none-eabi/13.3.1/thumb/v7-m/nofp/crtbegin.o
LOAD c:/Users/kroko/AppData/Roaming/Code/User/globalStorage/bmd.stm32-for-vscode/@xpack-dev-tools/arm-none-eabi-gcc/13.3.1-1.1.1/.content/bin/../lib/gcc/arm-none-eabi/13.3.1/../../../../arm-none-eabi/lib/thumb/v7-m/nofp/crt0.o
LOAD build/debug/fonts.o
LOAD build/debug/main.o
LOAD build/debug/ssd1306.o
LOAD build/debug/stm32f1xx_hal.o
LOAD build/debug/stm32f1xx_hal_adc.o
LOAD build/debug/stm32f1xx_hal_adc_ex.o
LOAD build/debug/stm32f1xx_hal_cortex.o
LOAD build/debug/stm32f1xx_hal_dma.o
LOAD build/debug/stm32f1xx_hal_exti.o
LOAD build/debug/stm32f1xx_hal_flash.o
LOAD build/debug/stm32f1xx_hal_flash_ex.o
LOAD build/debug/stm32f1xx_hal_gpio.o
LOAD build/debug/stm32f1xx_hal_gpio_ex.o
LOAD build/debug/stm32f1xx_hal_i2c.o
LOAD build/debug/stm32f1xx_hal_msp.o
LOAD build/debug/stm32f1xx_hal_pwr.o
LOAD build/debug/stm32f1xx_hal_rcc.o
LOAD build/debug/stm32f1xx_hal_rcc_ex.o
LOAD build/debug/stm32f1xx_hal_tim.o
LOAD build/debug/stm32f1xx_hal_tim_ex.o
LOAD build/debug/stm32f1xx_it.o
LOAD build/debug/syscalls.o
LOAD build/debug/sysmem.o
LOAD build/debug/system_stm32f1xx.o
LOAD build/debug/startup_stm32f103xb.o
LOAD c:/Users/kroko/AppData/Roaming/Code/User/globalStorage/bmd.stm32-for-vscode/@xpack-dev-tools/arm-none-eabi-gcc/13.3.1-1.1.1/.content/bin/../lib/gcc/arm-none-eabi/13.3.1/../../../../arm-none-eabi/lib/thumb/v7-m/nofp\libc_nano.a
LOAD c:/Users/kroko/AppData/Roaming/Code/User/globalStorage/bmd.stm32-for-vscode/@xpack-dev-tools/arm-none-eabi-gcc/13.3.1-1.1.1/.content/bin/../lib/gcc/arm-none-eabi/13.3.1/../../../../arm-none-eabi/lib/thumb/v7-m/nofp\libm.a
LOAD c:/Users/kroko/AppData/Roaming/Code/User/globalStorage/bmd.stm32-for-vscode/@xpack-dev-tools/arm-none-eabi-gcc/13.3.1-1.1.1/.content/bin/../lib/gcc/arm-none-eabi/13.3.1/../../../../arm-none-eabi/lib/thumb/v7-m/nofp\libnosys.a
START GROUP
LOAD c:/Users/kroko/AppData/Roaming/Code/User/globalStorage/bmd.stm32-for-vscode/@xpack-dev-tools/arm-none-eabi-gcc/13.3.1-1.1.1/.content/bin/../lib/gcc/arm-none-eabi/13.3.1/thumb/v7-m/nofp\libgcc.a
LOAD c:/Users/kroko/AppData/Roaming/Code/User/globalStorage/bmd.stm32-for-vscode/@xpack-dev-tools/arm-none-eabi-gcc/13.3.1-1.1.1/.content/bin/../lib/gcc/arm-none-eabi/13.3.1/../../../../arm-none-eabi/lib/thumb/v7-m/nofp\libc_nano.a
END GROUP
START GROUP
LOAD c:/Users/kroko/AppData/Roaming/Code/User/globalStorage/bmd.stm32-for-vscode/@xpack-dev-tools/arm-none-eabi-gcc/13.3.1-1.1.1/.content/bin/../lib/gcc/arm-none-eabi/13.3.1/thumb/v7-m/nofp\libgcc.a
LOAD c:/Users/kroko/AppData/Roaming/Code/User/globalStorage/bmd.stm32-for-vscode/@xpack-dev-tools/arm-none-eabi-gcc/13.3.1-1.1.1/.content/bin/../lib/gcc/arm-none-eabi/13.3.1/../../../../arm-none-eabi/lib/thumb/v7-m/nofp\libc_nano.a
END GROUP
LOAD c:/Users/kroko/AppData/Roaming/Code/User/globalStorage/bmd.stm32-for-vscode/@xpack-dev-tools/arm-none-eabi-gcc/13.3.1-1.1.1/.content/bin/../lib/gcc/arm-none-eabi/13.3.1/thumb/v7-m/nofp/crtend.o
LOAD c:/Users/kroko/AppData/Roaming/Code/User/globalStorage/bmd.stm32-for-vscode/@xpack-dev-tools/arm-none-eabi-gcc/13.3.1-1.1.1/.content/bin/../lib/gcc/arm-none-eabi/13.3.1/thumb/v7-m/nofp/crtn.o
                0x20005000                        _estack = (ORIGIN (RAM) + LENGTH (RAM))
                0x00000200                        _Min_Heap_Size = 0x200
                0x00000400                        _Min_Stack_Size = 0x400

.isr_vector     0x08000000      0x10c
                0x08000000                        . = ALIGN (0x4)
 *(.isr_vector)
 .isr_vector    0x08000000      0x10c build/debug/startup_stm32f103xb.o
                0x08000000                g_pfnVectors
                0x0800010c                        . = ALIGN (0x4)

.text           0x0800010c     0x3880
                0x0800010c                        . = ALIGN (0x4)
 *(.text)
 *(.text*)
 .text.__do_global_dtors_aux
                0x0800010c       0x24 c:/Users/kroko/AppData/Roaming/Code/User/globalStorage/bmd.stm32-for-vscode/@xpack-dev-tools/arm-none-eabi-gcc/13.3.1-1.1.1/.content/bin/../lib/gcc/arm-none-eabi/13.3.1/thumb/v7-m/nofp/crtbegin.o
 .text.frame_dummy
                0x08000130       0x1c c:/Users/kroko/AppData/Roaming/Code/User/globalStorage/bmd.stm32-for-vscode/@xpack-dev-tools/arm-none-eabi-gcc/13.3.1-1.1.1/.content/bin/../lib/gcc/arm-none-eabi/13.3.1/thumb/v7-m/nofp/crtbegin.o
 .text.MX_GPIO_Init
                0x0800014c       0xe0 build/debug/main.o
 .text.MX_DMA_Init
                0x0800022c       0x34 build/debug/main.o
 .text.setPhases
                0x08000260       0xa8 build/debug/main.o
                0x08000260                setPhases
 .text.HAL_GPIO_EXTI_Callback
                0x08000308      0x124 build/debug/main.o
                0x08000308                HAL_GPIO_EXTI_Callback
 .text.Error_Handler
                0x0800042c        0x4 build/debug/main.o
                0x0800042c                Error_Handler
 .text.MX_ADC1_Init
                0x08000430       0x58 build/debug/main.o
 .text.MX_TIM1_Init
                0x08000488       0xfc build/debug/main.o
 .text.MX_I2C1_Init
                0x08000584       0x38 build/debug/main.o
 .text.MX_TIM2_Init
                0x080005bc       0x68 build/debug/main.o
 .text.SystemClock_Config
                0x08000624       0x84 build/debug/main.o
                0x08000624                SystemClock_Config
 .text.main     0x080006a8      0x160 build/debug/main.o
                0x080006a8                main
 .text.SSD1306_Fill
                0x08000808       0x1c build/debug/ssd1306.o
                0x08000808                SSD1306_Fill
 .text.SSD1306_DrawPixel
                0x08000824       0x58 build/debug/ssd1306.o
                0x08000824                SSD1306_DrawPixel
 .text.SSD1306_GotoXY
                0x0800087c        0xc build/debug/ssd1306.o
                0x0800087c                SSD1306_GotoXY
 .text.SSD1306_Putc
                0x08000888       0x9c build/debug/ssd1306.o
                0x08000888                SSD1306_Putc
 .text.SSD1306_Puts
                0x08000924       0x22 build/debug/ssd1306.o
                0x08000924                SSD1306_Puts
 *fill*         0x08000946        0x2 
 .text.ssd1306_I2C_WriteMulti
                0x08000948       0x44 build/debug/ssd1306.o
                0x08000948                ssd1306_I2C_WriteMulti
 .text.ssd1306_I2C_Write
                0x0800098c       0x28 build/debug/ssd1306.o
                0x0800098c                ssd1306_I2C_Write
 .text.SSD1306_UpdateScreen
                0x080009b4       0x48 build/debug/ssd1306.o
                0x080009b4                SSD1306_UpdateScreen
 .text.SSD1306_Clear
                0x080009fc        0xe build/debug/ssd1306.o
                0x080009fc                SSD1306_Clear
 *fill*         0x08000a0a        0x2 
 .text.SSD1306_Init
                0x08000a0c      0x168 build/debug/ssd1306.o
                0x08000a0c                SSD1306_Init
 .text.HAL_InitTick
                0x08000b74       0x4c build/debug/stm32f1xx_hal.o
                0x08000b74                HAL_InitTick
 .text.HAL_Init
                0x08000bc0       0x24 build/debug/stm32f1xx_hal.o
                0x08000bc0                HAL_Init
 .text.HAL_IncTick
                0x08000be4       0x18 build/debug/stm32f1xx_hal.o
                0x08000be4                HAL_IncTick
 .text.HAL_GetTick
                0x08000bfc        0xc build/debug/stm32f1xx_hal.o
                0x08000bfc                HAL_GetTick
 .text.HAL_Delay
                0x08000c08       0x28 build/debug/stm32f1xx_hal.o
                0x08000c08                HAL_Delay
 .text.HAL_ADC_ConvCpltCallback
                0x08000c30        0x2 build/debug/stm32f1xx_hal_adc.o
                0x08000c30                HAL_ADC_ConvCpltCallback
 .text.ADC_DMAConvCplt
                0x08000c32       0x52 build/debug/stm32f1xx_hal_adc.o
                0x08000c32                ADC_DMAConvCplt
 .text.HAL_ADC_ConvHalfCpltCallback
                0x08000c84        0x2 build/debug/stm32f1xx_hal_adc.o
                0x08000c84                HAL_ADC_ConvHalfCpltCallback
 .text.ADC_DMAHalfConvCplt
                0x08000c86        0xa build/debug/stm32f1xx_hal_adc.o
                0x08000c86                ADC_DMAHalfConvCplt
 .text.HAL_ADC_ErrorCallback
                0x08000c90        0x2 build/debug/stm32f1xx_hal_adc.o
                0x08000c90                HAL_ADC_ErrorCallback
 .text.ADC_DMAError
                0x08000c92       0x1a build/debug/stm32f1xx_hal_adc.o
                0x08000c92                ADC_DMAError
 .text.HAL_ADC_ConfigChannel
                0x08000cac      0x140 build/debug/stm32f1xx_hal_adc.o
                0x08000cac                HAL_ADC_ConfigChannel
 .text.ADC_Enable
                0x08000dec       0x88 build/debug/stm32f1xx_hal_adc.o
                0x08000dec                ADC_Enable
 .text.HAL_ADC_Start
                0x08000e74       0xe8 build/debug/stm32f1xx_hal_adc.o
                0x08000e74                HAL_ADC_Start
 .text.HAL_ADC_Start_DMA
                0x08000f5c      0x130 build/debug/stm32f1xx_hal_adc.o
                0x08000f5c                HAL_ADC_Start_DMA
 .text.ADC_ConversionStop_Disable
                0x0800108c       0x56 build/debug/stm32f1xx_hal_adc.o
                0x0800108c                ADC_ConversionStop_Disable
 *fill*         0x080010e2        0x2 
 .text.HAL_ADC_Init
                0x080010e4      0x108 build/debug/stm32f1xx_hal_adc.o
                0x080010e4                HAL_ADC_Init
 .text.__NVIC_SetPriority
                0x080011ec       0x28 build/debug/stm32f1xx_hal_cortex.o
 .text.NVIC_EncodePriority
                0x08001214       0x3e build/debug/stm32f1xx_hal_cortex.o
 *fill*         0x08001252        0x2 
 .text.HAL_NVIC_SetPriorityGrouping
                0x08001254       0x24 build/debug/stm32f1xx_hal_cortex.o
                0x08001254                HAL_NVIC_SetPriorityGrouping
 .text.HAL_NVIC_SetPriority
                0x08001278       0x20 build/debug/stm32f1xx_hal_cortex.o
                0x08001278                HAL_NVIC_SetPriority
 .text.HAL_NVIC_EnableIRQ
                0x08001298       0x1c build/debug/stm32f1xx_hal_cortex.o
                0x08001298                HAL_NVIC_EnableIRQ
 .text.HAL_SYSTICK_Config
                0x080012b4       0x28 build/debug/stm32f1xx_hal_cortex.o
                0x080012b4                HAL_SYSTICK_Config
 .text.DMA_SetConfig
                0x080012dc       0x2c build/debug/stm32f1xx_hal_dma.o
 .text.HAL_DMA_Init
                0x08001308       0x68 build/debug/stm32f1xx_hal_dma.o
                0x08001308                HAL_DMA_Init
 .text.HAL_DMA_Start_IT
                0x08001370       0x76 build/debug/stm32f1xx_hal_dma.o
                0x08001370                HAL_DMA_Start_IT
 *fill*         0x080013e6        0x2 
 .text.HAL_DMA_IRQHandler
                0x080013e8      0x144 build/debug/stm32f1xx_hal_dma.o
                0x080013e8                HAL_DMA_IRQHandler
 .text.HAL_GPIO_Init
                0x0800152c      0x21c build/debug/stm32f1xx_hal_gpio.o
                0x0800152c                HAL_GPIO_Init
 .text.HAL_GPIO_ReadPin
                0x08001748        0xe build/debug/stm32f1xx_hal_gpio.o
                0x08001748                HAL_GPIO_ReadPin
 .text.HAL_GPIO_WritePin
                0x08001756        0xc build/debug/stm32f1xx_hal_gpio.o
                0x08001756                HAL_GPIO_WritePin
 .text.HAL_GPIO_TogglePin
                0x08001762       0x12 build/debug/stm32f1xx_hal_gpio.o
                0x08001762                HAL_GPIO_TogglePin
 .text.HAL_GPIO_EXTI_IRQHandler
                0x08001774       0x1c build/debug/stm32f1xx_hal_gpio.o
                0x08001774                HAL_GPIO_EXTI_IRQHandler
 .text.I2C_IsAcknowledgeFailed
                0x08001790       0x32 build/debug/stm32f1xx_hal_i2c.o
 .text.I2C_WaitOnFlagUntilTimeout
                0x080017c2       0xaa build/debug/stm32f1xx_hal_i2c.o
 .text.I2C_WaitOnMasterAddressFlagUntilTimeout
                0x0800186c       0xd6 build/debug/stm32f1xx_hal_i2c.o
 *fill*         0x08001942        0x2 
 .text.I2C_MasterRequestWrite
                0x08001944       0xb4 build/debug/stm32f1xx_hal_i2c.o
 .text.I2C_WaitOnTXEFlagUntilTimeout
                0x080019f8       0x5e build/debug/stm32f1xx_hal_i2c.o
 .text.I2C_WaitOnBTFFlagUntilTimeout
                0x08001a56       0x5e build/debug/stm32f1xx_hal_i2c.o
 .text.HAL_I2C_Init
                0x08001ab4      0x1bc build/debug/stm32f1xx_hal_i2c.o
                0x08001ab4                HAL_I2C_Init
 .text.HAL_I2C_Master_Transmit
                0x08001c70      0x178 build/debug/stm32f1xx_hal_i2c.o
                0x08001c70                HAL_I2C_Master_Transmit
 .text.HAL_I2C_IsDeviceReady
                0x08001de8      0x194 build/debug/stm32f1xx_hal_i2c.o
                0x08001de8                HAL_I2C_IsDeviceReady
 .text.HAL_MspInit
                0x08001f7c       0x44 build/debug/stm32f1xx_hal_msp.o
                0x08001f7c                HAL_MspInit
 .text.HAL_ADC_MspInit
                0x08001fc0       0x9c build/debug/stm32f1xx_hal_msp.o
                0x08001fc0                HAL_ADC_MspInit
 .text.HAL_I2C_MspInit
                0x0800205c       0x64 build/debug/stm32f1xx_hal_msp.o
                0x0800205c                HAL_I2C_MspInit
 .text.HAL_TIM_Base_MspInit
                0x080020c0       0x4c build/debug/stm32f1xx_hal_msp.o
                0x080020c0                HAL_TIM_Base_MspInit
 .text.HAL_TIM_MspPostInit
                0x0800210c       0x50 build/debug/stm32f1xx_hal_msp.o
                0x0800210c                HAL_TIM_MspPostInit
 .text.RCC_Delay
                0x0800215c       0x2c build/debug/stm32f1xx_hal_rcc.o
 .text.HAL_RCC_OscConfig
                0x08002188      0x410 build/debug/stm32f1xx_hal_rcc.o
                0x08002188                HAL_RCC_OscConfig
 .text.HAL_RCC_GetSysClockFreq
                0x08002598       0x54 build/debug/stm32f1xx_hal_rcc.o
                0x08002598                HAL_RCC_GetSysClockFreq
 .text.HAL_RCC_ClockConfig
                0x080025ec      0x16c build/debug/stm32f1xx_hal_rcc.o
                0x080025ec                HAL_RCC_ClockConfig
 .text.HAL_RCC_GetHCLKFreq
                0x08002758        0xc build/debug/stm32f1xx_hal_rcc.o
                0x08002758                HAL_RCC_GetHCLKFreq
 .text.HAL_RCC_GetPCLK1Freq
                0x08002764       0x20 build/debug/stm32f1xx_hal_rcc.o
                0x08002764                HAL_RCC_GetPCLK1Freq
 .text.HAL_RCCEx_PeriphCLKConfig
                0x08002784      0x118 build/debug/stm32f1xx_hal_rcc_ex.o
                0x08002784                HAL_RCCEx_PeriphCLKConfig
 .text.TIM_OC1_SetConfig
                0x0800289c       0x54 build/debug/stm32f1xx_hal_tim.o
 .text.TIM_OC3_SetConfig
                0x080028f0       0x5c build/debug/stm32f1xx_hal_tim.o
 .text.TIM_OC4_SetConfig
                0x0800294c       0x48 build/debug/stm32f1xx_hal_tim.o
 .text.TIM_TI1_ConfigInputStage
                0x08002994       0x24 build/debug/stm32f1xx_hal_tim.o
 .text.TIM_TI2_ConfigInputStage
                0x080029b8       0x26 build/debug/stm32f1xx_hal_tim.o
 .text.TIM_ITRx_SetConfig
                0x080029de       0x10 build/debug/stm32f1xx_hal_tim.o
 .text.HAL_TIM_PWM_MspInit
                0x080029ee        0x2 build/debug/stm32f1xx_hal_tim.o
                0x080029ee                HAL_TIM_PWM_MspInit
 .text.TIM_Base_SetConfig
                0x080029f0       0x84 build/debug/stm32f1xx_hal_tim.o
                0x080029f0                TIM_Base_SetConfig
 .text.HAL_TIM_Base_Init
                0x08002a74       0x58 build/debug/stm32f1xx_hal_tim.o
                0x08002a74                HAL_TIM_Base_Init
 .text.HAL_TIM_PWM_Init
                0x08002acc       0x58 build/debug/stm32f1xx_hal_tim.o
                0x08002acc                HAL_TIM_PWM_Init
 .text.TIM_OC2_SetConfig
                0x08002b24       0x5c build/debug/stm32f1xx_hal_tim.o
                0x08002b24                TIM_OC2_SetConfig
 .text.HAL_TIM_PWM_ConfigChannel
                0x08002b80       0xdc build/debug/stm32f1xx_hal_tim.o
                0x08002b80                HAL_TIM_PWM_ConfigChannel
 .text.TIM_ETR_SetConfig
                0x08002c5c       0x18 build/debug/stm32f1xx_hal_tim.o
                0x08002c5c                TIM_ETR_SetConfig
 .text.HAL_TIM_ConfigClockSource
                0x08002c74       0xfe build/debug/stm32f1xx_hal_tim.o
                0x08002c74                HAL_TIM_ConfigClockSource
 .text.TIM_CCxChannelCmd
                0x08002d72       0x1e build/debug/stm32f1xx_hal_tim.o
                0x08002d72                TIM_CCxChannelCmd
 .text.HAL_TIM_PWM_Start
                0x08002d90       0xdc build/debug/stm32f1xx_hal_tim.o
                0x08002d90                HAL_TIM_PWM_Start
 .text.HAL_TIMEx_MasterConfigSynchronization
                0x08002e6c       0x6c build/debug/stm32f1xx_hal_tim_ex.o
                0x08002e6c                HAL_TIMEx_MasterConfigSynchronization
 .text.HAL_TIMEx_ConfigBreakDeadTime
                0x08002ed8       0x52 build/debug/stm32f1xx_hal_tim_ex.o
                0x08002ed8                HAL_TIMEx_ConfigBreakDeadTime
 .text.NMI_Handler
                0x08002f2a        0x2 build/debug/stm32f1xx_it.o
                0x08002f2a                NMI_Handler
 .text.HardFault_Handler
                0x08002f2c        0x2 build/debug/stm32f1xx_it.o
                0x08002f2c                HardFault_Handler
 .text.MemManage_Handler
                0x08002f2e        0x2 build/debug/stm32f1xx_it.o
                0x08002f2e                MemManage_Handler
 .text.BusFault_Handler
                0x08002f30        0x2 build/debug/stm32f1xx_it.o
                0x08002f30                BusFault_Handler
 .text.UsageFault_Handler
                0x08002f32        0x2 build/debug/stm32f1xx_it.o
                0x08002f32                UsageFault_Handler
 .text.SVC_Handler
                0x08002f34        0x2 build/debug/stm32f1xx_it.o
                0x08002f34                SVC_Handler
 .text.DebugMon_Handler
                0x08002f36        0x2 build/debug/stm32f1xx_it.o
                0x08002f36                DebugMon_Handler
 .text.PendSV_Handler
                0x08002f38        0x2 build/debug/stm32f1xx_it.o
                0x08002f38                PendSV_Handler
 .text.SysTick_Handler
                0x08002f3a        0x8 build/debug/stm32f1xx_it.o
                0x08002f3a                SysTick_Handler
 *fill*         0x08002f42        0x2 
 .text.DMA1_Channel1_IRQHandler
                0x08002f44       0x10 build/debug/stm32f1xx_it.o
                0x08002f44                DMA1_Channel1_IRQHandler
 .text.EXTI9_5_IRQHandler
                0x08002f54        0xa build/debug/stm32f1xx_it.o
                0x08002f54                EXTI9_5_IRQHandler
 .text.EXTI15_10_IRQHandler
                0x08002f5e       0x1c build/debug/stm32f1xx_it.o
                0x08002f5e                EXTI15_10_IRQHandler
 *fill*         0x08002f7a        0x2 
 .text._sbrk    0x08002f7c       0x48 build/debug/sysmem.o
                0x08002f7c                _sbrk
 .text.SystemInit
                0x08002fc4        0x2 build/debug/system_stm32f1xx.o
                0x08002fc4                SystemInit
 *fill*         0x08002fc6        0x2 
 .text.Reset_Handler
                0x08002fc8       0x48 build/debug/startup_stm32f103xb.o
                0x08002fc8                Reset_Handler
 .text.Default_Handler
                0x08003010        0x2 build/debug/startup_stm32f103xb.o
                0x08003010                RTC_Alarm_IRQHandler
                0x08003010                EXTI2_IRQHandler
                0x08003010                TIM1_CC_IRQHandler
                0x08003010                PVD_IRQHandler
                0x08003010                EXTI3_IRQHandler
                0x08003010                EXTI0_IRQHandler
                0x08003010                I2C2_EV_IRQHandler
                0x08003010                ADC1_2_IRQHandler
                0x08003010                SPI1_IRQHandler
                0x08003010                TAMPER_IRQHandler
                0x08003010                DMA1_Channel4_IRQHandler
                0x08003010                USART3_IRQHandler
                0x08003010                RTC_IRQHandler
                0x08003010                DMA1_Channel7_IRQHandler
                0x08003010                CAN1_RX1_IRQHandler
                0x08003010                TIM4_IRQHandler
                0x08003010                I2C1_EV_IRQHandler
                0x08003010                DMA1_Channel6_IRQHandler
                0x08003010                TIM3_IRQHandler
                0x08003010                RCC_IRQHandler
                0x08003010                TIM1_TRG_COM_IRQHandler
                0x08003010                Default_Handler
                0x08003010                SPI2_IRQHandler
                0x08003010                DMA1_Channel5_IRQHandler
                0x08003010                EXTI4_IRQHandler
                0x08003010                USB_LP_CAN1_RX0_IRQHandler
                0x08003010                USB_HP_CAN1_TX_IRQHandler
                0x08003010                DMA1_Channel3_IRQHandler
                0x08003010                TIM1_UP_IRQHandler
                0x08003010                WWDG_IRQHandler
                0x08003010                TIM2_IRQHandler
                0x08003010                TIM1_BRK_IRQHandler
                0x08003010                EXTI1_IRQHandler
                0x08003010                USART2_IRQHandler
                0x08003010                I2C2_ER_IRQHandler
                0x08003010                DMA1_Channel2_IRQHandler
                0x08003010                CAN1_SCE_IRQHandler
                0x08003010                FLASH_IRQHandler
                0x08003010                USART1_IRQHandler
                0x08003010                I2C1_ER_IRQHandler
                0x08003010                USBWakeUp_IRQHandler
 *fill*         0x08003012        0x2 
 .text.sprintf  0x08003014       0x44 c:/Users/kroko/AppData/Roaming/Code/User/globalStorage/bmd.stm32-for-vscode/@xpack-dev-tools/arm-none-eabi-gcc/13.3.1-1.1.1/.content/bin/../lib/gcc/arm-none-eabi/13.3.1/../../../../arm-none-eabi/lib/thumb/v7-m/nofp\libc_nano.a(libc_a-sprintf.o)
                0x08003014                siprintf
                0x08003014                sprintf
 .text.memset   0x08003058       0x10 c:/Users/kroko/AppData/Roaming/Code/User/globalStorage/bmd.stm32-for-vscode/@xpack-dev-tools/arm-none-eabi-gcc/13.3.1-1.1.1/.content/bin/../lib/gcc/arm-none-eabi/13.3.1/../../../../arm-none-eabi/lib/thumb/v7-m/nofp\libc_nano.a(libc_a-memset.o)
                0x08003058                memset
 .text.__errno  0x08003068        0xc c:/Users/kroko/AppData/Roaming/Code/User/globalStorage/bmd.stm32-for-vscode/@xpack-dev-tools/arm-none-eabi-gcc/13.3.1-1.1.1/.content/bin/../lib/gcc/arm-none-eabi/13.3.1/../../../../arm-none-eabi/lib/thumb/v7-m/nofp\libc_nano.a(libc_a-errno.o)
                0x08003068                __errno
 .text.__libc_init_array
                0x08003074       0x48 c:/Users/kroko/AppData/Roaming/Code/User/globalStorage/bmd.stm32-for-vscode/@xpack-dev-tools/arm-none-eabi-gcc/13.3.1-1.1.1/.content/bin/../lib/gcc/arm-none-eabi/13.3.1/../../../../arm-none-eabi/lib/thumb/v7-m/nofp\libc_nano.a(libc_a-init.o)
                0x08003074                __libc_init_array
 .text.__retarget_lock_acquire_recursive
                0x080030bc        0x2 c:/Users/kroko/AppData/Roaming/Code/User/globalStorage/bmd.stm32-for-vscode/@xpack-dev-tools/arm-none-eabi-gcc/13.3.1-1.1.1/.content/bin/../lib/gcc/arm-none-eabi/13.3.1/../../../../arm-none-eabi/lib/thumb/v7-m/nofp\libc_nano.a(libc_a-lock.o)
                0x080030bc                __retarget_lock_acquire_recursive
 .text.__retarget_lock_release_recursive
                0x080030be        0x2 c:/Users/kroko/AppData/Roaming/Code/User/globalStorage/bmd.stm32-for-vscode/@xpack-dev-tools/arm-none-eabi-gcc/13.3.1-1.1.1/.content/bin/../lib/gcc/arm-none-eabi/13.3.1/../../../../arm-none-eabi/lib/thumb/v7-m/nofp\libc_nano.a(libc_a-lock.o)
                0x080030be                __retarget_lock_release_recursive
 .text._free_r  0x080030c0       0x90 c:/Users/kroko/AppData/Roaming/Code/User/globalStorage/bmd.stm32-for-vscode/@xpack-dev-tools/arm-none-eabi-gcc/13.3.1-1.1.1/.content/bin/../lib/gcc/arm-none-eabi/13.3.1/../../../../arm-none-eabi/lib/thumb/v7-m/nofp\libc_nano.a(libc_a-freer.o)
                0x080030c0                _free_r
 .text.sbrk_aligned
                0x08003150       0x44 c:/Users/kroko/AppData/Roaming/Code/User/globalStorage/bmd.stm32-for-vscode/@xpack-dev-tools/arm-none-eabi-gcc/13.3.1-1.1.1/.content/bin/../lib/gcc/arm-none-eabi/13.3.1/../../../../arm-none-eabi/lib/thumb/v7-m/nofp\libc_nano.a(libc_a-mallocr.o)
 .text._malloc_r
                0x08003194      0x100 c:/Users/kroko/AppData/Roaming/Code/User/globalStorage/bmd.stm32-for-vscode/@xpack-dev-tools/arm-none-eabi-gcc/13.3.1-1.1.1/.content/bin/../lib/gcc/arm-none-eabi/13.3.1/../../../../arm-none-eabi/lib/thumb/v7-m/nofp\libc_nano.a(libc_a-mallocr.o)
                0x08003194                _malloc_r
 .text.__malloc_lock
                0x08003294        0xc c:/Users/kroko/AppData/Roaming/Code/User/globalStorage/bmd.stm32-for-vscode/@xpack-dev-tools/arm-none-eabi-gcc/13.3.1-1.1.1/.content/bin/../lib/gcc/arm-none-eabi/13.3.1/../../../../arm-none-eabi/lib/thumb/v7-m/nofp\libc_nano.a(libc_a-mlock.o)
                0x08003294                __malloc_lock
 .text.__malloc_unlock
                0x080032a0        0xc c:/Users/kroko/AppData/Roaming/Code/User/globalStorage/bmd.stm32-for-vscode/@xpack-dev-tools/arm-none-eabi-gcc/13.3.1-1.1.1/.content/bin/../lib/gcc/arm-none-eabi/13.3.1/../../../../arm-none-eabi/lib/thumb/v7-m/nofp\libc_nano.a(libc_a-mlock.o)
                0x080032a0                __malloc_unlock
 .text.__ssputs_r
                0x080032ac       0xb6 c:/Users/kroko/AppData/Roaming/Code/User/globalStorage/bmd.stm32-for-vscode/@xpack-dev-tools/arm-none-eabi-gcc/13.3.1-1.1.1/.content/bin/../lib/gcc/arm-none-eabi/13.3.1/../../../../arm-none-eabi/lib/thumb/v7-m/nofp\libc_nano.a(libc_a-nano-svfprintf.o)
                0x080032ac                __ssputs_r
 *fill*         0x08003362        0x2 
 .text._svfprintf_r
                0x08003364      0x1f8 c:/Users/kroko/AppData/Roaming/Code/User/globalStorage/bmd.stm32-for-vscode/@xpack-dev-tools/arm-none-eabi-gcc/13.3.1-1.1.1/.content/bin/../lib/gcc/arm-none-eabi/13.3.1/../../../../arm-none-eabi/lib/thumb/v7-m/nofp\libc_nano.a(libc_a-nano-svfprintf.o)
                0x08003364                _svfiprintf_r
                0x08003364                _svfprintf_r
 .text._printf_common
                0x0800355c       0xe4 c:/Users/kroko/AppData/Roaming/Code/User/globalStorage/bmd.stm32-for-vscode/@xpack-dev-tools/arm-none-eabi-gcc/13.3.1-1.1.1/.content/bin/../lib/gcc/arm-none-eabi/13.3.1/../../../../arm-none-eabi/lib/thumb/v7-m/nofp\libc_nano.a(libc_a-nano-vfprintf_i.o)
                0x0800355c                _printf_common
 .text._printf_i
                0x08003640      0x23c c:/Users/kroko/AppData/Roaming/Code/User/globalStorage/bmd.stm32-for-vscode/@xpack-dev-tools/arm-none-eabi-gcc/13.3.1-1.1.1/.content/bin/../lib/gcc/arm-none-eabi/13.3.1/../../../../arm-none-eabi/lib/thumb/v7-m/nofp\libc_nano.a(libc_a-nano-vfprintf_i.o)
                0x08003640                _printf_i
 .text.memmove  0x0800387c       0x34 c:/Users/kroko/AppData/Roaming/Code/User/globalStorage/bmd.stm32-for-vscode/@xpack-dev-tools/arm-none-eabi-gcc/13.3.1-1.1.1/.content/bin/../lib/gcc/arm-none-eabi/13.3.1/../../../../arm-none-eabi/lib/thumb/v7-m/nofp\libc_nano.a(libc_a-memmove.o)
                0x0800387c                memmove
 .text._sbrk_r  0x080038b0       0x20 c:/Users/kroko/AppData/Roaming/Code/User/globalStorage/bmd.stm32-for-vscode/@xpack-dev-tools/arm-none-eabi-gcc/13.3.1-1.1.1/.content/bin/../lib/gcc/arm-none-eabi/13.3.1/../../../../arm-none-eabi/lib/thumb/v7-m/nofp\libc_nano.a(libc_a-sbrkr.o)
                0x080038b0                _sbrk_r
 .text.memchr   0x080038d0       0x1c c:/Users/kroko/AppData/Roaming/Code/User/globalStorage/bmd.stm32-for-vscode/@xpack-dev-tools/arm-none-eabi-gcc/13.3.1-1.1.1/.content/bin/../lib/gcc/arm-none-eabi/13.3.1/../../../../arm-none-eabi/lib/thumb/v7-m/nofp\libc_nano.a(libc_a-memchr-stub.o)
                0x080038d0                memchr
 .text.memcpy   0x080038ec       0x1c c:/Users/kroko/AppData/Roaming/Code/User/globalStorage/bmd.stm32-for-vscode/@xpack-dev-tools/arm-none-eabi-gcc/13.3.1-1.1.1/.content/bin/../lib/gcc/arm-none-eabi/13.3.1/../../../../arm-none-eabi/lib/thumb/v7-m/nofp\libc_nano.a(libc_a-memcpy-stub.o)
                0x080038ec                memcpy
 .text._realloc_r
                0x08003908       0x5c c:/Users/kroko/AppData/Roaming/Code/User/globalStorage/bmd.stm32-for-vscode/@xpack-dev-tools/arm-none-eabi-gcc/13.3.1-1.1.1/.content/bin/../lib/gcc/arm-none-eabi/13.3.1/../../../../arm-none-eabi/lib/thumb/v7-m/nofp\libc_nano.a(libc_a-reallocr.o)
                0x08003908                _realloc_r
 .text._malloc_usable_size_r
                0x08003964       0x10 c:/Users/kroko/AppData/Roaming/Code/User/globalStorage/bmd.stm32-for-vscode/@xpack-dev-tools/arm-none-eabi-gcc/13.3.1-1.1.1/.content/bin/../lib/gcc/arm-none-eabi/13.3.1/../../../../arm-none-eabi/lib/thumb/v7-m/nofp\libc_nano.a(libc_a-msizer.o)
                0x08003964                _malloc_usable_size_r
 *(.glue_7)
 .glue_7        0x08003974        0x0 linker stubs
 *(.glue_7t)
 .glue_7t       0x08003974        0x0 linker stubs
 *(.eh_frame)
 .eh_frame      0x08003974        0x0 c:/Users/kroko/AppData/Roaming/Code/User/globalStorage/bmd.stm32-for-vscode/@xpack-dev-tools/arm-none-eabi-gcc/13.3.1-1.1.1/.content/bin/../lib/gcc/arm-none-eabi/13.3.1/thumb/v7-m/nofp/crtbegin.o
 *(.init)
 .init          0x08003974        0x4 c:/Users/kroko/AppData/Roaming/Code/User/globalStorage/bmd.stm32-for-vscode/@xpack-dev-tools/arm-none-eabi-gcc/13.3.1-1.1.1/.content/bin/../lib/gcc/arm-none-eabi/13.3.1/thumb/v7-m/nofp/crti.o
                0x08003974                _init
 .init          0x08003978        0x8 c:/Users/kroko/AppData/Roaming/Code/User/globalStorage/bmd.stm32-for-vscode/@xpack-dev-tools/arm-none-eabi-gcc/13.3.1-1.1.1/.content/bin/../lib/gcc/arm-none-eabi/13.3.1/thumb/v7-m/nofp/crtn.o
 *(.fini)
 .fini          0x08003980        0x4 c:/Users/kroko/AppData/Roaming/Code/User/globalStorage/bmd.stm32-for-vscode/@xpack-dev-tools/arm-none-eabi-gcc/13.3.1-1.1.1/.content/bin/../lib/gcc/arm-none-eabi/13.3.1/thumb/v7-m/nofp/crti.o
                0x08003980                _fini
 .fini          0x08003984        0x8 c:/Users/kroko/AppData/Roaming/Code/User/globalStorage/bmd.stm32-for-vscode/@xpack-dev-tools/arm-none-eabi-gcc/13.3.1-1.1.1/.content/bin/../lib/gcc/arm-none-eabi/13.3.1/thumb/v7-m/nofp/crtn.o
                0x0800398c                        . = ALIGN (0x4)
                0x0800398c                        _etext = .

.vfp11_veneer   0x0800398c        0x0
 .vfp11_veneer  0x0800398c        0x0 linker stubs

.v4_bx          0x0800398c        0x0
 .v4_bx         0x0800398c        0x0 linker stubs

.iplt           0x0800398c        0x0
 .iplt          0x0800398c        0x0 c:/Users/kroko/AppData/Roaming/Code/User/globalStorage/bmd.stm32-for-vscode/@xpack-dev-tools/arm-none-eabi-gcc/13.3.1-1.1.1/.content/bin/../lib/gcc/arm-none-eabi/13.3.1/thumb/v7-m/nofp/crtbegin.o

.rodata         0x0800398c      0xdcc
                0x0800398c                        . = ALIGN (0x4)
 *(.rodata)
 *(.rodata*)
 .rodata.Font11x18
                0x0800398c      0xd5c build/debug/fonts.o
                0x0800398c                Font11x18
 .rodata.main.str1.4
                0x080046e8        0xf build/debug/main.o
 *fill*         0x080046f7        0x1 
 .rodata.aPredivFactorTable.0
                0x080046f8        0x2 build/debug/stm32f1xx_hal_rcc.o
 *fill*         0x080046fa        0x2 
 .rodata.aPLLMULFactorTable.1
                0x080046fc       0x10 build/debug/stm32f1xx_hal_rcc.o
 .rodata.APBPrescTable
                0x0800470c        0x8 build/debug/system_stm32f1xx.o
                0x0800470c                APBPrescTable
 .rodata.AHBPrescTable
                0x08004714       0x10 build/debug/system_stm32f1xx.o
                0x08004714                AHBPrescTable
 .rodata._svfprintf_r.str1.1
                0x08004724       0x33 c:/Users/kroko/AppData/Roaming/Code/User/globalStorage/bmd.stm32-for-vscode/@xpack-dev-tools/arm-none-eabi-gcc/13.3.1-1.1.1/.content/bin/../lib/gcc/arm-none-eabi/13.3.1/../../../../arm-none-eabi/lib/thumb/v7-m/nofp\libc_nano.a(libc_a-nano-svfprintf.o)
                                 0x11 (size before relaxing)
 .rodata._printf_i.str1.1
                0x08004757       0x22 c:/Users/kroko/AppData/Roaming/Code/User/globalStorage/bmd.stm32-for-vscode/@xpack-dev-tools/arm-none-eabi-gcc/13.3.1-1.1.1/.content/bin/../lib/gcc/arm-none-eabi/13.3.1/../../../../arm-none-eabi/lib/thumb/v7-m/nofp\libc_nano.a(libc_a-nano-vfprintf_i.o)
                0x0800477c                        . = ALIGN (0x4)
 *fill*         0x08004757        0x1 

.rel.dyn        0x08004758        0x0
 .rel.iplt      0x08004758        0x0 c:/Users/kroko/AppData/Roaming/Code/User/globalStorage/bmd.stm32-for-vscode/@xpack-dev-tools/arm-none-eabi-gcc/13.3.1-1.1.1/.content/bin/../lib/gcc/arm-none-eabi/13.3.1/thumb/v7-m/nofp/crtbegin.o

.ARM.extab
 *(.ARM.extab* .gnu.linkonce.armextab.*)

.ARM            0x08004758        0x0
                0x08004758                        __exidx_start = .
 *(.ARM.exidx*)
                0x08004758                        __exidx_end = .

.preinit_array  0x08004758        0x0
                0x08004758                        PROVIDE (__preinit_array_start = .)
 *(.preinit_array*)
                0x08004758                        PROVIDE (__preinit_array_end = .)

.init_array     0x08004758        0x4
                0x08004758                        PROVIDE (__init_array_start = .)
 *(SORT_BY_NAME(.init_array.*))
 *(.init_array*)
 .init_array    0x08004758        0x4 c:/Users/kroko/AppData/Roaming/Code/User/globalStorage/bmd.stm32-for-vscode/@xpack-dev-tools/arm-none-eabi-gcc/13.3.1-1.1.1/.content/bin/../lib/gcc/arm-none-eabi/13.3.1/thumb/v7-m/nofp/crtbegin.o
                0x0800475c                        PROVIDE (__init_array_end = .)

.fini_array     0x0800475c        0x4
                0x0800475c                        PROVIDE (__fini_array_start = .)
 *(SORT_BY_NAME(.fini_array.*))
 *(.fini_array*)
 .fini_array    0x0800475c        0x4 c:/Users/kroko/AppData/Roaming/Code/User/globalStorage/bmd.stm32-for-vscode/@xpack-dev-tools/arm-none-eabi-gcc/13.3.1-1.1.1/.content/bin/../lib/gcc/arm-none-eabi/13.3.1/thumb/v7-m/nofp/crtbegin.o
                0x08004760                        PROVIDE (__fini_array_end = .)
                0x08004760                        _sidata = LOADADDR (.data)

.data           0x20000000       0x64 load address 0x08004760
                0x20000000                        . = ALIGN (0x4)
                0x20000000                        _sdata = .
 *(.data)
 *(.data*)
 .data.Font_11x18
                0x20000000        0x8 build/debug/fonts.o
                0x20000000                Font_11x18
 .data.uwTickFreq
                0x20000008        0x1 build/debug/stm32f1xx_hal.o
                0x20000008                uwTickFreq
 *fill*         0x20000009        0x3 
 .data.uwTickPrio
                0x2000000c        0x4 build/debug/stm32f1xx_hal.o
                0x2000000c                uwTickPrio
 .data.SystemCoreClock
                0x20000010        0x4 build/debug/system_stm32f1xx.o
                0x20000010                SystemCoreClock
 .data._impure_ptr
                0x20000014        0x4 c:/Users/kroko/AppData/Roaming/Code/User/globalStorage/bmd.stm32-for-vscode/@xpack-dev-tools/arm-none-eabi-gcc/13.3.1-1.1.1/.content/bin/../lib/gcc/arm-none-eabi/13.3.1/../../../../arm-none-eabi/lib/thumb/v7-m/nofp\libc_nano.a(libc_a-impure.o)
                0x20000014                _impure_ptr
 .data._impure_data
                0x20000018       0x4c c:/Users/kroko/AppData/Roaming/Code/User/globalStorage/bmd.stm32-for-vscode/@xpack-dev-tools/arm-none-eabi-gcc/13.3.1-1.1.1/.content/bin/../lib/gcc/arm-none-eabi/13.3.1/../../../../arm-none-eabi/lib/thumb/v7-m/nofp\libc_nano.a(libc_a-impure.o)
                0x20000018                _impure_data
                0x20000064                        . = ALIGN (0x4)
                0x20000064                        _edata = .

.igot.plt       0x20000064        0x0 load address 0x080047c4
 .igot.plt      0x20000064        0x0 c:/Users/kroko/AppData/Roaming/Code/User/globalStorage/bmd.stm32-for-vscode/@xpack-dev-tools/arm-none-eabi-gcc/13.3.1-1.1.1/.content/bin/../lib/gcc/arm-none-eabi/13.3.1/thumb/v7-m/nofp/crtbegin.o
                0x20000064                        . = ALIGN (0x4)

.bss            0x20000064      0x6e8 load address 0x080047c4
                0x20000064                        _sbss = .
                0x20000064                        __bss_start__ = _sbss
 *(.bss)
 *(.bss*)
 .bss.completed.1
                0x20000064        0x1 c:/Users/kroko/AppData/Roaming/Code/User/globalStorage/bmd.stm32-for-vscode/@xpack-dev-tools/arm-none-eabi-gcc/13.3.1-1.1.1/.content/bin/../lib/gcc/arm-none-eabi/13.3.1/thumb/v7-m/nofp/crtbegin.o
 *fill*         0x20000065        0x3 
 .bss.object.0  0x20000068       0x18 c:/Users/kroko/AppData/Roaming/Code/User/globalStorage/bmd.stm32-for-vscode/@xpack-dev-tools/arm-none-eabi-gcc/13.3.1-1.1.1/.content/bin/../lib/gcc/arm-none-eabi/13.3.1/thumb/v7-m/nofp/crtbegin.o
 .bss.gase_zero_pos
                0x20000080        0x1 build/debug/main.o
                0x20000080                gase_zero_pos
 *fill*         0x20000081        0x3 
 .bss.last_comm
                0x20000084        0x4 build/debug/main.o
                0x20000084                last_comm
 .bss.comm_tmr  0x20000088        0x4 build/debug/main.o
                0x20000088                comm_tmr
 .bss.disp_tmr  0x2000008c        0x4 build/debug/main.o
                0x2000008c                disp_tmr
 .bss.halls     0x20000090        0x3 build/debug/main.o
                0x20000090                halls
 *fill*         0x20000093        0x1 
 .bss.value_adc
                0x20000094        0x4 build/debug/main.o
                0x20000094                value_adc
 .bss.duty      0x20000098        0x1 build/debug/main.o
                0x20000098                duty
 *fill*         0x20000099        0x3 
 .bss.htim2     0x2000009c       0x48 build/debug/main.o
                0x2000009c                htim2
 .bss.htim1     0x200000e4       0x48 build/debug/main.o
                0x200000e4                htim1
 .bss.hi2c1     0x2000012c       0x54 build/debug/main.o
                0x2000012c                hi2c1
 .bss.hdma_adc1
                0x20000180       0x44 build/debug/main.o
                0x20000180                hdma_adc1
 .bss.hadc1     0x200001c4       0x30 build/debug/main.o
                0x200001c4                hadc1
 .bss.SSD1306   0x200001f4        0x6 build/debug/ssd1306.o
 *fill*         0x200001fa        0x2 
 .bss.SSD1306_Buffer
                0x200001fc      0x400 build/debug/ssd1306.o
 .bss.uwTick    0x200005fc        0x4 build/debug/stm32f1xx_hal.o
                0x200005fc                uwTick
 .bss.__sbrk_heap_end
                0x20000600        0x4 build/debug/sysmem.o
 .bss.__sf      0x20000604      0x138 c:/Users/kroko/AppData/Roaming/Code/User/globalStorage/bmd.stm32-for-vscode/@xpack-dev-tools/arm-none-eabi-gcc/13.3.1-1.1.1/.content/bin/../lib/gcc/arm-none-eabi/13.3.1/../../../../arm-none-eabi/lib/thumb/v7-m/nofp\libc_nano.a(libc_a-findfp.o)
                0x20000604                __sf
 .bss.errno     0x2000073c        0x4 c:/Users/kroko/AppData/Roaming/Code/User/globalStorage/bmd.stm32-for-vscode/@xpack-dev-tools/arm-none-eabi-gcc/13.3.1-1.1.1/.content/bin/../lib/gcc/arm-none-eabi/13.3.1/../../../../arm-none-eabi/lib/thumb/v7-m/nofp\libc_nano.a(libc_a-reent.o)
                0x2000073c                errno
 .bss.__lock___malloc_recursive_mutex
                0x20000740        0x1 c:/Users/kroko/AppData/Roaming/Code/User/globalStorage/bmd.stm32-for-vscode/@xpack-dev-tools/arm-none-eabi-gcc/13.3.1-1.1.1/.content/bin/../lib/gcc/arm-none-eabi/13.3.1/../../../../arm-none-eabi/lib/thumb/v7-m/nofp\libc_nano.a(libc_a-lock.o)
                0x20000740                __lock___malloc_recursive_mutex
 *fill*         0x20000741        0x3 
 .bss.__malloc_sbrk_start
                0x20000744        0x4 c:/Users/kroko/AppData/Roaming/Code/User/globalStorage/bmd.stm32-for-vscode/@xpack-dev-tools/arm-none-eabi-gcc/13.3.1-1.1.1/.content/bin/../lib/gcc/arm-none-eabi/13.3.1/../../../../arm-none-eabi/lib/thumb/v7-m/nofp\libc_nano.a(libc_a-mallocr.o)
                0x20000744                __malloc_sbrk_start
 .bss.__malloc_free_list
                0x20000748        0x4 c:/Users/kroko/AppData/Roaming/Code/User/globalStorage/bmd.stm32-for-vscode/@xpack-dev-tools/arm-none-eabi-gcc/13.3.1-1.1.1/.content/bin/../lib/gcc/arm-none-eabi/13.3.1/../../../../arm-none-eabi/lib/thumb/v7-m/nofp\libc_nano.a(libc_a-mallocr.o)
                0x20000748                __malloc_free_list
 *(COMMON)
                0x2000074c                        . = ALIGN (0x4)
                0x2000074c                        _ebss = .
                0x2000074c                        __bss_end__ = _ebss

._user_heap_stack
                0x2000074c      0x604 load address 0x080047c4
                0x20000750                        . = ALIGN (0x8)
 *fill*         0x2000074c        0x4 
                [!provide]                        PROVIDE (end = .)
                0x20000750                        PROVIDE (_end = .)
                0x20000950                        . = (. + _Min_Heap_Size)
 *fill*         0x20000750      0x200 
                0x20000d50                        . = (. + _Min_Stack_Size)
 *fill*         0x20000950      0x400 
                0x20000d50                        . = ALIGN (0x8)

/DISCARD/
 libc.a(*)
 libm.a(*)
 libgcc.a(*)
OUTPUT(build/debug/motorControl.elf elf32-littlearm)
LOAD linker stubs
LOAD c:/Users/kroko/AppData/Roaming/Code/User/globalStorage/bmd.stm32-for-vscode/@xpack-dev-tools/arm-none-eabi-gcc/13.3.1-1.1.1/.content/bin/../lib/gcc/arm-none-eabi/13.3.1/../../../../arm-none-eabi/lib/thumb/v7-m/nofp\libc.a
LOAD c:/Users/kroko/AppData/Roaming/Code/User/globalStorage/bmd.stm32-for-vscode/@xpack-dev-tools/arm-none-eabi-gcc/13.3.1-1.1.1/.content/bin/../lib/gcc/arm-none-eabi/13.3.1/../../../../arm-none-eabi/lib/thumb/v7-m/nofp\libm.a
LOAD c:/Users/kroko/AppData/Roaming/Code/User/globalStorage/bmd.stm32-for-vscode/@xpack-dev-tools/arm-none-eabi-gcc/13.3.1-1.1.1/.content/bin/../lib/gcc/arm-none-eabi/13.3.1/thumb/v7-m/nofp\libgcc.a

.ARM.attributes
                0x00000000       0x29
 .ARM.attributes
                0x00000000       0x1d c:/Users/kroko/AppData/Roaming/Code/User/globalStorage/bmd.stm32-for-vscode/@xpack-dev-tools/arm-none-eabi-gcc/13.3.1-1.1.1/.content/bin/../lib/gcc/arm-none-eabi/13.3.1/thumb/v7-m/nofp/crti.o
 .ARM.attributes
                0x0000001d       0x2d c:/Users/kroko/AppData/Roaming/Code/User/globalStorage/bmd.stm32-for-vscode/@xpack-dev-tools/arm-none-eabi-gcc/13.3.1-1.1.1/.content/bin/../lib/gcc/arm-none-eabi/13.3.1/thumb/v7-m/nofp/crtbegin.o
 .ARM.attributes
                0x0000004a       0x2d build/debug/fonts.o
 .ARM.attributes
                0x00000077       0x2d build/debug/main.o
 .ARM.attributes
                0x000000a4       0x2d build/debug/ssd1306.o
 .ARM.attributes
                0x000000d1       0x2d build/debug/stm32f1xx_hal.o
 .ARM.attributes
                0x000000fe       0x2d build/debug/stm32f1xx_hal_adc.o
 .ARM.attributes
                0x0000012b       0x2d build/debug/stm32f1xx_hal_cortex.o
 .ARM.attributes
                0x00000158       0x2d build/debug/stm32f1xx_hal_dma.o
 .ARM.attributes
                0x00000185       0x2d build/debug/stm32f1xx_hal_gpio.o
 .ARM.attributes
                0x000001b2       0x2d build/debug/stm32f1xx_hal_i2c.o
 .ARM.attributes
                0x000001df       0x2d build/debug/stm32f1xx_hal_msp.o
 .ARM.attributes
                0x0000020c       0x2d build/debug/stm32f1xx_hal_rcc.o
 .ARM.attributes
                0x00000239       0x2d build/debug/stm32f1xx_hal_rcc_ex.o
 .ARM.attributes
                0x00000266       0x2d build/debug/stm32f1xx_hal_tim.o
 .ARM.attributes
                0x00000293       0x2d build/debug/stm32f1xx_hal_tim_ex.o
 .ARM.attributes
                0x000002c0       0x2d build/debug/stm32f1xx_it.o
 .ARM.attributes
                0x000002ed       0x2d build/debug/sysmem.o
 .ARM.attributes
                0x0000031a       0x2d build/debug/system_stm32f1xx.o
 .ARM.attributes
                0x00000347       0x21 build/debug/startup_stm32f103xb.o
 .ARM.attributes
                0x00000368       0x2d c:/Users/kroko/AppData/Roaming/Code/User/globalStorage/bmd.stm32-for-vscode/@xpack-dev-tools/arm-none-eabi-gcc/13.3.1-1.1.1/.content/bin/../lib/gcc/arm-none-eabi/13.3.1/../../../../arm-none-eabi/lib/thumb/v7-m/nofp\libc_nano.a(libc_a-findfp.o)
 .ARM.attributes
                0x00000395       0x2d c:/Users/kroko/AppData/Roaming/Code/User/globalStorage/bmd.stm32-for-vscode/@xpack-dev-tools/arm-none-eabi-gcc/13.3.1-1.1.1/.content/bin/../lib/gcc/arm-none-eabi/13.3.1/../../../../arm-none-eabi/lib/thumb/v7-m/nofp\libc_nano.a(libc_a-sprintf.o)
 .ARM.attributes
                0x000003c2       0x2d c:/Users/kroko/AppData/Roaming/Code/User/globalStorage/bmd.stm32-for-vscode/@xpack-dev-tools/arm-none-eabi-gcc/13.3.1-1.1.1/.content/bin/../lib/gcc/arm-none-eabi/13.3.1/../../../../arm-none-eabi/lib/thumb/v7-m/nofp\libc_nano.a(libc_a-memset.o)
 .ARM.attributes
                0x000003ef       0x2d c:/Users/kroko/AppData/Roaming/Code/User/globalStorage/bmd.stm32-for-vscode/@xpack-dev-tools/arm-none-eabi-gcc/13.3.1-1.1.1/.content/bin/../lib/gcc/arm-none-eabi/13.3.1/../../../../arm-none-eabi/lib/thumb/v7-m/nofp\libc_nano.a(libc_a-reent.o)
 .ARM.attributes
                0x0000041c       0x2d c:/Users/kroko/AppData/Roaming/Code/User/globalStorage/bmd.stm32-for-vscode/@xpack-dev-tools/arm-none-eabi-gcc/13.3.1-1.1.1/.content/bin/../lib/gcc/arm-none-eabi/13.3.1/../../../../arm-none-eabi/lib/thumb/v7-m/nofp\libc_nano.a(libc_a-impure.o)
 .ARM.attributes
                0x00000449       0x2d c:/Users/kroko/AppData/Roaming/Code/User/globalStorage/bmd.stm32-for-vscode/@xpack-dev-tools/arm-none-eabi-gcc/13.3.1-1.1.1/.content/bin/../lib/gcc/arm-none-eabi/13.3.1/../../../../arm-none-eabi/lib/thumb/v7-m/nofp\libc_nano.a(libc_a-errno.o)
 .ARM.attributes
                0x00000476       0x2d c:/Users/kroko/AppData/Roaming/Code/User/globalStorage/bmd.stm32-for-vscode/@xpack-dev-tools/arm-none-eabi-gcc/13.3.1-1.1.1/.content/bin/../lib/gcc/arm-none-eabi/13.3.1/../../../../arm-none-eabi/lib/thumb/v7-m/nofp\libc_nano.a(libc_a-init.o)
 .ARM.attributes
                0x000004a3       0x2d c:/Users/kroko/AppData/Roaming/Code/User/globalStorage/bmd.stm32-for-vscode/@xpack-dev-tools/arm-none-eabi-gcc/13.3.1-1.1.1/.content/bin/../lib/gcc/arm-none-eabi/13.3.1/../../../../arm-none-eabi/lib/thumb/v7-m/nofp\libc_nano.a(libc_a-lock.o)
 .ARM.attributes
                0x000004d0       0x2d c:/Users/kroko/AppData/Roaming/Code/User/globalStorage/bmd.stm32-for-vscode/@xpack-dev-tools/arm-none-eabi-gcc/13.3.1-1.1.1/.content/bin/../lib/gcc/arm-none-eabi/13.3.1/../../../../arm-none-eabi/lib/thumb/v7-m/nofp\libc_nano.a(libc_a-freer.o)
 .ARM.attributes
                0x000004fd       0x2d c:/Users/kroko/AppData/Roaming/Code/User/globalStorage/bmd.stm32-for-vscode/@xpack-dev-tools/arm-none-eabi-gcc/13.3.1-1.1.1/.content/bin/../lib/gcc/arm-none-eabi/13.3.1/../../../../arm-none-eabi/lib/thumb/v7-m/nofp\libc_nano.a(libc_a-mallocr.o)
 .ARM.attributes
                0x0000052a       0x2d c:/Users/kroko/AppData/Roaming/Code/User/globalStorage/bmd.stm32-for-vscode/@xpack-dev-tools/arm-none-eabi-gcc/13.3.1-1.1.1/.content/bin/../lib/gcc/arm-none-eabi/13.3.1/../../../../arm-none-eabi/lib/thumb/v7-m/nofp\libc_nano.a(libc_a-mlock.o)
 .ARM.attributes
                0x00000557       0x2d c:/Users/kroko/AppData/Roaming/Code/User/globalStorage/bmd.stm32-for-vscode/@xpack-dev-tools/arm-none-eabi-gcc/13.3.1-1.1.1/.content/bin/../lib/gcc/arm-none-eabi/13.3.1/../../../../arm-none-eabi/lib/thumb/v7-m/nofp\libc_nano.a(libc_a-nano-svfprintf.o)
 .ARM.attributes
                0x00000584       0x2d c:/Users/kroko/AppData/Roaming/Code/User/globalStorage/bmd.stm32-for-vscode/@xpack-dev-tools/arm-none-eabi-gcc/13.3.1-1.1.1/.content/bin/../lib/gcc/arm-none-eabi/13.3.1/../../../../arm-none-eabi/lib/thumb/v7-m/nofp\libc_nano.a(libc_a-nano-vfprintf_i.o)
 .ARM.attributes
                0x000005b1       0x2d c:/Users/kroko/AppData/Roaming/Code/User/globalStorage/bmd.stm32-for-vscode/@xpack-dev-tools/arm-none-eabi-gcc/13.3.1-1.1.1/.content/bin/../lib/gcc/arm-none-eabi/13.3.1/../../../../arm-none-eabi/lib/thumb/v7-m/nofp\libc_nano.a(libc_a-memmove.o)
 .ARM.attributes
                0x000005de       0x2d c:/Users/kroko/AppData/Roaming/Code/User/globalStorage/bmd.stm32-for-vscode/@xpack-dev-tools/arm-none-eabi-gcc/13.3.1-1.1.1/.content/bin/../lib/gcc/arm-none-eabi/13.3.1/../../../../arm-none-eabi/lib/thumb/v7-m/nofp\libc_nano.a(libc_a-sbrkr.o)
 .ARM.attributes
                0x0000060b       0x2d c:/Users/kroko/AppData/Roaming/Code/User/globalStorage/bmd.stm32-for-vscode/@xpack-dev-tools/arm-none-eabi-gcc/13.3.1-1.1.1/.content/bin/../lib/gcc/arm-none-eabi/13.3.1/../../../../arm-none-eabi/lib/thumb/v7-m/nofp\libc_nano.a(libc_a-memchr-stub.o)
 .ARM.attributes
                0x00000638       0x2d c:/Users/kroko/AppData/Roaming/Code/User/globalStorage/bmd.stm32-for-vscode/@xpack-dev-tools/arm-none-eabi-gcc/13.3.1-1.1.1/.content/bin/../lib/gcc/arm-none-eabi/13.3.1/../../../../arm-none-eabi/lib/thumb/v7-m/nofp\libc_nano.a(libc_a-memcpy-stub.o)
 .ARM.attributes
                0x00000665       0x2d c:/Users/kroko/AppData/Roaming/Code/User/globalStorage/bmd.stm32-for-vscode/@xpack-dev-tools/arm-none-eabi-gcc/13.3.1-1.1.1/.content/bin/../lib/gcc/arm-none-eabi/13.3.1/../../../../arm-none-eabi/lib/thumb/v7-m/nofp\libc_nano.a(libc_a-reallocr.o)
 .ARM.attributes
                0x00000692       0x2d c:/Users/kroko/AppData/Roaming/Code/User/globalStorage/bmd.stm32-for-vscode/@xpack-dev-tools/arm-none-eabi-gcc/13.3.1-1.1.1/.content/bin/../lib/gcc/arm-none-eabi/13.3.1/../../../../arm-none-eabi/lib/thumb/v7-m/nofp\libc_nano.a(libc_a-msizer.o)
 .ARM.attributes
                0x000006bf       0x1d c:/Users/kroko/AppData/Roaming/Code/User/globalStorage/bmd.stm32-for-vscode/@xpack-dev-tools/arm-none-eabi-gcc/13.3.1-1.1.1/.content/bin/../lib/gcc/arm-none-eabi/13.3.1/thumb/v7-m/nofp/crtn.o

.comment        0x00000000       0x39
 .comment       0x00000000       0x39 c:/Users/kroko/AppData/Roaming/Code/User/globalStorage/bmd.stm32-for-vscode/@xpack-dev-tools/arm-none-eabi-gcc/13.3.1-1.1.1/.content/bin/../lib/gcc/arm-none-eabi/13.3.1/thumb/v7-m/nofp/crtbegin.o
                                 0x3a (size before relaxing)
 .comment       0x00000039       0x3a build/debug/fonts.o
 .comment       0x00000039       0x3a build/debug/main.o
 .comment       0x00000039       0x3a build/debug/ssd1306.o
 .comment       0x00000039       0x3a build/debug/stm32f1xx_hal.o
 .comment       0x00000039       0x3a build/debug/stm32f1xx_hal_adc.o
 .comment       0x00000039       0x3a build/debug/stm32f1xx_hal_cortex.o
 .comment       0x00000039       0x3a build/debug/stm32f1xx_hal_dma.o
 .comment       0x00000039       0x3a build/debug/stm32f1xx_hal_gpio.o
 .comment       0x00000039       0x3a build/debug/stm32f1xx_hal_i2c.o
 .comment       0x00000039       0x3a build/debug/stm32f1xx_hal_msp.o
 .comment       0x00000039       0x3a build/debug/stm32f1xx_hal_rcc.o
 .comment       0x00000039       0x3a build/debug/stm32f1xx_hal_rcc_ex.o
 .comment       0x00000039       0x3a build/debug/stm32f1xx_hal_tim.o
 .comment       0x00000039       0x3a build/debug/stm32f1xx_hal_tim_ex.o
 .comment       0x00000039       0x3a build/debug/stm32f1xx_it.o
 .comment       0x00000039       0x3a build/debug/sysmem.o
 .comment       0x00000039       0x3a build/debug/system_stm32f1xx.o
 .comment       0x00000039       0x3a c:/Users/kroko/AppData/Roaming/Code/User/globalStorage/bmd.stm32-for-vscode/@xpack-dev-tools/arm-none-eabi-gcc/13.3.1-1.1.1/.content/bin/../lib/gcc/arm-none-eabi/13.3.1/../../../../arm-none-eabi/lib/thumb/v7-m/nofp\libc_nano.a(libc_a-findfp.o)
 .comment       0x00000039       0x3a c:/Users/kroko/AppData/Roaming/Code/User/globalStorage/bmd.stm32-for-vscode/@xpack-dev-tools/arm-none-eabi-gcc/13.3.1-1.1.1/.content/bin/../lib/gcc/arm-none-eabi/13.3.1/../../../../arm-none-eabi/lib/thumb/v7-m/nofp\libc_nano.a(libc_a-sprintf.o)
 .comment       0x00000039       0x3a c:/Users/kroko/AppData/Roaming/Code/User/globalStorage/bmd.stm32-for-vscode/@xpack-dev-tools/arm-none-eabi-gcc/13.3.1-1.1.1/.content/bin/../lib/gcc/arm-none-eabi/13.3.1/../../../../arm-none-eabi/lib/thumb/v7-m/nofp\libc_nano.a(libc_a-memset.o)
 .comment       0x00000039       0x3a c:/Users/kroko/AppData/Roaming/Code/User/globalStorage/bmd.stm32-for-vscode/@xpack-dev-tools/arm-none-eabi-gcc/13.3.1-1.1.1/.content/bin/../lib/gcc/arm-none-eabi/13.3.1/../../../../arm-none-eabi/lib/thumb/v7-m/nofp\libc_nano.a(libc_a-reent.o)
 .comment       0x00000039       0x3a c:/Users/kroko/AppData/Roaming/Code/User/globalStorage/bmd.stm32-for-vscode/@xpack-dev-tools/arm-none-eabi-gcc/13.3.1-1.1.1/.content/bin/../lib/gcc/arm-none-eabi/13.3.1/../../../../arm-none-eabi/lib/thumb/v7-m/nofp\libc_nano.a(libc_a-impure.o)
 .comment       0x00000039       0x3a c:/Users/kroko/AppData/Roaming/Code/User/globalStorage/bmd.stm32-for-vscode/@xpack-dev-tools/arm-none-eabi-gcc/13.3.1-1.1.1/.content/bin/../lib/gcc/arm-none-eabi/13.3.1/../../../../arm-none-eabi/lib/thumb/v7-m/nofp\libc_nano.a(libc_a-errno.o)
 .comment       0x00000039       0x3a c:/Users/kroko/AppData/Roaming/Code/User/globalStorage/bmd.stm32-for-vscode/@xpack-dev-tools/arm-none-eabi-gcc/13.3.1-1.1.1/.content/bin/../lib/gcc/arm-none-eabi/13.3.1/../../../../arm-none-eabi/lib/thumb/v7-m/nofp\libc_nano.a(libc_a-init.o)
 .comment       0x00000039       0x3a c:/Users/kroko/AppData/Roaming/Code/User/globalStorage/bmd.stm32-for-vscode/@xpack-dev-tools/arm-none-eabi-gcc/13.3.1-1.1.1/.content/bin/../lib/gcc/arm-none-eabi/13.3.1/../../../../arm-none-eabi/lib/thumb/v7-m/nofp\libc_nano.a(libc_a-lock.o)
 .comment       0x00000039       0x3a c:/Users/kroko/AppData/Roaming/Code/User/globalStorage/bmd.stm32-for-vscode/@xpack-dev-tools/arm-none-eabi-gcc/13.3.1-1.1.1/.content/bin/../lib/gcc/arm-none-eabi/13.3.1/../../../../arm-none-eabi/lib/thumb/v7-m/nofp\libc_nano.a(libc_a-freer.o)
 .comment       0x00000039       0x3a c:/Users/kroko/AppData/Roaming/Code/User/globalStorage/bmd.stm32-for-vscode/@xpack-dev-tools/arm-none-eabi-gcc/13.3.1-1.1.1/.content/bin/../lib/gcc/arm-none-eabi/13.3.1/../../../../arm-none-eabi/lib/thumb/v7-m/nofp\libc_nano.a(libc_a-mallocr.o)
 .comment       0x00000039       0x3a c:/Users/kroko/AppData/Roaming/Code/User/globalStorage/bmd.stm32-for-vscode/@xpack-dev-tools/arm-none-eabi-gcc/13.3.1-1.1.1/.content/bin/../lib/gcc/arm-none-eabi/13.3.1/../../../../arm-none-eabi/lib/thumb/v7-m/nofp\libc_nano.a(libc_a-mlock.o)
 .comment       0x00000039       0x3a c:/Users/kroko/AppData/Roaming/Code/User/globalStorage/bmd.stm32-for-vscode/@xpack-dev-tools/arm-none-eabi-gcc/13.3.1-1.1.1/.content/bin/../lib/gcc/arm-none-eabi/13.3.1/../../../../arm-none-eabi/lib/thumb/v7-m/nofp\libc_nano.a(libc_a-nano-svfprintf.o)
 .comment       0x00000039       0x3a c:/Users/kroko/AppData/Roaming/Code/User/globalStorage/bmd.stm32-for-vscode/@xpack-dev-tools/arm-none-eabi-gcc/13.3.1-1.1.1/.content/bin/../lib/gcc/arm-none-eabi/13.3.1/../../../../arm-none-eabi/lib/thumb/v7-m/nofp\libc_nano.a(libc_a-nano-vfprintf_i.o)
 .comment       0x00000039       0x3a c:/Users/kroko/AppData/Roaming/Code/User/globalStorage/bmd.stm32-for-vscode/@xpack-dev-tools/arm-none-eabi-gcc/13.3.1-1.1.1/.content/bin/../lib/gcc/arm-none-eabi/13.3.1/../../../../arm-none-eabi/lib/thumb/v7-m/nofp\libc_nano.a(libc_a-memmove.o)
 .comment       0x00000039       0x3a c:/Users/kroko/AppData/Roaming/Code/User/globalStorage/bmd.stm32-for-vscode/@xpack-dev-tools/arm-none-eabi-gcc/13.3.1-1.1.1/.content/bin/../lib/gcc/arm-none-eabi/13.3.1/../../../../arm-none-eabi/lib/thumb/v7-m/nofp\libc_nano.a(libc_a-sbrkr.o)
 .comment       0x00000039       0x3a c:/Users/kroko/AppData/Roaming/Code/User/globalStorage/bmd.stm32-for-vscode/@xpack-dev-tools/arm-none-eabi-gcc/13.3.1-1.1.1/.content/bin/../lib/gcc/arm-none-eabi/13.3.1/../../../../arm-none-eabi/lib/thumb/v7-m/nofp\libc_nano.a(libc_a-memchr-stub.o)
 .comment       0x00000039       0x3a c:/Users/kroko/AppData/Roaming/Code/User/globalStorage/bmd.stm32-for-vscode/@xpack-dev-tools/arm-none-eabi-gcc/13.3.1-1.1.1/.content/bin/../lib/gcc/arm-none-eabi/13.3.1/../../../../arm-none-eabi/lib/thumb/v7-m/nofp\libc_nano.a(libc_a-memcpy-stub.o)
 .comment       0x00000039       0x3a c:/Users/kroko/AppData/Roaming/Code/User/globalStorage/bmd.stm32-for-vscode/@xpack-dev-tools/arm-none-eabi-gcc/13.3.1-1.1.1/.content/bin/../lib/gcc/arm-none-eabi/13.3.1/../../../../arm-none-eabi/lib/thumb/v7-m/nofp\libc_nano.a(libc_a-reallocr.o)
 .comment       0x00000039       0x3a c:/Users/kroko/AppData/Roaming/Code/User/globalStorage/bmd.stm32-for-vscode/@xpack-dev-tools/arm-none-eabi-gcc/13.3.1-1.1.1/.content/bin/../lib/gcc/arm-none-eabi/13.3.1/../../../../arm-none-eabi/lib/thumb/v7-m/nofp\libc_nano.a(libc_a-msizer.o)

.debug_info     0x00000000    0x12bcd
 .debug_info    0x00000000      0x270 build/debug/fonts.o
 .debug_info    0x00000270     0x20d8 build/debug/main.o
 .debug_info    0x00002348     0x2165 build/debug/ssd1306.o
 .debug_info    0x000044ad      0x7a2 build/debug/stm32f1xx_hal.o
 .debug_info    0x00004c4f      0xed9 build/debug/stm32f1xx_hal_adc.o
 .debug_info    0x00005b28      0xcd9 build/debug/stm32f1xx_hal_cortex.o
 .debug_info    0x00006801      0x7f2 build/debug/stm32f1xx_hal_dma.o
 .debug_info    0x00006ff3      0x604 build/debug/stm32f1xx_hal_gpio.o
 .debug_info    0x000075f7     0x390b build/debug/stm32f1xx_hal_i2c.o
 .debug_info    0x0000af02     0x1046 build/debug/stm32f1xx_hal_msp.o
 .debug_info    0x0000bf48      0x9c7 build/debug/stm32f1xx_hal_rcc.o
 .debug_info    0x0000c90f      0x420 build/debug/stm32f1xx_hal_rcc_ex.o
 .debug_info    0x0000cd2f     0x3c0f build/debug/stm32f1xx_hal_tim.o
 .debug_info    0x0001093e     0x1aac build/debug/stm32f1xx_hal_tim_ex.o
 .debug_info    0x000123ea      0x415 build/debug/stm32f1xx_it.o
 .debug_info    0x000127ff      0x171 build/debug/sysmem.o
 .debug_info    0x00012970      0x22d build/debug/system_stm32f1xx.o
 .debug_info    0x00012b9d       0x30 build/debug/startup_stm32f103xb.o

.debug_abbrev   0x00000000     0x26a9
 .debug_abbrev  0x00000000      0x132 build/debug/fonts.o
 .debug_abbrev  0x00000132      0x398 build/debug/main.o
 .debug_abbrev  0x000004ca      0x314 build/debug/ssd1306.o
 .debug_abbrev  0x000007de      0x22d build/debug/stm32f1xx_hal.o
 .debug_abbrev  0x00000a0b      0x252 build/debug/stm32f1xx_hal_adc.o
 .debug_abbrev  0x00000c5d      0x36d build/debug/stm32f1xx_hal_cortex.o
 .debug_abbrev  0x00000fca      0x244 build/debug/stm32f1xx_hal_dma.o
 .debug_abbrev  0x0000120e      0x1f7 build/debug/stm32f1xx_hal_gpio.o
 .debug_abbrev  0x00001405      0x2be build/debug/stm32f1xx_hal_i2c.o
 .debug_abbrev  0x000016c3      0x296 build/debug/stm32f1xx_hal_msp.o
 .debug_abbrev  0x00001959      0x2a0 build/debug/stm32f1xx_hal_rcc.o
 .debug_abbrev  0x00001bf9      0x1d8 build/debug/stm32f1xx_hal_rcc_ex.o
 .debug_abbrev  0x00001dd1      0x270 build/debug/stm32f1xx_hal_tim.o
 .debug_abbrev  0x00002041      0x26e build/debug/stm32f1xx_hal_tim_ex.o
 .debug_abbrev  0x000022af      0x1a9 build/debug/stm32f1xx_it.o
 .debug_abbrev  0x00002458       0xea build/debug/sysmem.o
 .debug_abbrev  0x00002542      0x143 build/debug/system_stm32f1xx.o
 .debug_abbrev  0x00002685       0x24 build/debug/startup_stm32f103xb.o

.debug_loclists
                0x00000000     0xac00
 .debug_loclists
                0x00000000       0x51 build/debug/fonts.o
 .debug_loclists
                0x00000051      0x114 build/debug/main.o
 .debug_loclists
                0x00000165      0xe00 build/debug/ssd1306.o
 .debug_loclists
                0x00000f65       0xe1 build/debug/stm32f1xx_hal.o
 .debug_loclists
                0x00001046      0x7c5 build/debug/stm32f1xx_hal_adc.o
 .debug_loclists
                0x0000180b      0x530 build/debug/stm32f1xx_hal_cortex.o
 .debug_loclists
                0x00001d3b      0x562 build/debug/stm32f1xx_hal_dma.o
 .debug_loclists
                0x0000229d      0x318 build/debug/stm32f1xx_hal_gpio.o
 .debug_loclists
                0x000025b5     0x31ca build/debug/stm32f1xx_hal_i2c.o
 .debug_loclists
                0x0000577f       0xec build/debug/stm32f1xx_hal_msp.o
 .debug_loclists
                0x0000586b      0x42e build/debug/stm32f1xx_hal_rcc.o
 .debug_loclists
                0x00005c99      0x2eb build/debug/stm32f1xx_hal_rcc_ex.o
 .debug_loclists
                0x00005f84     0x37db build/debug/stm32f1xx_hal_tim.o
 .debug_loclists
                0x0000975f     0x1398 build/debug/stm32f1xx_hal_tim_ex.o
 .debug_loclists
                0x0000aaf7       0x52 build/debug/sysmem.o
 .debug_loclists
                0x0000ab49       0xb7 build/debug/system_stm32f1xx.o

.debug_aranges  0x00000000      0xed8
 .debug_aranges
                0x00000000       0x20 build/debug/fonts.o
 .debug_aranges
                0x00000020       0x78 build/debug/main.o
 .debug_aranges
                0x00000098       0xf8 build/debug/ssd1306.o
 .debug_aranges
                0x00000190       0xe0 build/debug/stm32f1xx_hal.o
 .debug_aranges
                0x00000270       0xf0 build/debug/stm32f1xx_hal_adc.o
 .debug_aranges
                0x00000360       0xc0 build/debug/stm32f1xx_hal_cortex.o
 .debug_aranges
                0x00000420       0x80 build/debug/stm32f1xx_hal_dma.o
 .debug_aranges
                0x000004a0       0x58 build/debug/stm32f1xx_hal_gpio.o
 .debug_aranges
                0x000004f8      0x2a8 build/debug/stm32f1xx_hal_i2c.o
 .debug_aranges
                0x000007a0       0x58 build/debug/stm32f1xx_hal_msp.o
 .debug_aranges
                0x000007f8       0x90 build/debug/stm32f1xx_hal_rcc.o
 .debug_aranges
                0x00000888       0x30 build/debug/stm32f1xx_hal_rcc_ex.o
 .debug_aranges
                0x000008b8      0x3d0 build/debug/stm32f1xx_hal_tim.o
 .debug_aranges
                0x00000c88      0x168 build/debug/stm32f1xx_hal_tim_ex.o
 .debug_aranges
                0x00000df0       0x78 build/debug/stm32f1xx_it.o
 .debug_aranges
                0x00000e68       0x20 build/debug/sysmem.o
 .debug_aranges
                0x00000e88       0x28 build/debug/system_stm32f1xx.o
 .debug_aranges
                0x00000eb0       0x28 build/debug/startup_stm32f103xb.o

.debug_rnglists
                0x00000000      0xb9c
 .debug_rnglists
                0x00000000       0x13 build/debug/fonts.o
 .debug_rnglists
                0x00000013       0x5b build/debug/main.o
 .debug_rnglists
                0x0000006e       0xd7 build/debug/ssd1306.o
 .debug_rnglists
                0x00000145       0xa3 build/debug/stm32f1xx_hal.o
 .debug_rnglists
                0x000001e8       0xb8 build/debug/stm32f1xx_hal_adc.o
 .debug_rnglists
                0x000002a0       0x8b build/debug/stm32f1xx_hal_cortex.o
 .debug_rnglists
                0x0000032b       0x5e build/debug/stm32f1xx_hal_dma.o
 .debug_rnglists
                0x00000389       0x3f build/debug/stm32f1xx_hal_gpio.o
 .debug_rnglists
                0x000003c8      0x236 build/debug/stm32f1xx_hal_i2c.o
 .debug_rnglists
                0x000005fe       0x3e build/debug/stm32f1xx_hal_msp.o
 .debug_rnglists
                0x0000063c       0x7d build/debug/stm32f1xx_hal_rcc.o
 .debug_rnglists
                0x000006b9       0x2f build/debug/stm32f1xx_hal_rcc_ex.o
 .debug_rnglists
                0x000006e8      0x2ff build/debug/stm32f1xx_hal_tim.o
 .debug_rnglists
                0x000009e7      0x11a build/debug/stm32f1xx_hal_tim_ex.o
 .debug_rnglists
                0x00000b01       0x55 build/debug/stm32f1xx_it.o
 .debug_rnglists
                0x00000b56       0x13 build/debug/sysmem.o
 .debug_rnglists
                0x00000b69       0x1a build/debug/system_stm32f1xx.o
 .debug_rnglists
                0x00000b83       0x19 build/debug/startup_stm32f103xb.o

.debug_line     0x00000000    0x122fe
 .debug_line    0x00000000      0x33d build/debug/fonts.o
 .debug_line    0x0000033d      0xb75 build/debug/main.o
 .debug_line    0x00000eb2      0xdec build/debug/ssd1306.o
 .debug_line    0x00001c9e      0x5b6 build/debug/stm32f1xx_hal.o
 .debug_line    0x00002254      0xf0c build/debug/stm32f1xx_hal_adc.o
 .debug_line    0x00003160      0x72f build/debug/stm32f1xx_hal_cortex.o
 .debug_line    0x0000388f      0xb77 build/debug/stm32f1xx_hal_dma.o
 .debug_line    0x00004406      0x658 build/debug/stm32f1xx_hal_gpio.o
 .debug_line    0x00004a5e     0x56d0 build/debug/stm32f1xx_hal_i2c.o
 .debug_line    0x0000a12e      0x516 build/debug/stm32f1xx_hal_msp.o
 .debug_line    0x0000a644      0xd32 build/debug/stm32f1xx_hal_rcc.o
 .debug_line    0x0000b376      0x532 build/debug/stm32f1xx_hal_rcc_ex.o
 .debug_line    0x0000b8a8     0x4677 build/debug/stm32f1xx_hal_tim.o
 .debug_line    0x0000ff1f     0x1a74 build/debug/stm32f1xx_hal_tim_ex.o
 .debug_line    0x00011993      0x36e build/debug/stm32f1xx_it.o
 .debug_line    0x00011d01      0x2bc build/debug/sysmem.o
 .debug_line    0x00011fbd      0x2cd build/debug/system_stm32f1xx.o
 .debug_line    0x0001228a       0x74 build/debug/startup_stm32f103xb.o

.debug_str      0x00000000     0x4402
 .debug_str     0x00000000     0x4402 build/debug/fonts.o
                                0x229 (size before relaxing)
 .debug_str     0x00004402     0x152a build/debug/main.o
 .debug_str     0x00004402      0x9b3 build/debug/ssd1306.o
 .debug_str     0x00004402      0x7ff build/debug/stm32f1xx_hal.o
 .debug_str     0x00004402      0x8ab build/debug/stm32f1xx_hal_adc.o
 .debug_str     0x00004402      0x8a4 build/debug/stm32f1xx_hal_cortex.o
 .debug_str     0x00004402      0x5ce build/debug/stm32f1xx_hal_dma.o
 .debug_str     0x00004402      0x3d1 build/debug/stm32f1xx_hal_gpio.o
 .debug_str     0x00004402      0xf96 build/debug/stm32f1xx_hal_i2c.o
 .debug_str     0x00004402      0xbe0 build/debug/stm32f1xx_hal_msp.o
 .debug_str     0x00004402      0x5fc build/debug/stm32f1xx_hal_rcc.o
 .debug_str     0x00004402      0x3a4 build/debug/stm32f1xx_hal_rcc_ex.o
 .debug_str     0x00004402     0x1656 build/debug/stm32f1xx_hal_tim.o
 .debug_str     0x00004402      0xe62 build/debug/stm32f1xx_hal_tim_ex.o
 .debug_str     0x00004402      0x469 build/debug/stm32f1xx_it.o
 .debug_str     0x00004402      0x1e9 build/debug/sysmem.o
 .debug_str     0x00004402      0x225 build/debug/system_stm32f1xx.o
 .debug_str     0x00004402       0x58 build/debug/startup_stm32f103xb.o

.debug_frame    0x00000000     0x2a0c
 .debug_frame   0x00000000       0x2c build/debug/fonts.o
 .debug_frame   0x0000002c      0x160 build/debug/main.o
 .debug_frame   0x0000018c      0x364 build/debug/ssd1306.o
 .debug_frame   0x000004f0      0x1cc build/debug/stm32f1xx_hal.o
 .debug_frame   0x000006bc      0x2c8 build/debug/stm32f1xx_hal_adc.o
 .debug_frame   0x00000984      0x19c build/debug/stm32f1xx_hal_cortex.o
 .debug_frame   0x00000b20      0x144 build/debug/stm32f1xx_hal_dma.o
 .debug_frame   0x00000c64       0xe4 build/debug/stm32f1xx_hal_gpio.o
 .debug_frame   0x00000d48      0x988 build/debug/stm32f1xx_hal_i2c.o
 .debug_frame   0x000016d0       0xe4 build/debug/stm32f1xx_hal_msp.o
 .debug_frame   0x000017b4      0x184 build/debug/stm32f1xx_hal_rcc.o
 .debug_frame   0x00001938       0x5c build/debug/stm32f1xx_hal_rcc_ex.o
 .debug_frame   0x00001994      0xb18 build/debug/stm32f1xx_hal_tim.o
 .debug_frame   0x000024ac      0x418 build/debug/stm32f1xx_hal_tim_ex.o
 .debug_frame   0x000028c4       0xf0 build/debug/stm32f1xx_it.o
 .debug_frame   0x000029b4       0x28 build/debug/sysmem.o
 .debug_frame   0x000029dc       0x30 build/debug/system_stm32f1xx.o

.debug_line_str
                0x00000000       0x3c
 .debug_line_str
                0x00000000       0x3c build/debug/startup_stm32f103xb.o

Cross Reference Table

Symbol                                            File
ADC1_2_IRQHandler                                 build/debug/startup_stm32f103xb.o
ADC_ConversionStop_Disable                        build/debug/stm32f1xx_hal_adc.o
                                                  build/debug/stm32f1xx_hal_adc_ex.o
ADC_DMAConvCplt                                   build/debug/stm32f1xx_hal_adc.o
                                                  build/debug/stm32f1xx_hal_adc_ex.o
ADC_DMAError                                      build/debug/stm32f1xx_hal_adc.o
                                                  build/debug/stm32f1xx_hal_adc_ex.o
ADC_DMAHalfConvCplt                               build/debug/stm32f1xx_hal_adc.o
                                                  build/debug/stm32f1xx_hal_adc_ex.o
ADC_Enable                                        build/debug/stm32f1xx_hal_adc.o
                                                  build/debug/stm32f1xx_hal_adc_ex.o
AHBPrescTable                                     build/debug/system_stm32f1xx.o
                                                  build/debug/stm32f1xx_hal_rcc.o
APBPrescTable                                     build/debug/system_stm32f1xx.o
                                                  build/debug/stm32f1xx_hal_rcc.o
BusFault_Handler                                  build/debug/stm32f1xx_it.o
CAN1_RX1_IRQHandler                               build/debug/startup_stm32f103xb.o
CAN1_SCE_IRQHandler                               build/debug/startup_stm32f103xb.o
DMA1_Channel1_IRQHandler                          build/debug/stm32f1xx_it.o
DMA1_Channel2_IRQHandler                          build/debug/startup_stm32f103xb.o
DMA1_Channel3_IRQHandler                          build/debug/startup_stm32f103xb.o
DMA1_Channel4_IRQHandler                          build/debug/startup_stm32f103xb.o
DMA1_Channel5_IRQHandler                          build/debug/startup_stm32f103xb.o
DMA1_Channel6_IRQHandler                          build/debug/startup_stm32f103xb.o
DMA1_Channel7_IRQHandler                          build/debug/startup_stm32f103xb.o
DebugMon_Handler                                  build/debug/stm32f1xx_it.o
Default_Handler                                   build/debug/startup_stm32f103xb.o
EXTI0_IRQHandler                                  build/debug/startup_stm32f103xb.o
EXTI15_10_IRQHandler                              build/debug/stm32f1xx_it.o
EXTI1_IRQHandler                                  build/debug/startup_stm32f103xb.o
EXTI2_IRQHandler                                  build/debug/startup_stm32f103xb.o
EXTI3_IRQHandler                                  build/debug/startup_stm32f103xb.o
EXTI4_IRQHandler                                  build/debug/startup_stm32f103xb.o
EXTI9_5_IRQHandler                                build/debug/stm32f1xx_it.o
Error_Handler                                     build/debug/main.o
                                                  build/debug/stm32f1xx_hal_msp.o
FLASH_IRQHandler                                  build/debug/startup_stm32f103xb.o
FLASH_PageErase                                   build/debug/stm32f1xx_hal_flash_ex.o
                                                  build/debug/stm32f1xx_hal_flash.o
FLASH_WaitForLastOperation                        build/debug/stm32f1xx_hal_flash.o
                                                  build/debug/stm32f1xx_hal_flash_ex.o
FONTS_GetStringSize                               build/debug/fonts.o
Font11x18                                         build/debug/fonts.o
Font16x26                                         build/debug/fonts.o
Font7x10                                          build/debug/fonts.o
Font_11x18                                        build/debug/fonts.o
                                                  build/debug/main.o
Font_16x26                                        build/debug/fonts.o
Font_7x10                                         build/debug/fonts.o
GetMicroseconds                                   build/debug/main.o
HAL_ADCEx_Calibration_Start                       build/debug/stm32f1xx_hal_adc_ex.o
HAL_ADCEx_InjectedConfigChannel                   build/debug/stm32f1xx_hal_adc_ex.o
HAL_ADCEx_InjectedConvCpltCallback                build/debug/stm32f1xx_hal_adc_ex.o
                                                  build/debug/stm32f1xx_hal_adc.o
HAL_ADCEx_InjectedGetValue                        build/debug/stm32f1xx_hal_adc_ex.o
HAL_ADCEx_InjectedPollForConversion               build/debug/stm32f1xx_hal_adc_ex.o
HAL_ADCEx_InjectedStart                           build/debug/stm32f1xx_hal_adc_ex.o
HAL_ADCEx_InjectedStart_IT                        build/debug/stm32f1xx_hal_adc_ex.o
HAL_ADCEx_InjectedStop                            build/debug/stm32f1xx_hal_adc_ex.o
HAL_ADCEx_InjectedStop_IT                         build/debug/stm32f1xx_hal_adc_ex.o
HAL_ADCEx_MultiModeConfigChannel                  build/debug/stm32f1xx_hal_adc_ex.o
HAL_ADCEx_MultiModeGetValue                       build/debug/stm32f1xx_hal_adc_ex.o
HAL_ADCEx_MultiModeStart_DMA                      build/debug/stm32f1xx_hal_adc_ex.o
HAL_ADCEx_MultiModeStop_DMA                       build/debug/stm32f1xx_hal_adc_ex.o
HAL_ADC_AnalogWDGConfig                           build/debug/stm32f1xx_hal_adc.o
HAL_ADC_ConfigChannel                             build/debug/stm32f1xx_hal_adc.o
                                                  build/debug/main.o
HAL_ADC_ConvCpltCallback                          build/debug/stm32f1xx_hal_adc.o
HAL_ADC_ConvHalfCpltCallback                      build/debug/stm32f1xx_hal_adc.o
HAL_ADC_DeInit                                    build/debug/stm32f1xx_hal_adc.o
HAL_ADC_ErrorCallback                             build/debug/stm32f1xx_hal_adc.o
HAL_ADC_GetError                                  build/debug/stm32f1xx_hal_adc.o
HAL_ADC_GetState                                  build/debug/stm32f1xx_hal_adc.o
HAL_ADC_GetValue                                  build/debug/stm32f1xx_hal_adc.o
HAL_ADC_IRQHandler                                build/debug/stm32f1xx_hal_adc.o
HAL_ADC_Init                                      build/debug/stm32f1xx_hal_adc.o
                                                  build/debug/main.o
HAL_ADC_LevelOutOfWindowCallback                  build/debug/stm32f1xx_hal_adc.o
HAL_ADC_MspDeInit                                 build/debug/stm32f1xx_hal_msp.o
                                                  build/debug/stm32f1xx_hal_adc.o
HAL_ADC_MspInit                                   build/debug/stm32f1xx_hal_msp.o
                                                  build/debug/stm32f1xx_hal_adc.o
HAL_ADC_PollForConversion                         build/debug/stm32f1xx_hal_adc.o
HAL_ADC_PollForEvent                              build/debug/stm32f1xx_hal_adc.o
HAL_ADC_Start                                     build/debug/stm32f1xx_hal_adc.o
                                                  build/debug/main.o
HAL_ADC_Start_DMA                                 build/debug/stm32f1xx_hal_adc.o
                                                  build/debug/main.o
HAL_ADC_Start_IT                                  build/debug/stm32f1xx_hal_adc.o
HAL_ADC_Stop                                      build/debug/stm32f1xx_hal_adc.o
HAL_ADC_Stop_DMA                                  build/debug/stm32f1xx_hal_adc.o
HAL_ADC_Stop_IT                                   build/debug/stm32f1xx_hal_adc.o
HAL_DBGMCU_DisableDBGSleepMode                    build/debug/stm32f1xx_hal.o
HAL_DBGMCU_DisableDBGStandbyMode                  build/debug/stm32f1xx_hal.o
HAL_DBGMCU_DisableDBGStopMode                     build/debug/stm32f1xx_hal.o
HAL_DBGMCU_EnableDBGSleepMode                     build/debug/stm32f1xx_hal.o
HAL_DBGMCU_EnableDBGStandbyMode                   build/debug/stm32f1xx_hal.o
HAL_DBGMCU_EnableDBGStopMode                      build/debug/stm32f1xx_hal.o
HAL_DMA_Abort                                     build/debug/stm32f1xx_hal_dma.o
                                                  build/debug/stm32f1xx_hal_adc_ex.o
                                                  build/debug/stm32f1xx_hal_adc.o
HAL_DMA_Abort_IT                                  build/debug/stm32f1xx_hal_dma.o
                                                  build/debug/stm32f1xx_hal_tim_ex.o
                                                  build/debug/stm32f1xx_hal_tim.o
                                                  build/debug/stm32f1xx_hal_i2c.o
HAL_DMA_DeInit                                    build/debug/stm32f1xx_hal_dma.o
                                                  build/debug/stm32f1xx_hal_msp.o
HAL_DMA_GetError                                  build/debug/stm32f1xx_hal_dma.o
HAL_DMA_GetState                                  build/debug/stm32f1xx_hal_dma.o
                                                  build/debug/stm32f1xx_hal_i2c.o
HAL_DMA_IRQHandler                                build/debug/stm32f1xx_hal_dma.o
                                                  build/debug/stm32f1xx_it.o
HAL_DMA_Init                                      build/debug/stm32f1xx_hal_dma.o
                                                  build/debug/stm32f1xx_hal_msp.o
HAL_DMA_PollForTransfer                           build/debug/stm32f1xx_hal_dma.o
HAL_DMA_RegisterCallback                          build/debug/stm32f1xx_hal_dma.o
HAL_DMA_Start                                     build/debug/stm32f1xx_hal_dma.o
HAL_DMA_Start_IT                                  build/debug/stm32f1xx_hal_dma.o
                                                  build/debug/stm32f1xx_hal_tim_ex.o
                                                  build/debug/stm32f1xx_hal_tim.o
                                                  build/debug/stm32f1xx_hal_i2c.o
                                                  build/debug/stm32f1xx_hal_adc_ex.o
                                                  build/debug/stm32f1xx_hal_adc.o
HAL_DMA_UnRegisterCallback                        build/debug/stm32f1xx_hal_dma.o
HAL_DeInit                                        build/debug/stm32f1xx_hal.o
HAL_Delay                                         build/debug/stm32f1xx_hal.o
                                                  build/debug/main.o
HAL_EXTI_ClearConfigLine                          build/debug/stm32f1xx_hal_exti.o
HAL_EXTI_ClearPending                             build/debug/stm32f1xx_hal_exti.o
HAL_EXTI_GenerateSWI                              build/debug/stm32f1xx_hal_exti.o
HAL_EXTI_GetConfigLine                            build/debug/stm32f1xx_hal_exti.o
HAL_EXTI_GetHandle                                build/debug/stm32f1xx_hal_exti.o
HAL_EXTI_GetPending                               build/debug/stm32f1xx_hal_exti.o
HAL_EXTI_IRQHandler                               build/debug/stm32f1xx_hal_exti.o
HAL_EXTI_RegisterCallback                         build/debug/stm32f1xx_hal_exti.o
HAL_EXTI_SetConfigLine                            build/debug/stm32f1xx_hal_exti.o
HAL_FLASHEx_Erase                                 build/debug/stm32f1xx_hal_flash_ex.o
HAL_FLASHEx_Erase_IT                              build/debug/stm32f1xx_hal_flash_ex.o
HAL_FLASHEx_OBErase                               build/debug/stm32f1xx_hal_flash_ex.o
HAL_FLASHEx_OBGetConfig                           build/debug/stm32f1xx_hal_flash_ex.o
HAL_FLASHEx_OBGetUserData                         build/debug/stm32f1xx_hal_flash_ex.o
HAL_FLASHEx_OBProgram                             build/debug/stm32f1xx_hal_flash_ex.o
HAL_FLASH_EndOfOperationCallback                  build/debug/stm32f1xx_hal_flash.o
HAL_FLASH_GetError                                build/debug/stm32f1xx_hal_flash.o
HAL_FLASH_IRQHandler                              build/debug/stm32f1xx_hal_flash.o
HAL_FLASH_Lock                                    build/debug/stm32f1xx_hal_flash.o
HAL_FLASH_OB_Launch                               build/debug/stm32f1xx_hal_flash.o
HAL_FLASH_OB_Lock                                 build/debug/stm32f1xx_hal_flash.o
HAL_FLASH_OB_Unlock                               build/debug/stm32f1xx_hal_flash.o
HAL_FLASH_OperationErrorCallback                  build/debug/stm32f1xx_hal_flash.o
HAL_FLASH_Program                                 build/debug/stm32f1xx_hal_flash.o
HAL_FLASH_Program_IT                              build/debug/stm32f1xx_hal_flash.o
HAL_FLASH_Unlock                                  build/debug/stm32f1xx_hal_flash.o
HAL_GPIOEx_ConfigEventout                         build/debug/stm32f1xx_hal_gpio_ex.o
HAL_GPIOEx_DisableEventout                        build/debug/stm32f1xx_hal_gpio_ex.o
HAL_GPIOEx_EnableEventout                         build/debug/stm32f1xx_hal_gpio_ex.o
HAL_GPIO_DeInit                                   build/debug/stm32f1xx_hal_gpio.o
                                                  build/debug/stm32f1xx_hal_msp.o
HAL_GPIO_EXTI_Callback                            build/debug/main.o
HAL_GPIO_EXTI_IRQHandler                          build/debug/stm32f1xx_hal_gpio.o
                                                  build/debug/stm32f1xx_it.o
HAL_GPIO_Init                                     build/debug/stm32f1xx_hal_gpio.o
                                                  build/debug/stm32f1xx_hal_rcc.o
                                                  build/debug/stm32f1xx_hal_msp.o
                                                  build/debug/main.o
HAL_GPIO_LockPin                                  build/debug/stm32f1xx_hal_gpio.o
HAL_GPIO_ReadPin                                  build/debug/stm32f1xx_hal_gpio.o
                                                  build/debug/main.o
HAL_GPIO_TogglePin                                build/debug/stm32f1xx_hal_gpio.o
                                                  build/debug/main.o
HAL_GPIO_WritePin                                 build/debug/stm32f1xx_hal_gpio.o
                                                  build/debug/main.o
HAL_GetDEVID                                      build/debug/stm32f1xx_hal.o
HAL_GetHalVersion                                 build/debug/stm32f1xx_hal.o
HAL_GetREVID                                      build/debug/stm32f1xx_hal.o
HAL_GetTick                                       build/debug/stm32f1xx_hal.o
                                                  build/debug/stm32f1xx_hal_rcc_ex.o
                                                  build/debug/stm32f1xx_hal_rcc.o
                                                  build/debug/stm32f1xx_hal_i2c.o
                                                  build/debug/stm32f1xx_hal_flash.o
                                                  build/debug/stm32f1xx_hal_dma.o
                                                  build/debug/stm32f1xx_hal_adc_ex.o
                                                  build/debug/stm32f1xx_hal_adc.o
                                                  build/debug/main.o
HAL_GetTickFreq                                   build/debug/stm32f1xx_hal.o
HAL_GetTickPrio                                   build/debug/stm32f1xx_hal.o
HAL_GetUIDw0                                      build/debug/stm32f1xx_hal.o
HAL_GetUIDw1                                      build/debug/stm32f1xx_hal.o
HAL_GetUIDw2                                      build/debug/stm32f1xx_hal.o
HAL_I2C_AbortCpltCallback                         build/debug/stm32f1xx_hal_i2c.o
HAL_I2C_AddrCallback                              build/debug/stm32f1xx_hal_i2c.o
HAL_I2C_DeInit                                    build/debug/stm32f1xx_hal_i2c.o
HAL_I2C_DisableListen_IT                          build/debug/stm32f1xx_hal_i2c.o
HAL_I2C_ER_IRQHandler                             build/debug/stm32f1xx_hal_i2c.o
HAL_I2C_EV_IRQHandler                             build/debug/stm32f1xx_hal_i2c.o
HAL_I2C_EnableListen_IT                           build/debug/stm32f1xx_hal_i2c.o
HAL_I2C_ErrorCallback                             build/debug/stm32f1xx_hal_i2c.o
HAL_I2C_GetError                                  build/debug/stm32f1xx_hal_i2c.o
HAL_I2C_GetMode                                   build/debug/stm32f1xx_hal_i2c.o
HAL_I2C_GetState                                  build/debug/stm32f1xx_hal_i2c.o
HAL_I2C_Init                                      build/debug/stm32f1xx_hal_i2c.o
                                                  build/debug/main.o
HAL_I2C_IsDeviceReady                             build/debug/stm32f1xx_hal_i2c.o
                                                  build/debug/ssd1306.o
HAL_I2C_ListenCpltCallback                        build/debug/stm32f1xx_hal_i2c.o
HAL_I2C_MasterRxCpltCallback                      build/debug/stm32f1xx_hal_i2c.o
HAL_I2C_MasterTxCpltCallback                      build/debug/stm32f1xx_hal_i2c.o
HAL_I2C_Master_Abort_IT                           build/debug/stm32f1xx_hal_i2c.o
HAL_I2C_Master_Receive                            build/debug/stm32f1xx_hal_i2c.o
HAL_I2C_Master_Receive_DMA                        build/debug/stm32f1xx_hal_i2c.o
HAL_I2C_Master_Receive_IT                         build/debug/stm32f1xx_hal_i2c.o
HAL_I2C_Master_Seq_Receive_DMA                    build/debug/stm32f1xx_hal_i2c.o
HAL_I2C_Master_Seq_Receive_IT                     build/debug/stm32f1xx_hal_i2c.o
HAL_I2C_Master_Seq_Transmit_DMA                   build/debug/stm32f1xx_hal_i2c.o
HAL_I2C_Master_Seq_Transmit_IT                    build/debug/stm32f1xx_hal_i2c.o
HAL_I2C_Master_Transmit                           build/debug/stm32f1xx_hal_i2c.o
                                                  build/debug/ssd1306.o
HAL_I2C_Master_Transmit_DMA                       build/debug/stm32f1xx_hal_i2c.o
HAL_I2C_Master_Transmit_IT                        build/debug/stm32f1xx_hal_i2c.o
HAL_I2C_MemRxCpltCallback                         build/debug/stm32f1xx_hal_i2c.o
HAL_I2C_MemTxCpltCallback                         build/debug/stm32f1xx_hal_i2c.o
HAL_I2C_Mem_Read                                  build/debug/stm32f1xx_hal_i2c.o
HAL_I2C_Mem_Read_DMA                              build/debug/stm32f1xx_hal_i2c.o
HAL_I2C_Mem_Read_IT                               build/debug/stm32f1xx_hal_i2c.o
HAL_I2C_Mem_Write                                 build/debug/stm32f1xx_hal_i2c.o
HAL_I2C_Mem_Write_DMA                             build/debug/stm32f1xx_hal_i2c.o
HAL_I2C_Mem_Write_IT                              build/debug/stm32f1xx_hal_i2c.o
HAL_I2C_MspDeInit                                 build/debug/stm32f1xx_hal_msp.o
                                                  build/debug/stm32f1xx_hal_i2c.o
HAL_I2C_MspInit                                   build/debug/stm32f1xx_hal_msp.o
                                                  build/debug/stm32f1xx_hal_i2c.o
HAL_I2C_SlaveRxCpltCallback                       build/debug/stm32f1xx_hal_i2c.o
HAL_I2C_SlaveTxCpltCallback                       build/debug/stm32f1xx_hal_i2c.o
HAL_I2C_Slave_Receive                             build/debug/stm32f1xx_hal_i2c.o
HAL_I2C_Slave_Receive_DMA                         build/debug/stm32f1xx_hal_i2c.o
HAL_I2C_Slave_Receive_IT                          build/debug/stm32f1xx_hal_i2c.o
HAL_I2C_Slave_Seq_Receive_DMA                     build/debug/stm32f1xx_hal_i2c.o
HAL_I2C_Slave_Seq_Receive_IT                      build/debug/stm32f1xx_hal_i2c.o
HAL_I2C_Slave_Seq_Transmit_DMA                    build/debug/stm32f1xx_hal_i2c.o
HAL_I2C_Slave_Seq_Transmit_IT                     build/debug/stm32f1xx_hal_i2c.o
HAL_I2C_Slave_Transmit                            build/debug/stm32f1xx_hal_i2c.o
HAL_I2C_Slave_Transmit_DMA                        build/debug/stm32f1xx_hal_i2c.o
HAL_I2C_Slave_Transmit_IT                         build/debug/stm32f1xx_hal_i2c.o
HAL_IncTick                                       build/debug/stm32f1xx_hal.o
                                                  build/debug/stm32f1xx_it.o
HAL_Init                                          build/debug/stm32f1xx_hal.o
                                                  build/debug/main.o
HAL_InitTick                                      build/debug/stm32f1xx_hal.o
                                                  build/debug/stm32f1xx_hal_rcc.o
HAL_MspDeInit                                     build/debug/stm32f1xx_hal.o
HAL_MspInit                                       build/debug/stm32f1xx_hal_msp.o
                                                  build/debug/stm32f1xx_hal.o
HAL_NVIC_ClearPendingIRQ                          build/debug/stm32f1xx_hal_cortex.o
HAL_NVIC_DisableIRQ                               build/debug/stm32f1xx_hal_cortex.o
HAL_NVIC_EnableIRQ                                build/debug/stm32f1xx_hal_cortex.o
                                                  build/debug/main.o
HAL_NVIC_GetActive                                build/debug/stm32f1xx_hal_cortex.o
HAL_NVIC_GetPendingIRQ                            build/debug/stm32f1xx_hal_cortex.o
HAL_NVIC_GetPriority                              build/debug/stm32f1xx_hal_cortex.o
HAL_NVIC_GetPriorityGrouping                      build/debug/stm32f1xx_hal_cortex.o
HAL_NVIC_SetPendingIRQ                            build/debug/stm32f1xx_hal_cortex.o
HAL_NVIC_SetPriority                              build/debug/stm32f1xx_hal_cortex.o
                                                  build/debug/stm32f1xx_hal.o
                                                  build/debug/main.o
HAL_NVIC_SetPriorityGrouping                      build/debug/stm32f1xx_hal_cortex.o
                                                  build/debug/stm32f1xx_hal.o
HAL_NVIC_SystemReset                              build/debug/stm32f1xx_hal_cortex.o
                                                  build/debug/stm32f1xx_hal_flash.o
HAL_PWR_ConfigPVD                                 build/debug/stm32f1xx_hal_pwr.o
HAL_PWR_DeInit                                    build/debug/stm32f1xx_hal_pwr.o
HAL_PWR_DisableBkUpAccess                         build/debug/stm32f1xx_hal_pwr.o
HAL_PWR_DisablePVD                                build/debug/stm32f1xx_hal_pwr.o
HAL_PWR_DisableSEVOnPend                          build/debug/stm32f1xx_hal_pwr.o
HAL_PWR_DisableSleepOnExit                        build/debug/stm32f1xx_hal_pwr.o
HAL_PWR_DisableWakeUpPin                          build/debug/stm32f1xx_hal_pwr.o
HAL_PWR_EnableBkUpAccess                          build/debug/stm32f1xx_hal_pwr.o
HAL_PWR_EnablePVD                                 build/debug/stm32f1xx_hal_pwr.o
HAL_PWR_EnableSEVOnPend                           build/debug/stm32f1xx_hal_pwr.o
HAL_PWR_EnableSleepOnExit                         build/debug/stm32f1xx_hal_pwr.o
HAL_PWR_EnableWakeUpPin                           build/debug/stm32f1xx_hal_pwr.o
HAL_PWR_EnterSLEEPMode                            build/debug/stm32f1xx_hal_pwr.o
HAL_PWR_EnterSTANDBYMode                          build/debug/stm32f1xx_hal_pwr.o
HAL_PWR_EnterSTOPMode                             build/debug/stm32f1xx_hal_pwr.o
HAL_PWR_PVDCallback                               build/debug/stm32f1xx_hal_pwr.o
HAL_PWR_PVD_IRQHandler                            build/debug/stm32f1xx_hal_pwr.o
HAL_RCCEx_GetPeriphCLKConfig                      build/debug/stm32f1xx_hal_rcc_ex.o
HAL_RCCEx_GetPeriphCLKFreq                        build/debug/stm32f1xx_hal_rcc_ex.o
                                                  build/debug/stm32f1xx_hal_adc_ex.o
                                                  build/debug/stm32f1xx_hal_adc.o
HAL_RCCEx_PeriphCLKConfig                         build/debug/stm32f1xx_hal_rcc_ex.o
                                                  build/debug/main.o
HAL_RCC_CSSCallback                               build/debug/stm32f1xx_hal_rcc.o
HAL_RCC_ClockConfig                               build/debug/stm32f1xx_hal_rcc.o
                                                  build/debug/main.o
HAL_RCC_DeInit                                    build/debug/stm32f1xx_hal_rcc.o
HAL_RCC_DisableCSS                                build/debug/stm32f1xx_hal_rcc.o
HAL_RCC_EnableCSS                                 build/debug/stm32f1xx_hal_rcc.o
HAL_RCC_GetClockConfig                            build/debug/stm32f1xx_hal_rcc.o
HAL_RCC_GetHCLKFreq                               build/debug/stm32f1xx_hal_rcc.o
HAL_RCC_GetOscConfig                              build/debug/stm32f1xx_hal_rcc.o
HAL_RCC_GetPCLK1Freq                              build/debug/stm32f1xx_hal_rcc.o
                                                  build/debug/stm32f1xx_hal_i2c.o
HAL_RCC_GetPCLK2Freq                              build/debug/stm32f1xx_hal_rcc.o
                                                  build/debug/stm32f1xx_hal_rcc_ex.o
HAL_RCC_GetSysClockFreq                           build/debug/stm32f1xx_hal_rcc.o
HAL_RCC_MCOConfig                                 build/debug/stm32f1xx_hal_rcc.o
HAL_RCC_NMI_IRQHandler                            build/debug/stm32f1xx_hal_rcc.o
HAL_RCC_OscConfig                                 build/debug/stm32f1xx_hal_rcc.o
                                                  build/debug/main.o